68.180.230.246 - - [10/Dec/2016:07:25:24 +0100] "GET /mentions-legales HTTP/1.1" 200 6414 "-" "Mozilla/5.0 (compatible; Yahoo! Slurp; http://help.yahoo.com/help/us/ysearch/slurp)"
68.180.230.246 - - [10/Dec/2016:07:28:10 +0100] "GET /node/252 HTTP/1.1" 200 6414 "-" "Mozilla/5.0 (compatible; Yahoo! Slurp; http://help.yahoo.com/help/us/ysearch/slurp)"
158.69.27.74 - - [10/Dec/2016:07:30:02 +0100] "GET / HTTP/1.1" 301 559 "-" "Mozilla/5.0 (Windows NT 5.2) AppleWebKit/537.36 (KHTML, like Gecko) Chrome/35.0.1916.153 Safari/537.36"
158.69.27.74 - - [10/Dec/2016:07:30:02 +0100] "GET / HTTP/1.1" 200 263187 "-" "Mozilla/5.0 (Windows NT 5.2) AppleWebKit/537.36 (KHTML, like Gecko) Chrome/35.0.1916.153 Safari/537.36"
158.69.27.74 - - [10/Dec/2016:07:30:11 +0100] "GET / HTTP/1.1" 200 263187 "-" "Mozilla/5.0 (Windows NT 5.2) AppleWebKit/537.36 (KHTML, like Gecko) Chrome/35.0.1916.153 Safari/537.36"
157.55.39.217 - - [10/Dec/2016:07:32:32 +0100] "GET /carriere/staff/recruteur-de-talents-0 HTTP/1.1" 404 13477 "-" "Mozilla/5.0 (iPhone; CPU iPhone OS 7_0 like Mac OS X) AppleWebKit/537.51.1 (KHTML, like Gecko) Version/7.0 Mobile/11A465 Safari/9537.53 (compatible; bingbot/2.0; +http://www.bing.com/bingbot.htm)"
157.55.39.217 - - [10/Dec/2016:07:32:33 +0100] "GET /carriere/evolution.php HTTP/1.1" 404 13477 "-" "Mozilla/5.0 (iPhone; CPU iPhone OS 7_0 like Mac OS X) AppleWebKit/537.51.1 (KHTML, like Gecko) Version/7.0 Mobile/11A465 Safari/9537.53 (compatible; bingbot/2.0; +http://www.bing.com/bingbot.htm)"
193.252.118.180 - - [10/Dec/2016:07:36:43 +0100] "GET /carriere/tous-les-projets HTTP/1.1" 200 5577 "-" "Mozilla/5.0 (compatible; OrangeBot/2.0; support.orangebot@orange.com)"
158.69.27.74 - - [10/Dec/2016:07:39:57 +0100] "GET / HTTP/1.1" 301 559 "-" "Mozilla/5.0 (Windows NT 5.2) AppleWebKit/537.36 (KHTML, like Gecko) Chrome/35.0.1916.153 Safari/537.36"
158.69.27.74 - - [10/Dec/2016:07:39:58 +0100] "GET / HTTP/1.1" 200 263187 "-" "Mozilla/5.0 (Windows NT 5.2) AppleWebKit/537.36 (KHTML, like Gecko) Chrome/35.0.1916.153 Safari/537.36"
158.69.27.74 - - [10/Dec/2016:07:40:01 +0100] "GET / HTTP/1.1" 200 263187 "-" "Mozilla/5.0 (Windows NT 5.2) AppleWebKit/537.36 (KHTML, like Gecko) Chrome/35.0.1916.153 Safari/537.36"
49.207.190.76 - - [10/Dec/2016:07:41:26 +0100] "GET /wp-login.php HTTP/1.1" 404 13477 "-" "Mozilla/5.0 (Windows NT 6.1; WOW64; rv:40.0) Gecko/20100101 Firefox/40.1"
49.207.190.76 - - [10/Dec/2016:07:41:26 +0100] "GET / HTTP/1.1" 200 263186 "-" "Mozilla/5.0 (Windows NT 6.1; WOW64; rv:40.0) Gecko/20100101 Firefox/40.1"
185.129.148.190 - - [10/Dec/2016:07:42:44 +0100] "GET /sixieme-sensinfos.php HTTP/1.1" 404 13477 "-" "Mozilla/5.0 (Windows NT 6.1; rv:34.0) Gecko/20100101 Firefox/34.0"
185.129.148.190 - - [10/Dec/2016:07:42:45 +0100] "GET /sixieme-sensimages/xxx.php HTTP/1.1" 404 13477 "-" "Mozilla/5.0 (Windows NT 6.1; rv:34.0) Gecko/20100101 Firefox/34.0"
185.129.148.190 - - [10/Dec/2016:07:42:46 +0100] "GET /sixieme-sensadministrator/includes/readmy.php HTTP/1.1" 404 13477 "-" "Mozilla/5.0 (Windows NT 6.1; rv:34.0) Gecko/20100101 Firefox/34.0"
185.129.148.190 - - [10/Dec/2016:07:42:58 +0100] "GET /sixieme-sensnews.php HTTP/1.1" 404 13477 "-" "Mozilla/5.0 (Windows NT 6.1; rv:34.0) Gecko/20100101 Firefox/34.0"
207.45.249.136 - - [10/Dec/2016:07:43:14 +0100] "GET /themes/custom/capfi/js/vendor/jquery-1.11.3.min.js?v=2.1.4 HTTP/1.1" 304 183 "-" "Mozilla/4.0 (compatible;)"
65.55.210.96 - - [10/Dec/2016:07:44:00 +0100] "GET /themes/custom/capfi/css/main.css HTTP/1.1" 200 20002 "http://www.capfi.fr/groupe" "Mozilla/5.0 (iPhone; CPU iPhone OS 7_0 like Mac OS X) AppleWebKit/537.51.1 (KHTML, like Gecko) Version/7.0 Mobile/11A465 Safari/9537.53 BingPreview/1.0b"
185.129.148.190 - - [10/Dec/2016:07:44:37 +0100] "GET /sixieme-senstmp.php HTTP/1.1" 404 13477 "-" "Mozilla/5.0 (Windows NT 6.1; rv:34.0) Gecko/20100101 Firefox/34.0"
88.147.216.53 - - [10/Dec/2016:07:45:06 +0100] "GET /wp-login.php HTTP/1.1" 404 13477 "-" "Mozilla/5.0 (Windows NT 6.1; WOW64; rv:40.0) Gecko/20100101 Firefox/40.1"
88.147.216.53 - - [10/Dec/2016:07:45:06 +0100] "GET / HTTP/1.1" 200 263186 "-" "Mozilla/5.0 (Windows NT 6.1; WOW64; rv:40.0) Gecko/20100101 Firefox/40.1"
68.180.230.100 - - [10/Dec/2016:07:45:44 +0100] "GET /robots.txt HTTP/1.1" 200 1850 "-" "Mozilla/5.0 (compatible; Yahoo! Slurp; http://help.yahoo.com/help/us/ysearch/slurp)"
68.180.230.100 - - [10/Dec/2016:07:45:44 +0100] "GET /career/software-package-integration/murex-integration-consultant HTTP/1.1" 200 7102 "-" "Mozilla/5.0 (compatible; Yahoo! Slurp; http://help.yahoo.com/help/us/ysearch/slurp)"
185.129.148.190 - - [10/Dec/2016:07:46:51 +0100] "GET /sixieme-senswp-main.php HTTP/1.1" 404 13477 "-" "Mozilla/5.0 (Windows NT 6.1; rv:34.0) Gecko/20100101 Firefox/34.0"
207.45.249.143 - - [10/Dec/2016:07:47:27 +0100] "GET /themes/custom/capfi/images/logos/capfi.png HTTP/1.1" 304 182 "-" "Mozilla/4.0 (compatible;)"
68.180.230.246 - - [10/Dec/2016:07:48:20 +0100] "GET /node/288 HTTP/1.1" 200 7304 "-" "Mozilla/5.0 (compatible; Yahoo! Slurp; http://help.yahoo.com/help/us/ysearch/slurp)"
157.55.39.217 - - [10/Dec/2016:07:48:23 +0100] "GET /cap-fi_la-societe-presentation.html HTTP/1.1" 404 13477 "-" "Mozilla/5.0 (iPhone; CPU iPhone OS 7_0 like Mac OS X) AppleWebKit/537.51.1 (KHTML, like Gecko) Version/7.0 Mobile/11A465 Safari/9537.53 (compatible; bingbot/2.0; +http://www.bing.com/bingbot.htm)"
185.129.148.190 - - [10/Dec/2016:07:48:32 +0100] "GET /sixieme-senswp-content/plugins/wp-cache.php HTTP/1.1" 404 13477 "-" "Mozilla/5.0 (Windows NT 6.1; rv:34.0) Gecko/20100101 Firefox/34.0"
158.69.27.74 - - [10/Dec/2016:07:49:53 +0100] "GET / HTTP/1.1" 301 559 "-" "Mozilla/5.0 (Windows NT 5.2) AppleWebKit/537.36 (KHTML, like Gecko) Chrome/35.0.1916.153 Safari/537.36"
158.69.27.74 - - [10/Dec/2016:07:49:53 +0100] "GET / HTTP/1.1" 200 263187 "-" "Mozilla/5.0 (Windows NT 5.2) AppleWebKit/537.36 (KHTML, like Gecko) Chrome/35.0.1916.153 Safari/537.36"
158.69.27.74 - - [10/Dec/2016:07:50:01 +0100] "GET / HTTP/1.1" 200 263187 "-" "Mozilla/5.0 (Windows NT 5.2) AppleWebKit/537.36 (KHTML, like Gecko) Chrome/35.0.1916.153 Safari/537.36"
185.129.148.190 - - [10/Dec/2016:07:50:53 +0100] "GET /sixieme-sensfunctions.php HTTP/1.1" 404 13477 "-" "Mozilla/5.0 (Windows NT 6.1; rv:34.0) Gecko/20100101 Firefox/34.0"
68.180.230.100 - - [10/Dec/2016:07:51:45 +0100] "GET /career/software-package-integration/themes/custom/capfi/manifest.json HTTP/1.1" 404 13368 "-" "Mozilla/5.0 (compatible; Yahoo! Slurp; http://help.yahoo.com/help/us/ysearch/slurp)"
136.243.92.7 - - [10/Dec/2016:07:51:46 +0100] "HEAD /blog HTTP/1.1" 200 459 "-" "Mozilla/5.0 (compatible; TwitterCrawler)"
185.129.148.190 - - [10/Dec/2016:07:53:27 +0100] "GET /sixieme-senswp-cache.php HTTP/1.1" 404 13477 "-" "Mozilla/5.0 (Windows NT 6.1; rv:34.0) Gecko/20100101 Firefox/34.0"
190.7.136.147 - - [10/Dec/2016:07:53:46 +0100] "GET /admin/config.php HTTP/1.1" 301 2305 "-" "curl/7.15.5 (x86_64-redhat-linux-gnu) libcurl/7.15.5 OpenSSL/0.9.8b zlib/1.2.3 libidn/0.6.5"
185.129.148.190 - - [10/Dec/2016:07:54:15 +0100] "GET /sixieme-sensimages/google-assist.php HTTP/1.1" 404 13477 "-" "Mozilla/5.0 (Windows NT 6.1; rv:34.0) Gecko/20100101 Firefox/34.0"
185.129.148.190 - - [10/Dec/2016:07:55:37 +0100] "GET /sixieme-senswp-content/plugins/myshe.php HTTP/1.1" 404 13477 "-" "Mozilla/5.0 (Windows NT 6.1; rv:34.0) Gecko/20100101 Firefox/34.0"
185.129.148.190 - - [10/Dec/2016:07:57:19 +0100] "GET /sixieme-sensmaill.php HTTP/1.1" 404 13477 "-" "Mozilla/5.0 (Windows NT 6.1; rv:34.0) Gecko/20100101 Firefox/34.0"
185.129.148.190 - - [10/Dec/2016:07:58:09 +0100] "GET /sixieme-sensincludes.php HTTP/1.1" 404 13477 "-" "Mozilla/5.0 (Windows NT 6.1; rv:34.0) Gecko/20100101 Firefox/34.0"
8.29.198.26 - - [10/Dec/2016:07:59:08 +0100] "GET /rss.xml HTTP/1.1" 200 1959 "-" "Feedly/1.0 (+http://www.feedly.com/fetcher.html; like FeedFetcher-Google)"
185.129.148.190 - - [10/Dec/2016:07:59:52 +0100] "GET /sixieme-sensconfigurationbak.php HTTP/1.1" 404 13477 "-" "Mozilla/5.0 (Windows NT 6.1; rv:34.0) Gecko/20100101 Firefox/34.0"
158.69.27.74 - - [10/Dec/2016:08:00:00 +0100] "GET / HTTP/1.1" 301 559 "-" "Mozilla/5.0 (Windows NT 5.2) AppleWebKit/537.36 (KHTML, like Gecko) Chrome/35.0.1916.153 Safari/537.36"
158.69.27.74 - - [10/Dec/2016:08:00:01 +0100] "GET / HTTP/1.1" 200 263187 "-" "Mozilla/5.0 (Windows NT 5.2) AppleWebKit/537.36 (KHTML, like Gecko) Chrome/35.0.1916.153 Safari/537.36"
158.69.27.74 - - [10/Dec/2016:08:00:09 +0100] "GET / HTTP/1.1" 200 263187 "-" "Mozilla/5.0 (Windows NT 5.2) AppleWebKit/537.36 (KHTML, like Gecko) Chrome/35.0.1916.153 Safari/537.36"
138.197.4.67 - - [10/Dec/2016:08:05:55 +0100] "GET / HTTP/1.0" 301 540 "-" "Mozilla/5.0 (compatible; NetcraftSurveyAgent/1.0; +info@netcraft.com)"
83.155.62.100 - - [10/Dec/2016:08:06:02 +0100] "GET / HTTP/1.1" 200 35045 "-" "Mozilla/5.0 (Macintosh; Intel Mac OS X 10_12_1) AppleWebKit/602.2.14 (KHTML, like Gecko) Version/10.0.1 Safari/602.2.14"
83.155.62.100 - - [10/Dec/2016:08:06:03 +0100] "GET /core/themes/stable/css/system/components/clearfix.module.css?oh31p8 HTTP/1.1" 200 556 "http://www.capfi.fr/" "Mozilla/5.0 (Macintosh; Intel Mac OS X 10_12_1) AppleWebKit/602.2.14 (KHTML, like Gecko) Version/10.0.1 Safari/602.2.14"
83.155.62.100 - - [10/Dec/2016:08:06:03 +0100] "GET /core/themes/stable/css/system/components/autocomplete-loading.module.css?oh31p8 HTTP/1.1" 200 587 "http://www.capfi.fr/" "Mozilla/5.0 (Macintosh; Intel Mac OS X 10_12_1) AppleWebKit/602.2.14 (KHTML, like Gecko) Version/10.0.1 Safari/602.2.14"
83.155.62.100 - - [10/Dec/2016:08:06:03 +0100] "GET /core/themes/stable/css/system/components/align.module.css?oh31p8 HTTP/1.1" 200 552 "http://www.capfi.fr/" "Mozilla/5.0 (Macintosh; Intel Mac OS X 10_12_1) AppleWebKit/602.2.14 (KHTML, like Gecko) Version/10.0.1 Safari/602.2.14"
83.155.62.100 - - [10/Dec/2016:08:06:03 +0100] "GET /core/themes/stable/css/system/components/fieldgroup.module.css?oh31p8 HTTP/1.1" 200 428 "http://www.capfi.fr/" "Mozilla/5.0 (Macintosh; Intel Mac OS X 10_12_1) AppleWebKit/602.2.14 (KHTML, like Gecko) Version/10.0.1 Safari/602.2.14"
83.155.62.100 - - [10/Dec/2016:08:06:03 +0100] "GET /core/themes/stable/css/system/components/ajax-progress.module.css?oh31p8 HTTP/1.1" 200 821 "http://www.capfi.fr/" "Mozilla/5.0 (Macintosh; Intel Mac OS X 10_12_1) AppleWebKit/602.2.14 (KHTML, like Gecko) Version/10.0.1 Safari/602.2.14"
83.155.62.100 - - [10/Dec/2016:08:06:03 +0100] "GET /core/themes/stable/css/system/components/container-inline.module.css?oh31p8 HTTP/1.1" 200 489 "http://www.capfi.fr/" "Mozilla/5.0 (Macintosh; Intel Mac OS X 10_12_1) AppleWebKit/602.2.14 (KHTML, like Gecko) Version/10.0.1 Safari/602.2.14"
83.155.62.100 - - [10/Dec/2016:08:06:03 +0100] "GET /core/themes/stable/css/system/components/details.module.css?oh31p8 HTTP/1.1" 200 455 "http://www.capfi.fr/" "Mozilla/5.0 (Macintosh; Intel Mac OS X 10_12_1) AppleWebKit/602.2.14 (KHTML, like Gecko) Version/10.0.1 Safari/602.2.14"
83.155.62.100 - - [10/Dec/2016:08:06:03 +0100] "GET /core/themes/stable/css/system/components/position-container.module.css?oh31p8 HTTP/1.1" 200 427 "http://www.capfi.fr/" "Mozilla/5.0 (Macintosh; Intel Mac OS X 10_12_1) AppleWebKit/602.2.14 (KHTML, like Gecko) Version/10.0.1 Safari/602.2.14"
83.155.62.100 - - [10/Dec/2016:08:06:03 +0100] "GET /core/themes/stable/css/system/components/item-list.module.css?oh31p8 HTTP/1.1" 200 489 "http://www.capfi.fr/" "Mozilla/5.0 (Macintosh; Intel Mac OS X 10_12_1) AppleWebKit/602.2.14 (KHTML, like Gecko) Version/10.0.1 Safari/602.2.14"
83.155.62.100 - - [10/Dec/2016:08:06:03 +0100] "GET /core/themes/stable/css/system/components/hidden.module.css?oh31p8 HTTP/1.1" 200 983 "http://www.capfi.fr/" "Mozilla/5.0 (Macintosh; Intel Mac OS X 10_12_1) AppleWebKit/602.2.14 (KHTML, like Gecko) Version/10.0.1 Safari/602.2.14"
83.155.62.100 - - [10/Dec/2016:08:06:03 +0100] "GET /core/themes/stable/css/system/components/js.module.css?oh31p8 HTTP/1.1" 200 567 "http://www.capfi.fr/" "Mozilla/5.0 (Macintosh; Intel Mac OS X 10_12_1) AppleWebKit/602.2.14 (KHTML, like Gecko) Version/10.0.1 Safari/602.2.14"
83.155.62.100 - - [10/Dec/2016:08:06:03 +0100] "GET /core/themes/stable/css/system/components/nowrap.module.css?oh31p8 HTTP/1.1" 200 438 "http://www.capfi.fr/" "Mozilla/5.0 (Macintosh; Intel Mac OS X 10_12_1) AppleWebKit/602.2.14 (KHTML, like Gecko) Version/10.0.1 Safari/602.2.14"
83.155.62.100 - - [10/Dec/2016:08:06:03 +0100] "GET /core/themes/stable/css/system/components/progress.module.css?oh31p8 HTTP/1.1" 200 691 "http://www.capfi.fr/" "Mozilla/5.0 (Macintosh; Intel Mac OS X 10_12_1) AppleWebKit/602.2.14 (KHTML, like Gecko) Version/10.0.1 Safari/602.2.14"
83.155.62.100 - - [10/Dec/2016:08:06:03 +0100] "GET /core/themes/stable/css/system/components/reset-appearance.module.css?oh31p8 HTTP/1.1" 200 523 "http://www.capfi.fr/" "Mozilla/5.0 (Macintosh; Intel Mac OS X 10_12_1) AppleWebKit/602.2.14 (KHTML, like Gecko) Version/10.0.1 Safari/602.2.14"
83.155.62.100 - - [10/Dec/2016:08:06:03 +0100] "GET /core/themes/stable/css/system/components/resize.module.css?oh31p8 HTTP/1.1" 200 490 "http://www.capfi.fr/" "Mozilla/5.0 (Macintosh; Intel Mac OS X 10_12_1) AppleWebKit/602.2.14 (KHTML, like Gecko) Version/10.0.1 Safari/602.2.14"
83.155.62.100 - - [10/Dec/2016:08:06:03 +0100] "GET /core/themes/stable/css/system/components/tabledrag.module.css?oh31p8 HTTP/1.1" 200 966 "http://www.capfi.fr/" "Mozilla/5.0 (Macintosh; Intel Mac OS X 10_12_1) AppleWebKit/602.2.14 (KHTML, like Gecko) Version/10.0.1 Safari/602.2.14"
83.155.62.100 - - [10/Dec/2016:08:06:03 +0100] "GET /core/themes/stable/css/system/components/tablesort.module.css?oh31p8 HTTP/1.1" 200 548 "http://www.capfi.fr/" "Mozilla/5.0 (Macintosh; Intel Mac OS X 10_12_1) AppleWebKit/602.2.14 (KHTML, like Gecko) Version/10.0.1 Safari/602.2.14"
83.155.62.100 - - [10/Dec/2016:08:06:03 +0100] "GET /core/themes/stable/css/system/components/sticky-header.module.css?oh31p8 HTTP/1.1" 200 477 "http://www.capfi.fr/" "Mozilla/5.0 (Macintosh; Intel Mac OS X 10_12_1) AppleWebKit/602.2.14 (KHTML, like Gecko) Version/10.0.1 Safari/602.2.14"
83.155.62.100 - - [10/Dec/2016:08:06:35 +0100] "GET / HTTP/1.1" 301 559 "-" "Mozilla/5.0 (Macintosh; Intel Mac OS X 10_12_1) AppleWebKit/602.2.14 (KHTML, like Gecko) Version/10.0.1 Safari/602.2.14"
83.155.62.100 - - [10/Dec/2016:08:06:35 +0100] "GET / HTTP/1.1" 200 35045 "-" "Mozilla/5.0 (Macintosh; Intel Mac OS X 10_12_1) AppleWebKit/602.2.14 (KHTML, like Gecko) Version/10.0.1 Safari/602.2.14"
83.155.62.100 - - [10/Dec/2016:08:06:36 +0100] "GET /core/themes/stable/css/system/components/tablesort.module.css?oh31p8 HTTP/1.1" 200 548 "http://www.capfi.fr/" "Mozilla/5.0 (Macintosh; Intel Mac OS X 10_12_1) AppleWebKit/602.2.14 (KHTML, like Gecko) Version/10.0.1 Safari/602.2.14"
83.155.62.100 - - [10/Dec/2016:08:06:36 +0100] "GET /core/themes/stable/css/system/components/reset-appearance.module.css?oh31p8 HTTP/1.1" 200 524 "http://www.capfi.fr/" "Mozilla/5.0 (Macintosh; Intel Mac OS X 10_12_1) AppleWebKit/602.2.14 (KHTML, like Gecko) Version/10.0.1 Safari/602.2.14"
83.155.62.100 - - [10/Dec/2016:08:06:36 +0100] "GET /core/themes/stable/css/system/components/progress.module.css?oh31p8 HTTP/1.1" 200 692 "http://www.capfi.fr/" "Mozilla/5.0 (Macintosh; Intel Mac OS X 10_12_1) AppleWebKit/602.2.14 (KHTML, like Gecko) Version/10.0.1 Safari/602.2.14"
83.155.62.100 - - [10/Dec/2016:08:06:36 +0100] "GET /core/themes/stable/css/system/components/sticky-header.module.css?oh31p8 HTTP/1.1" 200 478 "http://www.capfi.fr/" "Mozilla/5.0 (Macintosh; Intel Mac OS X 10_12_1) AppleWebKit/602.2.14 (KHTML, like Gecko) Version/10.0.1 Safari/602.2.14"
83.155.62.100 - - [10/Dec/2016:08:06:36 +0100] "GET /core/themes/stable/css/system/components/tabledrag.module.css?oh31p8 HTTP/1.1" 200 967 "http://www.capfi.fr/" "Mozilla/5.0 (Macintosh; Intel Mac OS X 10_12_1) AppleWebKit/602.2.14 (KHTML, like Gecko) Version/10.0.1 Safari/602.2.14"
83.155.62.100 - - [10/Dec/2016:08:06:36 +0100] "GET /core/themes/stable/css/system/components/resize.module.css?oh31p8 HTTP/1.1" 200 491 "http://www.capfi.fr/" "Mozilla/5.0 (Macintosh; Intel Mac OS X 10_12_1) AppleWebKit/602.2.14 (KHTML, like Gecko) Version/10.0.1 Safari/602.2.14"
83.155.62.100 - - [10/Dec/2016:08:06:36 +0100] "GET /core/themes/stable/css/system/components/tree-child.module.css?oh31p8 HTTP/1.1" 200 558 "http://www.capfi.fr/" "Mozilla/5.0 (Macintosh; Intel Mac OS X 10_12_1) AppleWebKit/602.2.14 (KHTML, like Gecko) Version/10.0.1 Safari/602.2.14"
83.155.62.100 - - [10/Dec/2016:08:06:36 +0100] "GET /themes/custom/capfi/css/main.css HTTP/1.1" 200 20057 "http://www.capfi.fr/" "Mozilla/5.0 (Macintosh; Intel Mac OS X 10_12_1) AppleWebKit/602.2.14 (KHTML, like Gecko) Version/10.0.1 Safari/602.2.14"
83.155.62.100 - - [10/Dec/2016:08:06:36 +0100] "GET /themes/custom/capfi/js/vendor/jquery-1.11.3.min.js?v=2.1.4 HTTP/1.1" 200 33656 "http://www.capfi.fr/" "Mozilla/5.0 (Macintosh; Intel Mac OS X 10_12_1) AppleWebKit/602.2.14 (KHTML, like Gecko) Version/10.0.1 Safari/602.2.14"
83.155.62.100 - - [10/Dec/2016:08:06:36 +0100] "GET /themes/custom/capfi/js/main.js?v=8.1.10 HTTP/1.1" 200 34630 "http://www.capfi.fr/" "Mozilla/5.0 (Macintosh; Intel Mac OS X 10_12_1) AppleWebKit/602.2.14 (KHTML, like Gecko) Version/10.0.1 Safari/602.2.14"
83.155.62.100 - - [10/Dec/2016:08:06:36 +0100] "GET /themes/custom/capfi/images/backgrounds/home_stage_infinite_bg.gif HTTP/1.1" 200 57189 "http://www.capfi.fr/" "Mozilla/5.0 (Macintosh; Intel Mac OS X 10_12_1) AppleWebKit/602.2.14 (KHTML, like Gecko) Version/10.0.1 Safari/602.2.14"
83.155.62.100 - - [10/Dec/2016:08:06:36 +0100] "GET /themes/custom/capfi/images/logos/infinite.svg HTTP/1.1" 200 1156 "http://www.capfi.fr/" "Mozilla/5.0 (Macintosh; Intel Mac OS X 10_12_1) AppleWebKit/602.2.14 (KHTML, like Gecko) Version/10.0.1 Safari/602.2.14"
83.155.62.100 - - [10/Dec/2016:08:06:36 +0100] "GET /sites/default/files/styles/avatar/public/employees/micro_5.png?itok=BOjl1AML HTTP/1.1" 200 1288 "http://www.capfi.fr/" "Mozilla/5.0 (Macintosh; Intel Mac OS X 10_12_1) AppleWebKit/602.2.14 (KHTML, like Gecko) Version/10.0.1 Safari/602.2.14"
83.155.62.100 - - [10/Dec/2016:08:06:36 +0100] "GET /sites/default/files/styles/article_blog/public/2016-11/12_Sponsoring%20Voile%20%201Jour%201Homme%201Arbre%20by%20CAPFI%20_478X478.jpg?itok=GfHTSQF2 HTTP/1.1" 200 14247 "http://www.capfi.fr/" "Mozilla/5.0 (Macintosh; Intel Mac OS X 10_12_1) AppleWebKit/602.2.14 (KHTML, like Gecko) Version/10.0.1 Safari/602.2.14"
83.155.62.100 - - [10/Dec/2016:08:06:36 +0100] "GET /sites/default/files/styles/article_blog/public/2016-11/10_1J%201H%201%20by%20CAPFI%20partenaire%20de%20Plane%CC%80te%20Urgence_478X478.jpg?itok=92P0dUYx HTTP/1.1" 200 11036 "http://www.capfi.fr/" "Mozilla/5.0 (Macintosh; Intel Mac OS X 10_12_1) AppleWebKit/602.2.14 (KHTML, like Gecko) Version/10.0.1 Safari/602.2.14"
83.155.62.100 - - [10/Dec/2016:08:06:36 +0100] "GET /sites/default/files/styles/article_blog/public/2016-11/9_Blockchain_478X478.jpg?itok=rs8S5fny HTTP/1.1" 200 22458 "http://www.capfi.fr/" "Mozilla/5.0 (Macintosh; Intel Mac OS X 10_12_1) AppleWebKit/602.2.14 (KHTML, like Gecko) Version/10.0.1 Safari/602.2.14"
83.155.62.100 - - [10/Dec/2016:08:06:36 +0100] "GET /sites/default/files/styles/1j1h1a/public/2016-05/tree_operation_v2.jpg?itok=2X8AN5TN HTTP/1.1" 200 43474 "http://www.capfi.fr/" "Mozilla/5.0 (Macintosh; Intel Mac OS X 10_12_1) AppleWebKit/602.2.14 (KHTML, like Gecko) Version/10.0.1 Safari/602.2.14"
83.155.62.100 - - [10/Dec/2016:08:06:36 +0100] "GET /themes/custom/capfi/images/illustrations/tree_operation.svg HTTP/1.1" 200 4210 "http://www.capfi.fr/" "Mozilla/5.0 (Macintosh; Intel Mac OS X 10_12_1) AppleWebKit/602.2.14 (KHTML, like Gecko) Version/10.0.1 Safari/602.2.14"
83.155.62.100 - - [10/Dec/2016:08:06:36 +0100] "GET /themes/custom/capfi/images/logos/microsoft_partner@x2.png HTTP/1.1" 200 6295 "http://www.capfi.fr/" "Mozilla/5.0 (Macintosh; Intel Mac OS X 10_12_1) AppleWebKit/602.2.14 (KHTML, like Gecko) Version/10.0.1 Safari/602.2.14"
83.155.62.100 - - [10/Dec/2016:08:06:36 +0100] "GET /themes/custom/capfi/images/logos/capfi@x2.png HTTP/1.1" 200 17455 "http://www.capfi.fr/" "Mozilla/5.0 (Macintosh; Intel Mac OS X 10_12_1) AppleWebKit/602.2.14 (KHTML, like Gecko) Version/10.0.1 Safari/602.2.14"
83.155.62.100 - - [10/Dec/2016:08:06:36 +0100] "GET /themes/custom/capfi/images/logos/capfi_technology.png HTTP/1.1" 200 5299 "http://www.capfi.fr/" "Mozilla/5.0 (Macintosh; Intel Mac OS X 10_12_1) AppleWebKit/602.2.14 (KHTML, like Gecko) Version/10.0.1 Safari/602.2.14"
83.155.62.100 - - [10/Dec/2016:08:06:36 +0100] "GET /themes/custom/capfi/images/logos/capfi_consulting.png HTTP/1.1" 200 3575 "http://www.capfi.fr/" "Mozilla/5.0 (Macintosh; Intel Mac OS X 10_12_1) AppleWebKit/602.2.14 (KHTML, like Gecko) Version/10.0.1 Safari/602.2.14"
83.155.62.100 - - [10/Dec/2016:08:06:36 +0100] "GET /themes/custom/capfi/images/logos/capfi_6_eme_sens.png HTTP/1.1" 200 4642 "http://www.capfi.fr/" "Mozilla/5.0 (Macintosh; Intel Mac OS X 10_12_1) AppleWebKit/602.2.14 (KHTML, like Gecko) Version/10.0.1 Safari/602.2.14"
83.155.62.100 - - [10/Dec/2016:08:06:36 +0100] "GET /themes/custom/capfi/images/logos/twitter.svg HTTP/1.1" 200 769 "http://www.capfi.fr/" "Mozilla/5.0 (Macintosh; Intel Mac OS X 10_12_1) AppleWebKit/602.2.14 (KHTML, like Gecko) Version/10.0.1 Safari/602.2.14"
83.155.62.100 - - [10/Dec/2016:08:06:36 +0100] "GET /themes/custom/capfi/images/logos/footer/capfi_technology@x2.png HTTP/1.1" 200 9124 "http://www.capfi.fr/" "Mozilla/5.0 (Macintosh; Intel Mac OS X 10_12_1) AppleWebKit/602.2.14 (KHTML, like Gecko) Version/10.0.1 Safari/602.2.14"
83.155.62.100 - - [10/Dec/2016:08:06:36 +0100] "GET /themes/custom/capfi/images/logos/footer/capfi@x2.png HTTP/1.1" 200 6152 "http://www.capfi.fr/" "Mozilla/5.0 (Macintosh; Intel Mac OS X 10_12_1) AppleWebKit/602.2.14 (KHTML, like Gecko) Version/10.0.1 Safari/602.2.14"
83.155.62.100 - - [10/Dec/2016:08:06:36 +0100] "GET /themes/custom/capfi/images/logos/footer/capfi_6eme_sens@x2.png HTTP/1.1" 200 4709 "http://www.capfi.fr/" "Mozilla/5.0 (Macintosh; Intel Mac OS X 10_12_1) AppleWebKit/602.2.14 (KHTML, like Gecko) Version/10.0.1 Safari/602.2.14"
83.155.62.100 - - [10/Dec/2016:08:06:36 +0100] "GET /themes/custom/capfi/images/logos/footer/capfi_consulting@x2.png HTTP/1.1" 200 5030 "http://www.capfi.fr/" "Mozilla/5.0 (Macintosh; Intel Mac OS X 10_12_1) AppleWebKit/602.2.14 (KHTML, like Gecko) Version/10.0.1 Safari/602.2.14"
83.155.62.100 - - [10/Dec/2016:08:06:36 +0100] "GET /sites/default/files/styles/article_teaser/public/2016-11/LogoBlogCarre.png?itok=wQNURq6c HTTP/1.1" 200 94257 "http://www.capfi.fr/" "Mozilla/5.0 (Macintosh; Intel Mac OS X 10_12_1) AppleWebKit/602.2.14 (KHTML, like Gecko) Version/10.0.1 Safari/602.2.14"
83.155.62.100 - - [10/Dec/2016:08:06:36 +0100] "GET /themes/custom/capfi/images/logos/footer/facebook@x2.png HTTP/1.1" 200 610 "http://www.capfi.fr/" "Mozilla/5.0 (Macintosh; Intel Mac OS X 10_12_1) AppleWebKit/602.2.14 (KHTML, like Gecko) Version/10.0.1 Safari/602.2.14"
83.155.62.100 - - [10/Dec/2016:08:06:36 +0100] "GET /themes/custom/capfi/images/logos/footer/twitter@x2.png HTTP/1.1" 200 1168 "http://www.capfi.fr/" "Mozilla/5.0 (Macintosh; Intel Mac OS X 10_12_1) AppleWebKit/602.2.14 (KHTML, like Gecko) Version/10.0.1 Safari/602.2.14"
83.155.62.100 - - [10/Dec/2016:08:06:36 +0100] "GET /themes/custom/capfi/images/logos/footer/linkedin@x2.png HTTP/1.1" 200 807 "http://www.capfi.fr/" "Mozilla/5.0 (Macintosh; Intel Mac OS X 10_12_1) AppleWebKit/602.2.14 (KHTML, like Gecko) Version/10.0.1 Safari/602.2.14"
83.155.62.100 - - [10/Dec/2016:08:06:36 +0100] "GET /themes/custom/capfi/images/logos/footer/glassdoor@x2.png HTTP/1.1" 200 915 "http://www.capfi.fr/" "Mozilla/5.0 (Macintosh; Intel Mac OS X 10_12_1) AppleWebKit/602.2.14 (KHTML, like Gecko) Version/10.0.1 Safari/602.2.14"
83.155.62.100 - - [10/Dec/2016:08:06:36 +0100] "GET /themes/custom/capfi/images/logos/footer/phone.svg HTTP/1.1" 200 677 "http://www.capfi.fr/" "Mozilla/5.0 (Macintosh; Intel Mac OS X 10_12_1) AppleWebKit/602.2.14 (KHTML, like Gecko) Version/10.0.1 Safari/602.2.14"
83.155.62.100 - - [10/Dec/2016:08:06:36 +0100] "GET /themes/custom/capfi/images/logos/footer/youtube@x2.png HTTP/1.1" 200 875 "http://www.capfi.fr/" "Mozilla/5.0 (Macintosh; Intel Mac OS X 10_12_1) AppleWebKit/602.2.14 (KHTML, like Gecko) Version/10.0.1 Safari/602.2.14"
83.155.62.100 - - [10/Dec/2016:08:06:36 +0100] "GET /themes/custom/capfi/images/logos/footer/email.svg HTTP/1.1" 200 786 "http://www.capfi.fr/" "Mozilla/5.0 (Macintosh; Intel Mac OS X 10_12_1) AppleWebKit/602.2.14 (KHTML, like Gecko) Version/10.0.1 Safari/602.2.14"
83.155.62.100 - - [10/Dec/2016:08:06:36 +0100] "GET /themes/custom/capfi/css/main.css HTTP/1.1" 200 20057 "http://www.capfi.fr/" "Mozilla/5.0 (Macintosh; Intel Mac OS X 10_12_1) AppleWebKit/602.2.14 (KHTML, like Gecko) Version/10.0.1 Safari/602.2.14"
83.155.62.100 - - [10/Dec/2016:08:06:36 +0100] "GET /themes/custom/capfi/images/illustrations/content_header/stage_37_Jean_Manuel_LOPES.png HTTP/1.1" 200 77201 "http://www.capfi.fr/" "Mozilla/5.0 (Macintosh; Intel Mac OS X 10_12_1) AppleWebKit/602.2.14 (KHTML, like Gecko) Version/10.0.1 Safari/602.2.14"
83.155.62.100 - - [10/Dec/2016:08:06:36 +0100] "GET /themes/custom/capfi/images/illustrations/recruitment_push/cv_2_Nouthida_XAYSANASY.png HTTP/1.1" 200 34421 "http://www.capfi.fr/" "Mozilla/5.0 (Macintosh; Intel Mac OS X 10_12_1) AppleWebKit/602.2.14 (KHTML, like Gecko) Version/10.0.1 Safari/602.2.14"
83.155.62.100 - - [10/Dec/2016:08:06:36 +0100] "GET /themes/custom/capfi/fonts/flexo-medium.woff2 HTTP/1.1" 200 36257 "http://www.capfi.fr/" "Mozilla/5.0 (Macintosh; Intel Mac OS X 10_12_1) AppleWebKit/602.2.14 (KHTML, like Gecko) Version/10.0.1 Safari/602.2.14"
83.155.62.100 - - [10/Dec/2016:08:06:36 +0100] "GET /themes/custom/capfi/fonts/flexo-light.woff2 HTTP/1.1" 200 36300 "http://www.capfi.fr/" "Mozilla/5.0 (Macintosh; Intel Mac OS X 10_12_1) AppleWebKit/602.2.14 (KHTML, like Gecko) Version/10.0.1 Safari/602.2.14"
83.155.62.100 - - [10/Dec/2016:08:06:36 +0100] "GET /themes/custom/capfi/fonts/icomoon.ttf?8g43ir HTTP/1.1" 200 22267 "http://www.capfi.fr/" "Mozilla/5.0 (Macintosh; Intel Mac OS X 10_12_1) AppleWebKit/602.2.14 (KHTML, like Gecko) Version/10.0.1 Safari/602.2.14"
83.155.62.100 - - [10/Dec/2016:08:06:36 +0100] "GET /themes/custom/capfi/fonts/flexo-thin.woff2 HTTP/1.1" 200 33538 "http://www.capfi.fr/" "Mozilla/5.0 (Macintosh; Intel Mac OS X 10_12_1) AppleWebKit/602.2.14 (KHTML, like Gecko) Version/10.0.1 Safari/602.2.14"
83.155.62.100 - - [10/Dec/2016:08:06:37 +0100] "GET /themes/custom/capfi/fonts/flexo-medium.woff HTTP/1.1" 200 49359 "http://www.capfi.fr/" "Mozilla/5.0 (Macintosh; Intel Mac OS X 10_12_1) AppleWebKit/602.2.14 (KHTML, like Gecko) Version/10.0.1 Safari/602.2.14"
83.155.62.100 - - [10/Dec/2016:08:06:37 +0100] "GET /themes/custom/capfi/fonts/flexo-light.woff HTTP/1.1" 200 49442 "http://www.capfi.fr/" "Mozilla/5.0 (Macintosh; Intel Mac OS X 10_12_1) AppleWebKit/602.2.14 (KHTML, like Gecko) Version/10.0.1 Safari/602.2.14"
83.155.62.100 - - [10/Dec/2016:08:06:37 +0100] "GET /themes/custom/capfi/fonts/flexo-light.ttf HTTP/1.1" 200 115553 "http://www.capfi.fr/" "Mozilla/5.0 (Macintosh; Intel Mac OS X 10_12_1) AppleWebKit/602.2.14 (KHTML, like Gecko) Version/10.0.1 Safari/602.2.14"
83.155.62.100 - - [10/Dec/2016:08:06:37 +0100] "GET /themes/custom/capfi/favicon.ico HTTP/1.1" 200 1451 "http://www.capfi.fr/" "Mozilla/5.0 (Macintosh; Intel Mac OS X 10_12_1) AppleWebKit/602.2.14 (KHTML, like Gecko) Version/10.0.1 Safari/602.2.14"
::1 - - [10/Dec/2016:08:06:42 +0100] "OPTIONS * HTTP/1.0" 200 126 "-" "Apache/2.4.10 (Debian) OpenSSL/1.0.1t (internal dummy connection)"
::1 - - [10/Dec/2016:08:06:44 +0100] "OPTIONS * HTTP/1.0" 200 126 "-" "Apache/2.4.10 (Debian) OpenSSL/1.0.1t (internal dummy connection)"
::1 - - [10/Dec/2016:08:06:45 +0100] "OPTIONS * HTTP/1.0" 200 126 "-" "Apache/2.4.10 (Debian) OpenSSL/1.0.1t (internal dummy connection)"
83.155.62.100 - - [10/Dec/2016:08:06:45 +0100] "GET / HTTP/1.1" 200 35045 "-" "Mozilla/5.0 (Macintosh; Intel Mac OS X 10_12_1) AppleWebKit/602.2.14 (KHTML, like Gecko) Version/10.0.1 Safari/602.2.14"
158.69.27.74 - - [10/Dec/2016:08:09:56 +0100] "GET / HTTP/1.1" 301 559 "-" "Mozilla/5.0 (Windows NT 5.2) AppleWebKit/537.36 (KHTML, like Gecko) Chrome/35.0.1916.153 Safari/537.36"
158.69.27.74 - - [10/Dec/2016:08:09:58 +0100] "GET / HTTP/1.1" 200 263187 "-" "Mozilla/5.0 (Windows NT 5.2) AppleWebKit/537.36 (KHTML, like Gecko) Chrome/35.0.1916.153 Safari/537.36"
158.69.27.74 - - [10/Dec/2016:08:10:02 +0100] "GET / HTTP/1.1" 200 263187 "-" "Mozilla/5.0 (Windows NT 5.2) AppleWebKit/537.36 (KHTML, like Gecko) Chrome/35.0.1916.153 Safari/537.36"
68.180.229.187 - - [10/Dec/2016:08:10:19 +0100] "GET /sixieme-sensrobots.txt HTTP/1.1" 404 604 "-" "Mozilla/5.0 (compatible; Yahoo! Slurp; http://help.yahoo.com/help/us/ysearch/slurp)"
68.180.230.246 - - [10/Dec/2016:08:10:23 +0100] "GET /groupe HTTP/1.1" 200 7545 "-" "Mozilla/5.0 (compatible; Yahoo! Slurp; http://help.yahoo.com/help/us/ysearch/slurp)"
158.69.27.74 - - [10/Dec/2016:08:19:46 +0100] "GET / HTTP/1.1" 301 559 "-" "Mozilla/5.0 (Windows NT 5.2) AppleWebKit/537.36 (KHTML, like Gecko) Chrome/35.0.1916.153 Safari/537.36"
158.69.27.74 - - [10/Dec/2016:08:19:48 +0100] "GET / HTTP/1.1" 200 263187 "-" "Mozilla/5.0 (Windows NT 5.2) AppleWebKit/537.36 (KHTML, like Gecko) Chrome/35.0.1916.153 Safari/537.36"
158.69.27.74 - - [10/Dec/2016:08:19:54 +0100] "GET / HTTP/1.1" 200 263187 "-" "Mozilla/5.0 (Windows NT 5.2) AppleWebKit/537.36 (KHTML, like Gecko) Chrome/35.0.1916.153 Safari/537.36"
42.60.47.80 - - [10/Dec/2016:08:21:36 +0100] "GET /wp-login.php HTTP/1.1" 404 13477 "-" "Mozilla/5.0 (Windows NT 6.1; WOW64; rv:40.0) Gecko/20100101 Firefox/40.1"
42.60.47.80 - - [10/Dec/2016:08:21:37 +0100] "GET / HTTP/1.1" 200 263186 "-" "Mozilla/5.0 (Windows NT 6.1; WOW64; rv:40.0) Gecko/20100101 Firefox/40.1"
91.214.5.128 - - [10/Dec/2016:08:26:07 +0100] "GET /sites/default/files/memories/DSF1587_01_0.jpg HTTP/1.1" 304 183 "-" "Mozilla/4.0 (compatible;)"
66.249.66.76 - - [10/Dec/2016:08:26:46 +0100] "GET /groupe-capfi.php HTTP/1.1" 301 575 "-" "Mozilla/5.0 (compatible; Googlebot/2.1; +http://www.google.com/bot.html)"
207.46.13.143 - - [10/Dec/2016:08:29:21 +0100] "GET /carriere/software-craftsman-developpeur/hf-software-craftsman-javaangular HTTP/1.1" 403 13063 "-" "Mozilla/5.0 (iPhone; CPU iPhone OS 7_0 like Mac OS X) AppleWebKit/537.51.1 (KHTML, like Gecko) Version/7.0 Mobile/11A465 Safari/9537.53 (compatible; bingbot/2.0; +http://www.bing.com/bingbot.htm)"
158.69.27.74 - - [10/Dec/2016:08:29:38 +0100] "GET / HTTP/1.1" 301 559 "-" "Mozilla/5.0 (Windows NT 5.2) AppleWebKit/537.36 (KHTML, like Gecko) Chrome/35.0.1916.153 Safari/537.36"
158.69.27.74 - - [10/Dec/2016:08:29:38 +0100] "GET / HTTP/1.1" 200 263187 "-" "Mozilla/5.0 (Windows NT 5.2) AppleWebKit/537.36 (KHTML, like Gecko) Chrome/35.0.1916.153 Safari/537.36"
158.69.27.74 - - [10/Dec/2016:08:29:44 +0100] "GET / HTTP/1.1" 200 263187 "-" "Mozilla/5.0 (Windows NT 5.2) AppleWebKit/537.36 (KHTML, like Gecko) Chrome/35.0.1916.153 Safari/537.36"
50.97.218.152 - - [10/Dec/2016:08:30:44 +0100] "GET /carriere HTTP/1.1" 200 7950 "-" "Mozilla/4.0 (compatible; MSIE 7.0; Windows NT 5.1; SV1; .NET CLR 1.1.4322)"
50.97.218.152 - - [10/Dec/2016:08:30:45 +0100] "GET /carriere/tous-les-projets HTTP/1.1" 200 5613 "http://www.capfi.fr/carriere" "Mozilla/4.0 (compatible; MSIE 7.0; Windows NT 5.1; SV1; .NET CLR 1.1.4322)"
50.97.218.152 - - [10/Dec/2016:08:30:52 +0100] "GET /carriere/tous-les-projets HTTP/1.1" 200 5614 "http://www.capfi.fr/carriere" "Mozilla/4.0 (compatible; MSIE 7.0; Windows NT 5.1; SV1; .NET CLR 1.1.4322)"
50.97.218.152 - - [10/Dec/2016:08:30:54 +0100] "GET /carriere/tous-les-projets HTTP/1.1" 200 5613 "http://www.capfi.fr/carriere" "Mozilla/4.0 (compatible; MSIE 7.0; Windows NT 5.1; SV1; .NET CLR 1.1.4322)"
50.97.218.152 - - [10/Dec/2016:08:30:56 +0100] "GET /carriere/tous-les-projets HTTP/1.1" 200 5613 "http://www.capfi.fr/carriere" "Mozilla/4.0 (compatible; MSIE 7.0; Windows NT 5.1; SV1; .NET CLR 1.1.4322)"
50.97.218.152 - - [10/Dec/2016:08:30:58 +0100] "GET /carriere/tous-les-projets HTTP/1.1" 200 5613 "http://www.capfi.fr/carriere" "Mozilla/4.0 (compatible; MSIE 7.0; Windows NT 5.1; SV1; .NET CLR 1.1.4322)"
50.97.218.152 - - [10/Dec/2016:08:31:00 +0100] "GET /carriere/tous-les-projets HTTP/1.1" 200 5613 "http://www.capfi.fr/carriere" "Mozilla/4.0 (compatible; MSIE 7.0; Windows NT 5.1; SV1; .NET CLR 1.1.4322)"
50.97.218.152 - - [10/Dec/2016:08:31:02 +0100] "GET /carriere/tous-les-projets HTTP/1.1" 200 5613 "http://www.capfi.fr/carriere" "Mozilla/4.0 (compatible; MSIE 7.0; Windows NT 5.1; SV1; .NET CLR 1.1.4322)"
50.23.86.147 - - [10/Dec/2016:08:31:05 +0100] "GET /carriere/software-craftsman-developpeur/software-craftsman-c-c-e-trading-hf HTTP/1.1" 200 7222 "-" "Mozilla/4.0 (compatible; MSIE 7.0; Windows NT 5.1; SV1; .NET CLR 1.1.4322)"
50.23.86.147 - - [10/Dec/2016:08:31:06 +0100] "GET /carriere/software-craftsman-developpeur/developpeur-software-craftsman-c-hf-0 HTTP/1.1" 200 7241 "-" "Mozilla/4.0 (compatible; MSIE 7.0; Windows NT 5.1; SV1; .NET CLR 1.1.4322)"
50.97.232.236 - - [10/Dec/2016:08:31:22 +0100] "GET /carriere/stage/developpement-toolbox-stage-hf HTTP/1.1" 200 7500 "-" "Mozilla/4.0 (compatible; MSIE 7.0; Windows NT 5.1; SV1; .NET CLR 1.1.4322)"
50.97.232.236 - - [10/Dec/2016:08:31:25 +0100] "GET /carriere/stage/developpeur-c-stage-hf HTTP/1.1" 200 7290 "-" "Mozilla/4.0 (compatible; MSIE 7.0; Windows NT 5.1; SV1; .NET CLR 1.1.4322)"
50.97.232.236 - - [10/Dec/2016:08:31:27 +0100] "GET /carriere/stage/assistance-maitrise-douvrage-stage-hf HTTP/1.1" 200 7690 "-" "Mozilla/4.0 (compatible; MSIE 7.0; Windows NT 5.1; SV1; .NET CLR 1.1.4322)"
50.97.232.236 - - [10/Dec/2016:08:31:30 +0100] "GET /carriere/stage/ingenieur-reseaux-stage-hf HTTP/1.1" 200 7479 "-" "Mozilla/4.0 (compatible; MSIE 7.0; Windows NT 5.1; SV1; .NET CLR 1.1.4322)"
50.97.232.236 - - [10/Dec/2016:08:31:32 +0100] "GET /carriere/software-craftsman-developpeur/software-craftsman-junior-capfi-academy HTTP/1.1" 200 7557 "-" "Mozilla/4.0 (compatible; MSIE 7.0; Windows NT 5.1; SV1; .NET CLR 1.1.4322)"
50.97.232.236 - - [10/Dec/2016:08:31:35 +0100] "GET /carriere/ingenierie-infrastructure/ingenieur-reseaux-hf HTTP/1.1" 200 7499 "-" "Mozilla/4.0 (compatible; MSIE 7.0; Windows NT 5.1; SV1; .NET CLR 1.1.4322)"
50.97.232.236 - - [10/Dec/2016:08:31:37 +0100] "GET /carriere/staff/charge-de-recrutement-recruteur-de-talents-hf HTTP/1.1" 200 7962 "-" "Mozilla/4.0 (compatible; MSIE 7.0; Windows NT 5.1; SV1; .NET CLR 1.1.4322)"
50.97.232.236 - - [10/Dec/2016:08:31:39 +0100] "GET /carriere/staff/stage-ingenieur-commercial-0 HTTP/1.1" 200 7077 "-" "Mozilla/4.0 (compatible; MSIE 7.0; Windows NT 5.1; SV1; .NET CLR 1.1.4322)"
50.97.232.236 - - [10/Dec/2016:08:31:42 +0100] "GET /carriere/stage/assistance-maitrise-douvrage-0 HTTP/1.1" 200 7057 "-" "Mozilla/4.0 (compatible; MSIE 7.0; Windows NT 5.1; SV1; .NET CLR 1.1.4322)"
50.97.232.236 - - [10/Dec/2016:08:31:44 +0100] "GET /carriere/stage/developpement-big-data-stage-hf HTTP/1.1" 200 7664 "-" "Mozilla/4.0 (compatible; MSIE 7.0; Windows NT 5.1; SV1; .NET CLR 1.1.4322)"
50.97.232.236 - - [10/Dec/2016:08:31:46 +0100] "GET /carriere/ingenierie-infrastructure/service-delivery-manager-hf HTTP/1.1" 200 7422 "-" "Mozilla/4.0 (compatible; MSIE 7.0; Windows NT 5.1; SV1; .NET CLR 1.1.4322)"
50.97.232.236 - - [10/Dec/2016:08:31:49 +0100] "GET /carriere/ingenierie-infrastructure/ingenieur-securite-hf HTTP/1.1" 200 7627 "-" "Mozilla/4.0 (compatible; MSIE 7.0; Windows NT 5.1; SV1; .NET CLR 1.1.4322)"
50.97.232.236 - - [10/Dec/2016:08:31:51 +0100] "GET /carriere/ingenierie-infrastructure/ingenieur-de-production-hf HTTP/1.1" 200 7542 "-" "Mozilla/4.0 (compatible; MSIE 7.0; Windows NT 5.1; SV1; .NET CLR 1.1.4322)"
50.97.232.236 - - [10/Dec/2016:08:31:53 +0100] "GET /carriere/ingenierie-infrastructure/ingenieur-devops-hf HTTP/1.1" 200 7405 "-" "Mozilla/4.0 (compatible; MSIE 7.0; Windows NT 5.1; SV1; .NET CLR 1.1.4322)"
50.97.232.236 - - [10/Dec/2016:08:31:55 +0100] "GET /carriere/ingenierie-infrastructure/ingenieur-systeme-unixlinux-hf HTTP/1.1" 200 7521 "-" "Mozilla/4.0 (compatible; MSIE 7.0; Windows NT 5.1; SV1; .NET CLR 1.1.4322)"
50.97.232.236 - - [10/Dec/2016:08:31:58 +0100] "GET /carriere/ingenierie-infrastructure/ingenieur-systeme-windows-hf HTTP/1.1" 200 7409 "-" "Mozilla/4.0 (compatible; MSIE 7.0; Windows NT 5.1; SV1; .NET CLR 1.1.4322)"
50.97.232.236 - - [10/Dec/2016:08:32:00 +0100] "GET /carriere/maitrise-douvrage-product-owner-ingenierie-financiere/consultant-moa-banque-de-detail-hf HTTP/1.1" 200 7205 "-" "Mozilla/4.0 (compatible; MSIE 7.0; Windows NT 5.1; SV1; .NET CLR 1.1.4322)"
50.97.232.236 - - [10/Dec/2016:08:32:02 +0100] "GET /carriere/maitrise-douvrage-product-owner-ingenierie-financiere/consultant-moa-assurance-hf HTTP/1.1" 200 7281 "-" "Mozilla/4.0 (compatible; MSIE 7.0; Windows NT 5.1; SV1; .NET CLR 1.1.4322)"
50.97.232.236 - - [10/Dec/2016:08:32:04 +0100] "GET /carriere/maitrise-douvrage-product-owner-ingenierie-financiere/moa-finance-de-marche-hf HTTP/1.1" 200 7264 "-" "Mozilla/4.0 (compatible; MSIE 7.0; Windows NT 5.1; SV1; .NET CLR 1.1.4322)"
50.97.232.236 - - [10/Dec/2016:08:32:06 +0100] "GET /carriere/maitrise-douvrage-product-owner-ingenierie-financiere/moa-risque-hf HTTP/1.1" 200 7284 "-" "Mozilla/4.0 (compatible; MSIE 7.0; Windows NT 5.1; SV1; .NET CLR 1.1.4322)"
50.97.232.236 - - [10/Dec/2016:08:32:08 +0100] "GET /carriere/integration-de-progiciels/moa-progiciels-hf HTTP/1.1" 200 7171 "-" "Mozilla/4.0 (compatible; MSIE 7.0; Windows NT 5.1; SV1; .NET CLR 1.1.4322)"
50.97.232.236 - - [10/Dec/2016:08:32:10 +0100] "GET /carriere/software-craftsman-developpeur/developpeur-software-craftsman-c-hf HTTP/1.1" 200 7241 "-" "Mozilla/4.0 (compatible; MSIE 7.0; Windows NT 5.1; SV1; .NET CLR 1.1.4322)"
50.97.232.236 - - [10/Dec/2016:08:32:12 +0100] "GET /carriere/software-craftsman-developpeur/software-craftsman-javaangular-hf HTTP/1.1" 200 7240 "-" "Mozilla/4.0 (compatible; MSIE 7.0; Windows NT 5.1; SV1; .NET CLR 1.1.4322)"
50.97.232.236 - - [10/Dec/2016:08:32:15 +0100] "GET /carriere/software-craftsman-developpeur/it-quant-hf HTTP/1.1" 200 7234 "-" "Mozilla/4.0 (compatible; MSIE 7.0; Windows NT 5.1; SV1; .NET CLR 1.1.4322)"
50.97.232.236 - - [10/Dec/2016:08:32:17 +0100] "GET /carriere/software-craftsman-developpeur/commando-vba-hf HTTP/1.1" 200 7195 "-" "Mozilla/4.0 (compatible; MSIE 7.0; Windows NT 5.1; SV1; .NET CLR 1.1.4322)"
50.97.232.236 - - [10/Dec/2016:08:32:20 +0100] "GET /carriere/software-craftsman-developpeur/developpeur-software-craftsman-javajee-hf HTTP/1.1" 200 7285 "-" "Mozilla/4.0 (compatible; MSIE 7.0; Windows NT 5.1; SV1; .NET CLR 1.1.4322)"
158.69.27.74 - - [10/Dec/2016:08:39:33 +0100] "GET / HTTP/1.1" 301 559 "-" "Mozilla/5.0 (Windows NT 5.2) AppleWebKit/537.36 (KHTML, like Gecko) Chrome/35.0.1916.153 Safari/537.36"
158.69.27.74 - - [10/Dec/2016:08:39:33 +0100] "GET / HTTP/1.1" 200 263187 "-" "Mozilla/5.0 (Windows NT 5.2) AppleWebKit/537.36 (KHTML, like Gecko) Chrome/35.0.1916.153 Safari/537.36"
158.69.27.74 - - [10/Dec/2016:08:39:37 +0100] "GET / HTTP/1.1" 200 263187 "-" "Mozilla/5.0 (Windows NT 5.2) AppleWebKit/537.36 (KHTML, like Gecko) Chrome/35.0.1916.153 Safari/537.36"
192.99.144.140 - - [10/Dec/2016:08:40:49 +0100] "PROPFIND /webdav/ HTTP/1.1" 301 591 "-" "WEBDAV Client"
40.77.167.55 - - [10/Dec/2016:08:41:36 +0100] "GET /contact HTTP/1.1" 301 573 "-" "Mozilla/5.0 (compatible; bingbot/2.0; +http://www.bing.com/bingbot.htm)"
66.249.66.79 - - [10/Dec/2016:08:42:06 +0100] "GET /infrastructures-it.php HTTP/1.1" 301 575 "-" "Mozilla/5.0 (compatible; Googlebot/2.1; +http://www.google.com/bot.html)"
157.55.39.225 - - [10/Dec/2016:08:47:58 +0100] "GET /carriere/emploi-integration-de-progiciels HTTP/1.1" 200 4803 "-" "Mozilla/5.0 (compatible; bingbot/2.0; +http://www.bing.com/bingbot.htm)"
65.55.210.242 - - [10/Dec/2016:08:48:06 +0100] "GET /themes/custom/capfi/css/main.css HTTP/1.1" 200 20002 "http://www.capfi.fr/carriere/emploi-integration-de-progiciels" "Mozilla/5.0 (Windows NT 6.1; WOW64) AppleWebKit/534+ (KHTML, like Gecko) BingPreview/1.0b"
207.46.13.143 - - [10/Dec/2016:08:48:19 +0100] "GET /themes/custom/capfi/fonts/flexo-medium.svg HTTP/1.1" 200 481683 "-" "Mozilla/5.0 (compatible; bingbot/2.0; +http://www.bing.com/bingbot.htm)"
158.69.27.74 - - [10/Dec/2016:08:49:32 +0100] "GET / HTTP/1.1" 301 559 "-" "Mozilla/5.0 (Windows NT 5.2) AppleWebKit/537.36 (KHTML, like Gecko) Chrome/35.0.1916.153 Safari/537.36"
158.69.27.74 - - [10/Dec/2016:08:49:33 +0100] "GET / HTTP/1.1" 200 263187 "-" "Mozilla/5.0 (Windows NT 5.2) AppleWebKit/537.36 (KHTML, like Gecko) Chrome/35.0.1916.153 Safari/537.36"
158.69.27.74 - - [10/Dec/2016:08:49:42 +0100] "GET / HTTP/1.1" 200 263187 "-" "Mozilla/5.0 (Windows NT 5.2) AppleWebKit/537.36 (KHTML, like Gecko) Chrome/35.0.1916.153 Safari/537.36"
212.63.234.4 - - [10/Dec/2016:08:49:43 +0100] "GET /themes/custom/capfi/js/main.js?v=8.1.10 HTTP/1.1" 200 115755 "-" "Mozilla/4.0 (compatible;)"
40.77.167.50 - - [10/Dec/2016:08:51:41 +0100] "GET /robots.txt HTTP/1.1" 200 1906 "-" "Mozilla/5.0 (compatible; bingbot/2.0; +http://www.bing.com/bingbot.htm)"
63.243.252.11 - - [10/Dec/2016:08:55:17 +0100] "GET / HTTP/1.1" 200 33902 "-" "Mozilla/5.0 (compatible; Baiduspider/2.0; +http://www.baidu.com/search/spider.html)"
158.69.27.74 - - [10/Dec/2016:08:59:27 +0100] "GET / HTTP/1.1" 301 559 "-" "Mozilla/5.0 (Windows NT 5.2) AppleWebKit/537.36 (KHTML, like Gecko) Chrome/35.0.1916.153 Safari/537.36"
158.69.27.74 - - [10/Dec/2016:08:59:28 +0100] "GET / HTTP/1.1" 200 263185 "-" "Mozilla/5.0 (Windows NT 5.2) AppleWebKit/537.36 (KHTML, like Gecko) Chrome/35.0.1916.153 Safari/537.36"
158.69.27.74 - - [10/Dec/2016:08:59:31 +0100] "GET / HTTP/1.1" 200 263185 "-" "Mozilla/5.0 (Windows NT 5.2) AppleWebKit/537.36 (KHTML, like Gecko) Chrome/35.0.1916.153 Safari/537.36"
180.76.15.161 - - [10/Dec/2016:09:08:09 +0100] "GET /sixieme-sens HTTP/1.1" 200 6700 "-" "Mozilla/5.0 (compatible; Baiduspider/2.0; +http://www.baidu.com/search/spider.html)"
158.69.27.74 - - [10/Dec/2016:09:09:20 +0100] "GET / HTTP/1.1" 301 559 "-" "Mozilla/5.0 (Windows NT 5.2) AppleWebKit/537.36 (KHTML, like Gecko) Chrome/35.0.1916.153 Safari/537.36"
158.69.27.74 - - [10/Dec/2016:09:09:20 +0100] "GET / HTTP/1.1" 200 263185 "-" "Mozilla/5.0 (Windows NT 5.2) AppleWebKit/537.36 (KHTML, like Gecko) Chrome/35.0.1916.153 Safari/537.36"
158.69.27.74 - - [10/Dec/2016:09:09:26 +0100] "GET / HTTP/1.1" 200 263185 "-" "Mozilla/5.0 (Windows NT 5.2) AppleWebKit/537.36 (KHTML, like Gecko) Chrome/35.0.1916.153 Safari/537.36"
85.238.79.147 - - [10/Dec/2016:09:10:11 +0100] "GET /wp-login.php HTTP/1.1" 404 13477 "-" "Mozilla/5.0 (Windows NT 6.1; WOW64; rv:40.0) Gecko/20100101 Firefox/40.1"
85.238.79.147 - - [10/Dec/2016:09:10:12 +0100] "GET / HTTP/1.1" 200 263184 "-" "Mozilla/5.0 (Windows NT 6.1; WOW64; rv:40.0) Gecko/20100101 Firefox/40.1"
207.46.13.72 - - [10/Dec/2016:09:15:22 +0100] "GET /carriere/presentation-solutions.php HTTP/1.1" 404 13477 "-" "Mozilla/5.0 (iPhone; CPU iPhone OS 7_0 like Mac OS X) AppleWebKit/537.51.1 (KHTML, like Gecko) Version/7.0 Mobile/11A465 Safari/9537.53 (compatible; bingbot/2.0; +http://www.bing.com/bingbot.htm)"
93.158.152.69 - - [10/Dec/2016:09:16:26 +0100] "GET /robots.txt HTTP/1.1" 200 1905 "-" "Mozilla/5.0 (compatible; YandexBot/3.0; +http://yandex.com/bots)"
93.158.152.69 - - [10/Dec/2016:09:16:30 +0100] "GET /sixieme-sens HTTP/1.1" 200 6736 "-" "Mozilla/5.0 (compatible; YandexBot/3.0; +http://yandex.com/bots)"
40.77.167.50 - - [10/Dec/2016:09:18:36 +0100] "GET /themes/custom/capfi/fonts/flexo-medium.ttf HTTP/1.1" 200 115730 "-" "Mozilla/5.0 (compatible; bingbot/2.0; +http://www.bing.com/bingbot.htm)"
158.69.27.74 - - [10/Dec/2016:09:19:10 +0100] "GET / HTTP/1.1" 301 559 "-" "Mozilla/5.0 (Windows NT 5.2) AppleWebKit/537.36 (KHTML, like Gecko) Chrome/35.0.1916.153 Safari/537.36"
158.69.27.74 - - [10/Dec/2016:09:19:10 +0100] "GET / HTTP/1.1" 200 263187 "-" "Mozilla/5.0 (Windows NT 5.2) AppleWebKit/537.36 (KHTML, like Gecko) Chrome/35.0.1916.153 Safari/537.36"
158.69.27.74 - - [10/Dec/2016:09:19:16 +0100] "GET / HTTP/1.1" 200 263187 "-" "Mozilla/5.0 (Windows NT 5.2) AppleWebKit/537.36 (KHTML, like Gecko) Chrome/35.0.1916.153 Safari/537.36"
188.0.236.152 - - [10/Dec/2016:09:21:52 +0100] "GET / HTTP/1.1" 301 521 "-" "Mozilla/5.0 (Windows NT 5.1; rv:9.0.1) Gecko/20100101 Firefox/9.0.1"
188.0.236.152 - - [10/Dec/2016:09:21:52 +0100] "GET / HTTP/1.1" 400 253 "-" "Mozilla/5.0 (Windows NT 5.1; rv:9.0.1) Gecko/20100101 Firefox/9.0.1"
188.0.236.152 - - [10/Dec/2016:09:21:53 +0100] "GET / HTTP/1.1" 400 253 "-" "Mozilla/5.0 (Windows NT 5.1; rv:9.0.1) Gecko/20100101 Firefox/9.0.1"
188.0.236.152 - - [10/Dec/2016:09:21:53 +0100] "GET / HTTP/1.1" 400 253 "-" "Mozilla/5.0 (Windows NT 5.1; rv:9.0.1) Gecko/20100101 Firefox/9.0.1"
188.0.236.152 - - [10/Dec/2016:09:21:53 +0100] "GET / HTTP/1.1" 400 253 "-" "Mozilla/5.0 (Windows NT 5.1; rv:9.0.1) Gecko/20100101 Firefox/9.0.1"
188.0.236.152 - - [10/Dec/2016:09:21:53 +0100] "GET / HTTP/1.1" 400 253 "-" "Mozilla/5.0 (Windows NT 5.1; rv:9.0.1) Gecko/20100101 Firefox/9.0.1"
188.0.236.152 - - [10/Dec/2016:09:21:53 +0100] "GET /HNAP1/ HTTP/1.1" 400 253 "http://www.91.134.143.237/" "Mozilla/5.0 (Windows NT 5.1; rv:9.0.1) Gecko/20100101 Firefox/9.0.1"
188.0.236.152 - - [10/Dec/2016:09:21:53 +0100] "GET /HNAP1/ HTTP/1.1" 400 253 "http://www.91.134.143.237/" "Mozilla/5.0 (Windows NT 5.1; rv:9.0.1) Gecko/20100101 Firefox/9.0.1"
188.0.236.152 - - [10/Dec/2016:09:21:54 +0100] "GET /HNAP1/ HTTP/1.1" 400 253 "http://www.91.134.143.237/" "Mozilla/5.0 (Windows NT 5.1; rv:9.0.1) Gecko/20100101 Firefox/9.0.1"
157.55.39.74 - - [10/Dec/2016:09:21:55 +0100] "GET / HTTP/1.1" 301 559 "-" "Mozilla/5.0 (compatible; bingbot/2.0; +http://www.bing.com/bingbot.htm)"
188.226.196.167 - - [10/Dec/2016:09:23:08 +0100] "GET /robots.txt HTTP/1.1" 200 1906 "-" "Mozilla/5.0 (Windows; U; Windows NT 6.1; en-US) AppleWebKit/534.16 (KHTML, like Gecko) Chrome/10.0.648.204 Safari/534.16"
188.226.196.167 - - [10/Dec/2016:09:23:08 +0100] "GET /strategie.php HTTP/1.1" 301 574 "-" "Mozilla/5.0 (Windows; U; Windows NT 6.1; en-US) AppleWebKit/534.16 (KHTML, like Gecko) Chrome/10.0.648.204 Safari/534.16"
188.226.196.167 - - [10/Dec/2016:09:23:08 +0100] "GET /groupe HTTP/1.1" 200 34594 "-" "Mozilla/5.0 (Windows; U; Windows NT 6.1; en-US) AppleWebKit/534.16 (KHTML, like Gecko) Chrome/10.0.648.204 Safari/534.16"
158.69.27.74 - - [10/Dec/2016:09:29:08 +0100] "GET / HTTP/1.1" 301 559 "-" "Mozilla/5.0 (Windows NT 5.2) AppleWebKit/537.36 (KHTML, like Gecko) Chrome/35.0.1916.153 Safari/537.36"
158.69.27.74 - - [10/Dec/2016:09:29:08 +0100] "GET / HTTP/1.1" 200 263187 "-" "Mozilla/5.0 (Windows NT 5.2) AppleWebKit/537.36 (KHTML, like Gecko) Chrome/35.0.1916.153 Safari/537.36"
158.69.27.74 - - [10/Dec/2016:09:29:14 +0100] "GET / HTTP/1.1" 200 263187 "-" "Mozilla/5.0 (Windows NT 5.2) AppleWebKit/537.36 (KHTML, like Gecko) Chrome/35.0.1916.153 Safari/537.36"
157.55.39.74 - - [10/Dec/2016:09:29:59 +0100] "GET /carriere/software-craftsman-developpeur/hf-software-craftsman-c-2 HTTP/1.1" 404 13477 "-" "Mozilla/5.0 (iPhone; CPU iPhone OS 7_0 like Mac OS X) AppleWebKit/537.51.1 (KHTML, like Gecko) Version/7.0 Mobile/11A465 Safari/9537.53 (compatible; bingbot/2.0; +http://www.bing.com/bingbot.htm)"
157.55.39.75 - - [10/Dec/2016:09:30:25 +0100] "GET /EN/ HTTP/1.1" 301 569 "-" "Mozilla/5.0 (iPhone; CPU iPhone OS 7_0 like Mac OS X) AppleWebKit/537.51.1 (KHTML, like Gecko) Version/7.0 Mobile/11A465 Safari/9537.53 (compatible; bingbot/2.0; +http://www.bing.com/bingbot.htm)"
157.55.39.75 - - [10/Dec/2016:09:30:26 +0100] "GET /carriere/toutes-les-offres-capfi HTTP/1.1" 404 13477 "-" "Mozilla/5.0 (iPhone; CPU iPhone OS 7_0 like Mac OS X) AppleWebKit/537.51.1 (KHTML, like Gecko) Version/7.0 Mobile/11A465 Safari/9537.53 (compatible; bingbot/2.0; +http://www.bing.com/bingbot.htm)"
188.226.196.167 - - [10/Dec/2016:09:30:47 +0100] "GET /presentation-metiers.php HTTP/1.1" 301 579 "-" "Mozilla/5.0 (Windows; U; Windows NT 6.1; en-US) AppleWebKit/534.16 (KHTML, like Gecko) Chrome/10.0.648.204 Safari/534.16"
188.226.196.167 - - [10/Dec/2016:09:30:47 +0100] "GET /carriere HTTP/1.1" 200 32670 "-" "Mozilla/5.0 (Windows; U; Windows NT 6.1; en-US) AppleWebKit/534.16 (KHTML, like Gecko) Chrome/10.0.648.204 Safari/534.16"
157.55.39.75 - - [10/Dec/2016:09:31:04 +0100] "GET / HTTP/1.1" 200 33943 "-" "Mozilla/5.0 (iPhone; CPU iPhone OS 7_0 like Mac OS X) AppleWebKit/537.51.1 (KHTML, like Gecko) Version/7.0 Mobile/11A465 Safari/9537.53 (compatible; bingbot/2.0; +http://www.bing.com/bingbot.htm)"
131.253.25.222 - - [10/Dec/2016:09:31:24 +0100] "GET /core/themes/stable/css/system/components/ajax-progress.module.css?oh31p8 HTTP/1.1" 200 765 "http://www.capfi.co.uk/" "Mozilla/5.0 (iPhone; CPU iPhone OS 7_0 like Mac OS X) AppleWebKit/537.51.1 (KHTML, like Gecko) Version/7.0 Mobile/11A465 Safari/9537.53 BingPreview/1.0b"
131.253.25.222 - - [10/Dec/2016:09:31:24 +0100] "GET /core/themes/stable/css/system/components/align.module.css?oh31p8 HTTP/1.1" 200 496 "http://www.capfi.co.uk/" "Mozilla/5.0 (iPhone; CPU iPhone OS 7_0 like Mac OS X) AppleWebKit/537.51.1 (KHTML, like Gecko) Version/7.0 Mobile/11A465 Safari/9537.53 BingPreview/1.0b"
131.253.25.222 - - [10/Dec/2016:09:31:25 +0100] "GET /core/themes/stable/css/system/components/autocomplete-loading.module.css?oh31p8 HTTP/1.1" 200 531 "http://www.capfi.co.uk/" "Mozilla/5.0 (iPhone; CPU iPhone OS 7_0 like Mac OS X) AppleWebKit/537.51.1 (KHTML, like Gecko) Version/7.0 Mobile/11A465 Safari/9537.53 BingPreview/1.0b"
