217.250.180.246 - - [05/Dec/2016:06:31:39 +0100] "GET /blog/techno-digital/micro-services-mais-pourquoi HTTP/1.1" 200 8299 "-" "Mozilla/5.0 (Windows; U; Windows NT 6.0; de; rv:1.9.2.3) Gecko/20100401 Firefox/3.6.3 ( .NET CLR 3.5.30729)"
157.55.39.85 - - [05/Dec/2016:06:33:27 +0100] "GET /EN/assistance-technique.php HTTP/1.1" 301 617 "-" "Mozilla/5.0 (iPhone; CPU iPhone OS 7_0 like Mac OS X) AppleWebKit/537.51.1 (KHTML, like Gecko) Version/7.0 Mobile/11A465 Safari/9537.53 (compatible; bingbot/2.0; +http://www.bing.com/bingbot.htm)"
157.55.39.85 - - [05/Dec/2016:06:37:03 +0100] "GET /assistance-technique.php HTTP/1.1" 301 586 "-" "Mozilla/5.0 (iPhone; CPU iPhone OS 7_0 like Mac OS X) AppleWebKit/537.51.1 (KHTML, like Gecko) Version/7.0 Mobile/11A465 Safari/9537.53 (compatible; bingbot/2.0; +http://www.bing.com/bingbot.htm)"
157.55.39.85 - - [05/Dec/2016:06:38:04 +0100] "GET /robots.txt HTTP/1.1" 200 1906 "-" "Mozilla/5.0 (compatible; bingbot/2.0; +http://www.bing.com/bingbot.htm)"
217.250.180.246 - - [05/Dec/2016:06:38:11 +0100] "GET /carriere/ingenierie-infrastructure/ingenieur-systeme-unixlinux-hf HTTP/1.1" 200 7493 "-" "Mozilla/5.0 (Windows; U; Windows NT 6.0; de; rv:1.9.2.3) Gecko/20100401 Firefox/3.6.3 ( .NET CLR 3.5.30729)"
157.55.39.85 - - [05/Dec/2016:06:38:50 +0100] "GET /technology HTTP/1.1" 200 7393 "-" "Mozilla/5.0 (iPhone; CPU iPhone OS 7_0 like Mac OS X) AppleWebKit/537.51.1 (KHTML, like Gecko) Version/7.0 Mobile/11A465 Safari/9537.53 (compatible; bingbot/2.0; +http://www.bing.com/bingbot.htm)"
180.76.15.14 - - [05/Dec/2016:06:39:12 +0100] "GET /career/internships/end-studies-internship-business-analysis-support-structured-products-middle HTTP/1.1" 200 7148 "-" "Mozilla/5.0 (compatible; Baiduspider/2.0; +http://www.baidu.com/search/spider.html)"
81.52.143.31 - - [05/Dec/2016:06:39:14 +0100] "GET /robots.txt HTTP/1.1" 200 885 "-" "Mozilla/5.0 (compatible; OrangeBot/2.0; support.orangebot@orange.com)"
81.52.143.31 - - [05/Dec/2016:06:39:20 +0100] "GET /expertise/architecture-des-reseaux HTTP/1.1" 200 4412 "-" "Mozilla/5.0 (compatible; OrangeBot/2.0; support.orangebot@orange.com)"
157.55.2.164 - - [05/Dec/2016:06:39:22 +0100] "GET /themes/custom/capfi/css/main.css HTTP/1.1" 200 20002 "http://www.capfi.fr/technology" "Mozilla/5.0 (iPhone; CPU iPhone OS 7_0 like Mac OS X) AppleWebKit/537.51.1 (KHTML, like Gecko) Version/7.0 Mobile/11A465 Safari/9537.53 BingPreview/1.0b"
157.55.39.198 - - [05/Dec/2016:06:39:39 +0100] "GET /sites/default/files/stages/formula_technology.svg HTTP/1.1" 200 8120 "-" "Mozilla/5.0 (iPhone; CPU iPhone OS 7_0 like Mac OS X) AppleWebKit/537.51.1 (KHTML, like Gecko) Version/7.0 Mobile/11A465 Safari/9537.53 (compatible; bingbot/2.0; +http://www.bing.com/bingbot.htm)"
157.55.39.198 - - [05/Dec/2016:06:39:39 +0100] "GET /sites/default/files/styles/1j1h1a/public/pictures/2016-05/capfi_tech_3.jpg?itok=63hXfPct HTTP/1.1" 200 23488 "-" "Mozilla/5.0 (iPhone; CPU iPhone OS 7_0 like Mac OS X) AppleWebKit/537.51.1 (KHTML, like Gecko) Version/7.0 Mobile/11A465 Safari/9537.53 (compatible; bingbot/2.0; +http://www.bing.com/bingbot.htm)"
157.55.39.223 - - [05/Dec/2016:06:39:44 +0100] "GET /themes/custom/capfi/images/illustrations/recruitment_push/cv_46_Julie_JIMENEZ.png HTTP/1.1" 200 28678 "-" "Mozilla/5.0 (iPhone; CPU iPhone OS 7_0 like Mac OS X) AppleWebKit/537.51.1 (KHTML, like Gecko) Version/7.0 Mobile/11A465 Safari/9537.53 (compatible; bingbot/2.0; +http://www.bing.com/bingbot.htm)"
40.77.167.75 - - [05/Dec/2016:06:40:08 +0100] "GET /themes/custom/capfi/images/illustrations/content_header/stage_1_Bruno_GABRIEL.png HTTP/1.1" 200 78952 "-" "Mozilla/5.0 (iPhone; CPU iPhone OS 7_0 like Mac OS X) AppleWebKit/537.51.1 (KHTML, like Gecko) Version/7.0 Mobile/11A465 Safari/9537.53 (compatible; bingbot/2.0; +http://www.bing.com/bingbot.htm)"
46.229.164.102 - - [05/Dec/2016:06:41:53 +0100] "GET /sixieme-sensrobots.txt HTTP/1.1" 404 623 "-" "Mozilla/5.0 (compatible; SemrushBot/1.1~bl; +http://www.semrush.com/bot.html)"
217.250.180.246 - - [05/Dec/2016:06:43:21 +0100] "GET /carriere/emploi-integration-de-progiciels HTTP/1.1" 200 4766 "-" "Mozilla/5.0 (Windows; U; Windows NT 6.0; de; rv:1.9.2.3) Gecko/20100401 Firefox/3.6.3 ( .NET CLR 3.5.30729)"
77.75.78.171 - - [05/Dec/2016:06:43:24 +0100] "GET /robots.txt HTTP/1.1" 200 922 "-" "Mozilla/5.0 (compatible; SeznamBot/3.2; +http://napoveda.seznam.cz/en/seznambot-intro/)"
77.75.78.171 - - [05/Dec/2016:06:43:30 +0100] "GET /themes/custom/capfi/images/illustrations/tree_operation.svg HTTP/1.1" 200 4211 "-" "Mozilla/5.0 (compatible; SeznamBot/3.2; +http://napoveda.seznam.cz/en/seznambot-intro/)"
157.55.39.85 - - [05/Dec/2016:06:43:42 +0100] "GET /index3.html/robots.txt HTTP/1.1" 404 660 "-" "Mozilla/5.0 (compatible; bingbot/2.0; +http://www.bing.com/bingbot.htm)"
217.250.180.246 - - [05/Dec/2016:06:44:20 +0100] "GET /blog/techno-digital/sql-compare-et-sql-data-compare HTTP/1.1" 200 8599 "-" "Mozilla/5.0 (Windows; U; Windows NT 6.0; de; rv:1.9.2.3) Gecko/20100401 Firefox/3.6.3 ( .NET CLR 3.5.30729)"
217.250.180.246 - - [05/Dec/2016:06:44:45 +0100] "GET /carriere/stage/ingenieur-reseaux-stage-hf HTTP/1.1" 200 7442 "-" "Mozilla/5.0 (Windows; U; Windows NT 6.0; de; rv:1.9.2.3) Gecko/20100401 Firefox/3.6.3 ( .NET CLR 3.5.30729)"
23.88.228.190 - - [05/Dec/2016:06:47:33 +0100] "GET / HTTP/1.1" 200 256247 "http://www.domain2008.com/domains/www.capfi.co.uk" "Mozilla/5.0 (compatible; MSIE 9.0; Windows NT 6.1; WOW64; Trident/5.0)"
217.250.180.246 - - [05/Dec/2016:06:47:36 +0100] "GET /carriere/staff/stage-ingenieur-commercial-0 HTTP/1.1" 200 7046 "-" "Mozilla/5.0 (Windows; U; Windows NT 6.0; de; rv:1.9.2.3) Gecko/20100401 Firefox/3.6.3 ( .NET CLR 3.5.30729)"
180.76.15.27 - - [05/Dec/2016:06:48:27 +0100] "GET / HTTP/1.1" 200 67160 "-" "Mozilla/5.0 (compatible; Baiduspider/2.0; +http://www.baidu.com/search/spider.html)"
217.250.180.246 - - [05/Dec/2016:06:48:53 +0100] "GET /carriere/stage/assistance-maitrise-douvrage-stage-hf HTTP/1.1" 200 7647 "-" "Mozilla/5.0 (Windows; U; Windows NT 6.0; de; rv:1.9.2.3) Gecko/20100401 Firefox/3.6.3 ( .NET CLR 3.5.30729)"
217.250.180.246 - - [05/Dec/2016:06:49:16 +0100] "GET /expertise/latelier HTTP/1.1" 200 4636 "-" "Mozilla/5.0 (Windows; U; Windows NT 6.0; de; rv:1.9.2.3) Gecko/20100401 Firefox/3.6.3 ( .NET CLR 3.5.30729)"
180.76.15.34 - - [05/Dec/2016:06:49:45 +0100] "GET / HTTP/1.1" 200 67160 "-" "Mozilla/5.0 (compatible; Baiduspider/2.0; +http://www.baidu.com/search/spider.html)"
88.180.168.50 - - [05/Dec/2016:06:50:15 +0100] "GET /blog/techno-digital/micro-services-mais-pourquoi HTTP/1.1" 200 8503 "-" "Mozilla/5.0 (Macintosh; Intel Mac OS X 10_11_6) AppleWebKit/602.2.14 (KHTML, like Gecko) Version/10.0.1 Safari/602.2.14"
88.180.168.50 - - [05/Dec/2016:06:50:16 +0100] "GET /core/themes/stable/css/system/components/ajax-progress.module.css?oh31p8 HTTP/1.1" 200 820 "http://www.capfi.fr/blog/techno-digital/micro-services-mais-pourquoi" "Mozilla/5.0 (Macintosh; Intel Mac OS X 10_11_6) AppleWebKit/602.2.14 (KHTML, like Gecko) Version/10.0.1 Safari/602.2.14"
88.180.168.50 - - [05/Dec/2016:06:50:16 +0100] "GET /core/themes/stable/css/system/components/autocomplete-loading.module.css?oh31p8 HTTP/1.1" 200 587 "http://www.capfi.fr/blog/techno-digital/micro-services-mais-pourquoi" "Mozilla/5.0 (Macintosh; Intel Mac OS X 10_11_6) AppleWebKit/602.2.14 (KHTML, like Gecko) Version/10.0.1 Safari/602.2.14"
88.180.168.50 - - [05/Dec/2016:06:50:16 +0100] "GET /core/themes/stable/css/system/components/align.module.css?oh31p8 HTTP/1.1" 200 552 "http://www.capfi.fr/blog/techno-digital/micro-services-mais-pourquoi" "Mozilla/5.0 (Macintosh; Intel Mac OS X 10_11_6) AppleWebKit/602.2.14 (KHTML, like Gecko) Version/10.0.1 Safari/602.2.14"
88.180.168.50 - - [05/Dec/2016:06:50:16 +0100] "GET /core/themes/stable/css/system/components/fieldgroup.module.css?oh31p8 HTTP/1.1" 200 428 "http://www.capfi.fr/blog/techno-digital/micro-services-mais-pourquoi" "Mozilla/5.0 (Macintosh; Intel Mac OS X 10_11_6) AppleWebKit/602.2.14 (KHTML, like Gecko) Version/10.0.1 Safari/602.2.14"
88.180.168.50 - - [05/Dec/2016:06:50:16 +0100] "GET /core/themes/stable/css/system/components/container-inline.module.css?oh31p8 HTTP/1.1" 200 489 "http://www.capfi.fr/blog/techno-digital/micro-services-mais-pourquoi" "Mozilla/5.0 (Macintosh; Intel Mac OS X 10_11_6) AppleWebKit/602.2.14 (KHTML, like Gecko) Version/10.0.1 Safari/602.2.14"
88.180.168.50 - - [05/Dec/2016:06:50:16 +0100] "GET /core/themes/stable/css/system/components/clearfix.module.css?oh31p8 HTTP/1.1" 200 557 "http://www.capfi.fr/blog/techno-digital/micro-services-mais-pourquoi" "Mozilla/5.0 (Macintosh; Intel Mac OS X 10_11_6) AppleWebKit/602.2.14 (KHTML, like Gecko) Version/10.0.1 Safari/602.2.14"
88.180.168.50 - - [05/Dec/2016:06:50:16 +0100] "GET /core/themes/stable/css/system/components/details.module.css?oh31p8 HTTP/1.1" 200 455 "http://www.capfi.fr/blog/techno-digital/micro-services-mais-pourquoi" "Mozilla/5.0 (Macintosh; Intel Mac OS X 10_11_6) AppleWebKit/602.2.14 (KHTML, like Gecko) Version/10.0.1 Safari/602.2.14"
88.180.168.50 - - [05/Dec/2016:06:50:16 +0100] "GET /core/themes/stable/css/system/components/hidden.module.css?oh31p8 HTTP/1.1" 200 983 "http://www.capfi.fr/blog/techno-digital/micro-services-mais-pourquoi" "Mozilla/5.0 (Macintosh; Intel Mac OS X 10_11_6) AppleWebKit/602.2.14 (KHTML, like Gecko) Version/10.0.1 Safari/602.2.14"
88.180.168.50 - - [05/Dec/2016:06:50:16 +0100] "GET /core/themes/stable/css/system/components/item-list.module.css?oh31p8 HTTP/1.1" 200 489 "http://www.capfi.fr/blog/techno-digital/micro-services-mais-pourquoi" "Mozilla/5.0 (Macintosh; Intel Mac OS X 10_11_6) AppleWebKit/602.2.14 (KHTML, like Gecko) Version/10.0.1 Safari/602.2.14"
88.180.168.50 - - [05/Dec/2016:06:50:16 +0100] "GET /core/themes/stable/css/system/components/js.module.css?oh31p8 HTTP/1.1" 200 567 "http://www.capfi.fr/blog/techno-digital/micro-services-mais-pourquoi" "Mozilla/5.0 (Macintosh; Intel Mac OS X 10_11_6) AppleWebKit/602.2.14 (KHTML, like Gecko) Version/10.0.1 Safari/602.2.14"
88.180.168.50 - - [05/Dec/2016:06:50:16 +0100] "GET /core/themes/stable/css/system/components/nowrap.module.css?oh31p8 HTTP/1.1" 200 438 "http://www.capfi.fr/blog/techno-digital/micro-services-mais-pourquoi" "Mozilla/5.0 (Macintosh; Intel Mac OS X 10_11_6) AppleWebKit/602.2.14 (KHTML, like Gecko) Version/10.0.1 Safari/602.2.14"
88.180.168.50 - - [05/Dec/2016:06:50:16 +0100] "GET /core/themes/stable/css/system/components/position-container.module.css?oh31p8 HTTP/1.1" 200 427 "http://www.capfi.fr/blog/techno-digital/micro-services-mais-pourquoi" "Mozilla/5.0 (Macintosh; Intel Mac OS X 10_11_6) AppleWebKit/602.2.14 (KHTML, like Gecko) Version/10.0.1 Safari/602.2.14"
88.180.168.50 - - [05/Dec/2016:06:50:16 +0100] "GET /core/themes/stable/css/system/components/progress.module.css?oh31p8 HTTP/1.1" 200 691 "http://www.capfi.fr/blog/techno-digital/micro-services-mais-pourquoi" "Mozilla/5.0 (Macintosh; Intel Mac OS X 10_11_6) AppleWebKit/602.2.14 (KHTML, like Gecko) Version/10.0.1 Safari/602.2.14"
88.180.168.50 - - [05/Dec/2016:06:50:16 +0100] "GET /core/themes/stable/css/system/components/reset-appearance.module.css?oh31p8 HTTP/1.1" 200 523 "http://www.capfi.fr/blog/techno-digital/micro-services-mais-pourquoi" "Mozilla/5.0 (Macintosh; Intel Mac OS X 10_11_6) AppleWebKit/602.2.14 (KHTML, like Gecko) Version/10.0.1 Safari/602.2.14"
88.180.168.50 - - [05/Dec/2016:06:50:16 +0100] "GET /core/themes/stable/css/system/components/resize.module.css?oh31p8 HTTP/1.1" 200 490 "http://www.capfi.fr/blog/techno-digital/micro-services-mais-pourquoi" "Mozilla/5.0 (Macintosh; Intel Mac OS X 10_11_6) AppleWebKit/602.2.14 (KHTML, like Gecko) Version/10.0.1 Safari/602.2.14"
88.180.168.50 - - [05/Dec/2016:06:50:16 +0100] "GET /core/themes/stable/css/system/components/sticky-header.module.css?oh31p8 HTTP/1.1" 200 477 "http://www.capfi.fr/blog/techno-digital/micro-services-mais-pourquoi" "Mozilla/5.0 (Macintosh; Intel Mac OS X 10_11_6) AppleWebKit/602.2.14 (KHTML, like Gecko) Version/10.0.1 Safari/602.2.14"
88.180.168.50 - - [05/Dec/2016:06:50:16 +0100] "GET /core/themes/stable/css/system/components/tablesort.module.css?oh31p8 HTTP/1.1" 200 548 "http://www.capfi.fr/blog/techno-digital/micro-services-mais-pourquoi" "Mozilla/5.0 (Macintosh; Intel Mac OS X 10_11_6) AppleWebKit/602.2.14 (KHTML, like Gecko) Version/10.0.1 Safari/602.2.14"
88.180.168.50 - - [05/Dec/2016:06:50:16 +0100] "GET /core/themes/stable/css/system/components/tabledrag.module.css?oh31p8 HTTP/1.1" 200 966 "http://www.capfi.fr/blog/techno-digital/micro-services-mais-pourquoi" "Mozilla/5.0 (Macintosh; Intel Mac OS X 10_11_6) AppleWebKit/602.2.14 (KHTML, like Gecko) Version/10.0.1 Safari/602.2.14"
88.180.168.50 - - [05/Dec/2016:06:50:16 +0100] "GET /core/themes/stable/css/system/components/tree-child.module.css?oh31p8 HTTP/1.1" 200 558 "http://www.capfi.fr/blog/techno-digital/micro-services-mais-pourquoi" "Mozilla/5.0 (Macintosh; Intel Mac OS X 10_11_6) AppleWebKit/602.2.14 (KHTML, like Gecko) Version/10.0.1 Safari/602.2.14"
88.180.168.50 - - [05/Dec/2016:06:50:16 +0100] "GET /themes/custom/capfi/css/main.css HTTP/1.1" 200 20057 "http://www.capfi.fr/blog/techno-digital/micro-services-mais-pourquoi" "Mozilla/5.0 (Macintosh; Intel Mac OS X 10_11_6) AppleWebKit/602.2.14 (KHTML, like Gecko) Version/10.0.1 Safari/602.2.14"
88.180.168.50 - - [05/Dec/2016:06:50:16 +0100] "GET /themes/custom/capfi/js/vendor/jquery-1.11.3.min.js?v=2.1.4 HTTP/1.1" 200 33656 "http://www.capfi.fr/blog/techno-digital/micro-services-mais-pourquoi" "Mozilla/5.0 (Macintosh; Intel Mac OS X 10_11_6) AppleWebKit/602.2.14 (KHTML, like Gecko) Version/10.0.1 Safari/602.2.14"
88.180.168.50 - - [05/Dec/2016:06:50:16 +0100] "GET /themes/custom/capfi/js/main.js?v=8.1.10 HTTP/1.1" 200 34630 "http://www.capfi.fr/blog/techno-digital/micro-services-mais-pourquoi" "Mozilla/5.0 (Macintosh; Intel Mac OS X 10_11_6) AppleWebKit/602.2.14 (KHTML, like Gecko) Version/10.0.1 Safari/602.2.14"
88.180.168.50 - - [05/Dec/2016:06:50:16 +0100] "GET /sites/default/files/inline-images/micro-service.jpg HTTP/1.1" 200 26685 "http://www.capfi.fr/blog/techno-digital/micro-services-mais-pourquoi" "Mozilla/5.0 (Macintosh; Intel Mac OS X 10_11_6) AppleWebKit/602.2.14 (KHTML, like Gecko) Version/10.0.1 Safari/602.2.14"
88.180.168.50 - - [05/Dec/2016:06:50:16 +0100] "GET /sites/default/files/styles/article_blog/public/2016-11/10_1J%201H%201%20by%20CAPFI%20partenaire%20de%20Plane%CC%80te%20Urgence_478X478.jpg?itok=92P0dUYx HTTP/1.1" 200 11036 "http://www.capfi.fr/blog/techno-digital/micro-services-mais-pourquoi" "Mozilla/5.0 (Macintosh; Intel Mac OS X 10_11_6) AppleWebKit/602.2.14 (KHTML, like Gecko) Version/10.0.1 Safari/602.2.14"
88.180.168.50 - - [05/Dec/2016:06:50:16 +0100] "GET /sites/default/files/styles/article_blog/public/2016-11/11_Sponsoring%20Voile%20%201Jour%201Homme%201Arbre%20by%20CAPFI%20_478X478.jpg?itok=0i2dYBpz HTTP/1.1" 200 20169 "http://www.capfi.fr/blog/techno-digital/micro-services-mais-pourquoi" "Mozilla/5.0 (Macintosh; Intel Mac OS X 10_11_6) AppleWebKit/602.2.14 (KHTML, like Gecko) Version/10.0.1 Safari/602.2.14"
88.180.168.50 - - [05/Dec/2016:06:50:16 +0100] "GET /sites/default/files/styles/article_blog/public/2016-11/6_C%E2%80%99est%20Me%CC%81lanie%20qui%20le%20dit%20%21_478X478.jpg?itok=0QT-cST8 HTTP/1.1" 200 19169 "http://www.capfi.fr/blog/techno-digital/micro-services-mais-pourquoi" "Mozilla/5.0 (Macintosh; Intel Mac OS X 10_11_6) AppleWebKit/602.2.14 (KHTML, like Gecko) Version/10.0.1 Safari/602.2.14"
88.180.168.50 - - [05/Dec/2016:06:50:16 +0100] "GET /themes/custom/capfi/images/logos/microsoft_partner@x2.png HTTP/1.1" 200 6295 "http://www.capfi.fr/blog/techno-digital/micro-services-mais-pourquoi" "Mozilla/5.0 (Macintosh; Intel Mac OS X 10_11_6) AppleWebKit/602.2.14 (KHTML, like Gecko) Version/10.0.1 Safari/602.2.14"
88.180.168.50 - - [05/Dec/2016:06:50:16 +0100] "GET /sites/default/files/inline-images/micro-service2.jpg HTTP/1.1" 200 103265 "http://www.capfi.fr/blog/techno-digital/micro-services-mais-pourquoi" "Mozilla/5.0 (Macintosh; Intel Mac OS X 10_11_6) AppleWebKit/602.2.14 (KHTML, like Gecko) Version/10.0.1 Safari/602.2.14"
88.180.168.50 - - [05/Dec/2016:06:50:16 +0100] "GET /themes/custom/capfi/images/logos/capfi.png HTTP/1.1" 200 9139 "http://www.capfi.fr/blog/techno-digital/micro-services-mais-pourquoi" "Mozilla/5.0 (Macintosh; Intel Mac OS X 10_11_6) AppleWebKit/602.2.14 (KHTML, like Gecko) Version/10.0.1 Safari/602.2.14"
88.180.168.50 - - [05/Dec/2016:06:50:16 +0100] "GET /sites/default/files/styles/article_full/public/2016-11/1150X340_Micro%20service.jpg?itok=yNRAyD-c HTTP/1.1" 200 32610 "http://www.capfi.fr/blog/techno-digital/micro-services-mais-pourquoi" "Mozilla/5.0 (Macintosh; Intel Mac OS X 10_11_6) AppleWebKit/602.2.14 (KHTML, like Gecko) Version/10.0.1 Safari/602.2.14"
88.180.168.50 - - [05/Dec/2016:06:50:17 +0100] "GET /themes/custom/capfi/images/logos/footer/capfi.png HTTP/1.1" 200 2937 "http://www.capfi.fr/blog/techno-digital/micro-services-mais-pourquoi" "Mozilla/5.0 (Macintosh; Intel Mac OS X 10_11_6) AppleWebKit/602.2.14 (KHTML, like Gecko) Version/10.0.1 Safari/602.2.14"
88.180.168.50 - - [05/Dec/2016:06:50:17 +0100] "GET /themes/custom/capfi/images/logos/footer/capfi_technology.png HTTP/1.1" 200 2533 "http://www.capfi.fr/blog/techno-digital/micro-services-mais-pourquoi" "Mozilla/5.0 (Macintosh; Intel Mac OS X 10_11_6) AppleWebKit/602.2.14 (KHTML, like Gecko) Version/10.0.1 Safari/602.2.14"
88.180.168.50 - - [05/Dec/2016:06:50:17 +0100] "GET /themes/custom/capfi/images/logos/footer/capfi_consulting.png HTTP/1.1" 200 2643 "http://www.capfi.fr/blog/techno-digital/micro-services-mais-pourquoi" "Mozilla/5.0 (Macintosh; Intel Mac OS X 10_11_6) AppleWebKit/602.2.14 (KHTML, like Gecko) Version/10.0.1 Safari/602.2.14"
88.180.168.50 - - [05/Dec/2016:06:50:17 +0100] "GET /themes/custom/capfi/images/logos/footer/capfi_6eme_sens.png HTTP/1.1" 200 2398 "http://www.capfi.fr/blog/techno-digital/micro-services-mais-pourquoi" "Mozilla/5.0 (Macintosh; Intel Mac OS X 10_11_6) AppleWebKit/602.2.14 (KHTML, like Gecko) Version/10.0.1 Safari/602.2.14"
88.180.168.50 - - [05/Dec/2016:06:50:17 +0100] "GET /themes/custom/capfi/images/logos/footer/facebook.png HTTP/1.1" 200 507 "http://www.capfi.fr/blog/techno-digital/micro-services-mais-pourquoi" "Mozilla/5.0 (Macintosh; Intel Mac OS X 10_11_6) AppleWebKit/602.2.14 (KHTML, like Gecko) Version/10.0.1 Safari/602.2.14"
88.180.168.50 - - [05/Dec/2016:06:50:17 +0100] "GET /themes/custom/capfi/images/logos/footer/twitter.png HTTP/1.1" 200 746 "http://www.capfi.fr/blog/techno-digital/micro-services-mais-pourquoi" "Mozilla/5.0 (Macintosh; Intel Mac OS X 10_11_6) AppleWebKit/602.2.14 (KHTML, like Gecko) Version/10.0.1 Safari/602.2.14"
88.180.168.50 - - [05/Dec/2016:06:50:17 +0100] "GET /themes/custom/capfi/images/logos/footer/linkedin.png HTTP/1.1" 200 629 "http://www.capfi.fr/blog/techno-digital/micro-services-mais-pourquoi" "Mozilla/5.0 (Macintosh; Intel Mac OS X 10_11_6) AppleWebKit/602.2.14 (KHTML, like Gecko) Version/10.0.1 Safari/602.2.14"
88.180.168.50 - - [05/Dec/2016:06:50:17 +0100] "GET /themes/custom/capfi/images/logos/footer/glassdoor.png HTTP/1.1" 200 645 "http://www.capfi.fr/blog/techno-digital/micro-services-mais-pourquoi" "Mozilla/5.0 (Macintosh; Intel Mac OS X 10_11_6) AppleWebKit/602.2.14 (KHTML, like Gecko) Version/10.0.1 Safari/602.2.14"
88.180.168.50 - - [05/Dec/2016:06:50:17 +0100] "GET /themes/custom/capfi/images/icons/arrow_left_white.svg HTTP/1.1" 200 538 "http://www.capfi.fr/blog/techno-digital/micro-services-mais-pourquoi" "Mozilla/5.0 (Macintosh; Intel Mac OS X 10_11_6) AppleWebKit/602.2.14 (KHTML, like Gecko) Version/10.0.1 Safari/602.2.14"
88.180.168.50 - - [05/Dec/2016:06:50:17 +0100] "GET /themes/custom/capfi/images/logos/footer/youtube.png HTTP/1.1" 200 584 "http://www.capfi.fr/blog/techno-digital/micro-services-mais-pourquoi" "Mozilla/5.0 (Macintosh; Intel Mac OS X 10_11_6) AppleWebKit/602.2.14 (KHTML, like Gecko) Version/10.0.1 Safari/602.2.14"
88.180.168.50 - - [05/Dec/2016:06:50:17 +0100] "GET /themes/custom/capfi/images/icons/arrow_left_red.svg HTTP/1.1" 200 541 "http://www.capfi.fr/blog/techno-digital/micro-services-mais-pourquoi" "Mozilla/5.0 (Macintosh; Intel Mac OS X 10_11_6) AppleWebKit/602.2.14 (KHTML, like Gecko) Version/10.0.1 Safari/602.2.14"
88.180.168.50 - - [05/Dec/2016:06:50:17 +0100] "GET /themes/custom/capfi/images/logos/footer/phone.svg HTTP/1.1" 200 677 "http://www.capfi.fr/blog/techno-digital/micro-services-mais-pourquoi" "Mozilla/5.0 (Macintosh; Intel Mac OS X 10_11_6) AppleWebKit/602.2.14 (KHTML, like Gecko) Version/10.0.1 Safari/602.2.14"
88.180.168.50 - - [05/Dec/2016:06:50:17 +0100] "GET /themes/custom/capfi/images/logos/footer/email.svg HTTP/1.1" 200 786 "http://www.capfi.fr/blog/techno-digital/micro-services-mais-pourquoi" "Mozilla/5.0 (Macintosh; Intel Mac OS X 10_11_6) AppleWebKit/602.2.14 (KHTML, like Gecko) Version/10.0.1 Safari/602.2.14"
88.180.168.50 - - [05/Dec/2016:06:50:17 +0100] "GET /themes/custom/capfi/css/main.css HTTP/1.1" 200 20058 "http://www.capfi.fr/blog/techno-digital/micro-services-mais-pourquoi" "Mozilla/5.0 (Macintosh; Intel Mac OS X 10_11_6) AppleWebKit/602.2.14 (KHTML, like Gecko) Version/10.0.1 Safari/602.2.14"
88.180.168.50 - - [05/Dec/2016:06:50:17 +0100] "GET /themes/custom/capfi/fonts/flexo-medium.woff HTTP/1.1" 200 49359 "http://www.capfi.fr/blog/techno-digital/micro-services-mais-pourquoi" "Mozilla/5.0 (Macintosh; Intel Mac OS X 10_11_6) AppleWebKit/602.2.14 (KHTML, like Gecko) Version/10.0.1 Safari/602.2.14"
88.180.168.50 - - [05/Dec/2016:06:50:17 +0100] "GET /themes/custom/capfi/fonts/flexo-light.woff HTTP/1.1" 200 49442 "http://www.capfi.fr/blog/techno-digital/micro-services-mais-pourquoi" "Mozilla/5.0 (Macintosh; Intel Mac OS X 10_11_6) AppleWebKit/602.2.14 (KHTML, like Gecko) Version/10.0.1 Safari/602.2.14"
88.180.168.50 - - [05/Dec/2016:06:50:17 +0100] "GET /themes/custom/capfi/fonts/flexo-thin.woff HTTP/1.1" 200 46383 "http://www.capfi.fr/blog/techno-digital/micro-services-mais-pourquoi" "Mozilla/5.0 (Macintosh; Intel Mac OS X 10_11_6) AppleWebKit/602.2.14 (KHTML, like Gecko) Version/10.0.1 Safari/602.2.14"
88.180.168.50 - - [05/Dec/2016:06:50:18 +0100] "GET /themes/custom/capfi/fonts/flexo-light.ttf HTTP/1.1" 200 115553 "http://www.capfi.fr/blog/techno-digital/micro-services-mais-pourquoi" "Mozilla/5.0 (Macintosh; Intel Mac OS X 10_11_6) AppleWebKit/602.2.14 (KHTML, like Gecko) Version/10.0.1 Safari/602.2.14"
88.180.168.50 - - [05/Dec/2016:06:50:19 +0100] "GET /themes/custom/capfi/favicon.ico HTTP/1.1" 200 1451 "http://www.capfi.fr/blog/techno-digital/micro-services-mais-pourquoi" "Mozilla/5.0 (Macintosh; Intel Mac OS X 10_11_6) AppleWebKit/602.2.14 (KHTML, like Gecko) Version/10.0.1 Safari/602.2.14"
::1 - - [05/Dec/2016:06:50:25 +0100] "OPTIONS * HTTP/1.0" 200 126 "-" "Apache/2.4.10 (Debian) OpenSSL/1.0.1t (internal dummy connection)"
::1 - - [05/Dec/2016:06:50:26 +0100] "OPTIONS * HTTP/1.0" 200 126 "-" "Apache/2.4.10 (Debian) OpenSSL/1.0.1t (internal dummy connection)"
::1 - - [05/Dec/2016:06:50:27 +0100] "OPTIONS * HTTP/1.0" 200 126 "-" "Apache/2.4.10 (Debian) OpenSSL/1.0.1t (internal dummy connection)"
80.74.159.47 - - [05/Dec/2016:06:50:40 +0100] "HEAD / HTTP/1.1" 301 180 "http://consultingbancaire.com" "Mozilla/5.0 (compatible; MSIE 9.0; Windows NT 6.1; WOW64; Trident/5.0)"
217.250.180.246 - - [05/Dec/2016:06:51:06 +0100] "GET /blog/consulting/conduite-du-changement HTTP/1.1" 200 8981 "-" "Mozilla/5.0 (Windows; U; Windows NT 6.0; de; rv:1.9.2.3) Gecko/20100401 Firefox/3.6.3 ( .NET CLR 3.5.30729)"
88.180.168.50 - - [05/Dec/2016:06:51:46 +0100] "GET /blog/communicationrse/cest-melanie-qui-le-dit HTTP/1.1" 200 5889 "http://www.capfi.fr/blog/techno-digital/micro-services-mais-pourquoi" "Mozilla/5.0 (Macintosh; Intel Mac OS X 10_11_6) AppleWebKit/602.2.14 (KHTML, like Gecko) Version/10.0.1 Safari/602.2.14"
88.180.168.50 - - [05/Dec/2016:06:51:47 +0100] "GET /sites/default/files/styles/article_blog/public/2016-11/478X478_SQL%20Compare.jpg?itok=1_YCDJd6 HTTP/1.1" 200 14689 "http://www.capfi.fr/blog/communicationrse/cest-melanie-qui-le-dit" "Mozilla/5.0 (Macintosh; Intel Mac OS X 10_11_6) AppleWebKit/602.2.14 (KHTML, like Gecko) Version/10.0.1 Safari/602.2.14"
88.180.168.50 - - [05/Dec/2016:06:51:47 +0100] "GET /sites/default/files/styles/article_blog/public/2016-11/5_WAF%20%E2%80%93%20Web%20Application%20Firewall_478X478_0.jpg?itok=z451pW-8 HTTP/1.1" 200 21364 "http://www.capfi.fr/blog/communicationrse/cest-melanie-qui-le-dit" "Mozilla/5.0 (Macintosh; Intel Mac OS X 10_11_6) AppleWebKit/602.2.14 (KHTML, like Gecko) Version/10.0.1 Safari/602.2.14"
88.180.168.50 - - [05/Dec/2016:06:51:47 +0100] "GET /sites/default/files/styles/article_blog/public/2016-11/3_Trading%20Electronique_478X478.jpg?itok=F4zQBbrY HTTP/1.1" 200 14647 "http://www.capfi.fr/blog/communicationrse/cest-melanie-qui-le-dit" "Mozilla/5.0 (Macintosh; Intel Mac OS X 10_11_6) AppleWebKit/602.2.14 (KHTML, like Gecko) Version/10.0.1 Safari/602.2.14"
88.180.168.50 - - [05/Dec/2016:06:51:47 +0100] "GET /sites/default/files/styles/article_full/public/2016-11/6_C%E2%80%99est%20Me%CC%81lanie%20qui%20le%20dit%20%21_1150X340.jpg?itok=_k4-IydX HTTP/1.1" 200 79090 "http://www.capfi.fr/blog/communicationrse/cest-melanie-qui-le-dit" "Mozilla/5.0 (Macintosh; Intel Mac OS X 10_11_6) AppleWebKit/602.2.14 (KHTML, like Gecko) Version/10.0.1 Safari/602.2.14"
220.181.108.155 - - [05/Dec/2016:06:52:31 +0100] "GET /robots.txt HTTP/1.1" 200 885 "-" "Mozilla/5.0 (compatible; Baiduspider/2.0; +http://www.baidu.com/search/spider.html)"
66.249.79.85 - - [05/Dec/2016:06:53:38 +0100] "GET /groupe HTTP/1.1" 200 7587 "-" "Mozilla/5.0 (compatible; Googlebot/2.1; +http://www.google.com/bot.html)"
217.250.180.246 - - [05/Dec/2016:06:53:41 +0100] "GET /carriere/software-craftsman-developpeur/software-craftsman-c-c-e-trading-hf HTTP/1.1" 200 7178 "-" "Mozilla/5.0 (Windows; U; Windows NT 6.0; de; rv:1.9.2.3) Gecko/20100401 Firefox/3.6.3 ( .NET CLR 3.5.30729)"
66.249.79.85 - - [05/Dec/2016:06:53:42 +0100] "GET /sixieme-sens HTTP/1.1" 200 6736 "-" "Mozilla/5.0 (compatible; Googlebot/2.1; +http://www.google.com/bot.html)"
217.250.180.246 - - [05/Dec/2016:06:56:55 +0100] "GET /carriere/software-craftsman-developpeur/software-craftsman-javaangular-hf HTTP/1.1" 200 7197 "-" "Mozilla/5.0 (Windows; U; Windows NT 6.0; de; rv:1.9.2.3) Gecko/20100401 Firefox/3.6.3 ( .NET CLR 3.5.30729)"
66.249.79.85 - - [05/Dec/2016:06:57:16 +0100] "GET /themes/custom/capfi/images/backgrounds/home_stage_infinite_bg.gif HTTP/1.1" 304 182 "-" "Googlebot-Image/1.0"
217.250.180.246 - - [05/Dec/2016:06:58:45 +0100] "GET /carriere/emploi-software-craftsman-developpeur HTTP/1.1" 200 4785 "-" "Mozilla/5.0 (Windows; U; Windows NT 6.0; de; rv:1.9.2.3) Gecko/20100401 Firefox/3.6.3 ( .NET CLR 3.5.30729)"
93.158.152.69 - - [05/Dec/2016:06:59:29 +0100] "GET /robots.txt HTTP/1.1" 200 1906 "-" "Mozilla/5.0 (compatible; YandexBot/3.0; +http://yandex.com/bots)"
93.158.152.69 - - [05/Dec/2016:06:59:33 +0100] "GET /themes/custom/capfi/apple-icon-120x120.png HTTP/1.1" 200 5738 "-" "Mozilla/5.0 (compatible; YandexBot/3.0; +http://yandex.com/bots)"
40.77.167.75 - - [05/Dec/2016:07:01:17 +0100] "GET / HTTP/1.1" 200 35045 "-" "Mozilla/5.0 (compatible; bingbot/2.0; +http://www.bing.com/bingbot.htm)"
93.158.152.69 - - [05/Dec/2016:07:02:35 +0100] "GET /themes/custom/capfi/favicon.ico HTTP/1.1" 200 1451 "-" "Mozilla/5.0 (compatible; YandexBot/3.0; +http://yandex.com/bots)"
217.250.180.246 - - [05/Dec/2016:07:02:46 +0100] "GET /carriere/emploi-ingenierie-infrastructure HTTP/1.1" 200 4998 "-" "Mozilla/5.0 (Windows; U; Windows NT 6.0; de; rv:1.9.2.3) Gecko/20100401 Firefox/3.6.3 ( .NET CLR 3.5.30729)"
66.249.79.85 - - [05/Dec/2016:07:02:59 +0100] "GET /sixieme-sens HTTP/1.1" 200 6737 "-" "Mozilla/5.0 (Linux; Android 6.0.1; Nexus 5X Build/MMB29P) AppleWebKit/537.36 (KHTML, like Gecko) Chrome/41.0.2272.96 Mobile Safari/537.36 (compatible; Googlebot/2.1; +http://www.google.com/bot.html)"
93.158.152.69 - - [05/Dec/2016:07:05:40 +0100] "GET /themes/custom/capfi/apple-icon-60x60.png HTTP/1.1" 200 3133 "-" "Mozilla/5.0 (compatible; YandexBot/3.0; +http://yandex.com/bots)"
217.250.180.246 - - [05/Dec/2016:07:06:00 +0100] "GET /carriere/maitrise-douvrage-product-owner-ingenierie-financiere/moa-risque-hf HTTP/1.1" 200 7250 "-" "Mozilla/5.0 (Windows; U; Windows NT 6.0; de; rv:1.9.2.3) Gecko/20100401 Firefox/3.6.3 ( .NET CLR 3.5.30729)"
81.57.176.179 - - [05/Dec/2016:07:06:29 +0100] "GET / HTTP/1.1" 200 35044 "https://www.google.fr/" "Mozilla/5.0 (Windows NT 10.0; WOW64) AppleWebKit/537.36 (KHTML, like Gecko) Chrome/54.0.2840.99 Safari/537.36"
81.57.176.179 - - [05/Dec/2016:07:06:29 +0100] "GET /core/themes/stable/css/system/components/ajax-progress.module.css?oh31p8 HTTP/1.1" 200 820 "http://www.capfi.fr/" "Mozilla/5.0 (Windows NT 10.0; WOW64) AppleWebKit/537.36 (KHTML, like Gecko) Chrome/54.0.2840.99 Safari/537.36"
81.57.176.179 - - [05/Dec/2016:07:06:30 +0100] "GET /core/themes/stable/css/system/components/align.module.css?oh31p8 HTTP/1.1" 200 551 "http://www.capfi.fr/" "Mozilla/5.0 (Windows NT 10.0; WOW64) AppleWebKit/537.36 (KHTML, like Gecko) Chrome/54.0.2840.99 Safari/537.36"
81.57.176.179 - - [05/Dec/2016:07:06:30 +0100] "GET /core/themes/stable/css/system/components/autocomplete-loading.module.css?oh31p8 HTTP/1.1" 200 586 "http://www.capfi.fr/" "Mozilla/5.0 (Windows NT 10.0; WOW64) AppleWebKit/537.36 (KHTML, like Gecko) Chrome/54.0.2840.99 Safari/537.36"
81.57.176.179 - - [05/Dec/2016:07:06:30 +0100] "GET /core/themes/stable/css/system/components/fieldgroup.module.css?oh31p8 HTTP/1.1" 200 427 "http://www.capfi.fr/" "Mozilla/5.0 (Windows NT 10.0; WOW64) AppleWebKit/537.36 (KHTML, like Gecko) Chrome/54.0.2840.99 Safari/537.36"
81.57.176.179 - - [05/Dec/2016:07:06:30 +0100] "GET /core/themes/stable/css/system/components/container-inline.module.css?oh31p8 HTTP/1.1" 200 488 "http://www.capfi.fr/" "Mozilla/5.0 (Windows NT 10.0; WOW64) AppleWebKit/537.36 (KHTML, like Gecko) Chrome/54.0.2840.99 Safari/537.36"
81.57.176.179 - - [05/Dec/2016:07:06:30 +0100] "GET /core/themes/stable/css/system/components/clearfix.module.css?oh31p8 HTTP/1.1" 200 556 "http://www.capfi.fr/" "Mozilla/5.0 (Windows NT 10.0; WOW64) AppleWebKit/537.36 (KHTML, like Gecko) Chrome/54.0.2840.99 Safari/537.36"
81.57.176.179 - - [05/Dec/2016:07:06:30 +0100] "GET /core/themes/stable/css/system/components/details.module.css?oh31p8 HTTP/1.1" 200 455 "http://www.capfi.fr/" "Mozilla/5.0 (Windows NT 10.0; WOW64) AppleWebKit/537.36 (KHTML, like Gecko) Chrome/54.0.2840.99 Safari/537.36"
81.57.176.179 - - [05/Dec/2016:07:06:30 +0100] "GET /core/themes/stable/css/system/components/hidden.module.css?oh31p8 HTTP/1.1" 200 983 "http://www.capfi.fr/" "Mozilla/5.0 (Windows NT 10.0; WOW64) AppleWebKit/537.36 (KHTML, like Gecko) Chrome/54.0.2840.99 Safari/537.36"
81.57.176.179 - - [05/Dec/2016:07:06:30 +0100] "GET /core/themes/stable/css/system/components/item-list.module.css?oh31p8 HTTP/1.1" 200 489 "http://www.capfi.fr/" "Mozilla/5.0 (Windows NT 10.0; WOW64) AppleWebKit/537.36 (KHTML, like Gecko) Chrome/54.0.2840.99 Safari/537.36"
81.57.176.179 - - [05/Dec/2016:07:06:30 +0100] "GET /core/themes/stable/css/system/components/js.module.css?oh31p8 HTTP/1.1" 200 567 "http://www.capfi.fr/" "Mozilla/5.0 (Windows NT 10.0; WOW64) AppleWebKit/537.36 (KHTML, like Gecko) Chrome/54.0.2840.99 Safari/537.36"
81.57.176.179 - - [05/Dec/2016:07:06:30 +0100] "GET /core/themes/stable/css/system/components/nowrap.module.css?oh31p8 HTTP/1.1" 200 438 "http://www.capfi.fr/" "Mozilla/5.0 (Windows NT 10.0; WOW64) AppleWebKit/537.36 (KHTML, like Gecko) Chrome/54.0.2840.99 Safari/537.36"
81.57.176.179 - - [05/Dec/2016:07:06:30 +0100] "GET /core/themes/stable/css/system/components/position-container.module.css?oh31p8 HTTP/1.1" 200 427 "http://www.capfi.fr/" "Mozilla/5.0 (Windows NT 10.0; WOW64) AppleWebKit/537.36 (KHTML, like Gecko) Chrome/54.0.2840.99 Safari/537.36"
81.57.176.179 - - [05/Dec/2016:07:06:30 +0100] "GET /core/themes/stable/css/system/components/progress.module.css?oh31p8 HTTP/1.1" 200 691 "http://www.capfi.fr/" "Mozilla/5.0 (Windows NT 10.0; WOW64) AppleWebKit/537.36 (KHTML, like Gecko) Chrome/54.0.2840.99 Safari/537.36"
81.57.176.179 - - [05/Dec/2016:07:06:30 +0100] "GET /core/themes/stable/css/system/components/reset-appearance.module.css?oh31p8 HTTP/1.1" 200 523 "http://www.capfi.fr/" "Mozilla/5.0 (Windows NT 10.0; WOW64) AppleWebKit/537.36 (KHTML, like Gecko) Chrome/54.0.2840.99 Safari/537.36"
81.57.176.179 - - [05/Dec/2016:07:06:30 +0100] "GET /core/themes/stable/css/system/components/resize.module.css?oh31p8 HTTP/1.1" 200 490 "http://www.capfi.fr/" "Mozilla/5.0 (Windows NT 10.0; WOW64) AppleWebKit/537.36 (KHTML, like Gecko) Chrome/54.0.2840.99 Safari/537.36"
81.57.176.179 - - [05/Dec/2016:07:06:30 +0100] "GET /core/themes/stable/css/system/components/sticky-header.module.css?oh31p8 HTTP/1.1" 200 477 "http://www.capfi.fr/" "Mozilla/5.0 (Windows NT 10.0; WOW64) AppleWebKit/537.36 (KHTML, like Gecko) Chrome/54.0.2840.99 Safari/537.36"
81.57.176.179 - - [05/Dec/2016:07:06:30 +0100] "GET /core/themes/stable/css/system/components/tabledrag.module.css?oh31p8 HTTP/1.1" 200 966 "http://www.capfi.fr/" "Mozilla/5.0 (Windows NT 10.0; WOW64) AppleWebKit/537.36 (KHTML, like Gecko) Chrome/54.0.2840.99 Safari/537.36"
81.57.176.179 - - [05/Dec/2016:07:06:30 +0100] "GET /core/themes/stable/css/system/components/tablesort.module.css?oh31p8 HTTP/1.1" 200 548 "http://www.capfi.fr/" "Mozilla/5.0 (Windows NT 10.0; WOW64) AppleWebKit/537.36 (KHTML, like Gecko) Chrome/54.0.2840.99 Safari/537.36"
81.57.176.179 - - [05/Dec/2016:07:06:30 +0100] "GET /core/themes/stable/css/system/components/tree-child.module.css?oh31p8 HTTP/1.1" 200 558 "http://www.capfi.fr/" "Mozilla/5.0 (Windows NT 10.0; WOW64) AppleWebKit/537.36 (KHTML, like Gecko) Chrome/54.0.2840.99 Safari/537.36"
81.57.176.179 - - [05/Dec/2016:07:06:31 +0100] "GET /themes/custom/capfi/images/backgrounds/home_stage_infinite_bg.gif HTTP/1.1" 200 57189 "http://www.capfi.fr/" "Mozilla/5.0 (Windows NT 10.0; WOW64) AppleWebKit/537.36 (KHTML, like Gecko) Chrome/54.0.2840.99 Safari/537.36"
81.57.176.179 - - [05/Dec/2016:07:06:31 +0100] "GET /themes/custom/capfi/images/logos/infinite.svg HTTP/1.1" 200 1157 "http://www.capfi.fr/" "Mozilla/5.0 (Windows NT 10.0; WOW64) AppleWebKit/537.36 (KHTML, like Gecko) Chrome/54.0.2840.99 Safari/537.36"
81.57.176.179 - - [05/Dec/2016:07:06:31 +0100] "GET /sites/default/files/styles/avatar/public/employees/micro_5.png?itok=BOjl1AML HTTP/1.1" 200 1289 "http://www.capfi.fr/" "Mozilla/5.0 (Windows NT 10.0; WOW64) AppleWebKit/537.36 (KHTML, like Gecko) Chrome/54.0.2840.99 Safari/537.36"
81.57.176.179 - - [05/Dec/2016:07:06:31 +0100] "GET /sites/default/files/styles/article_blog/public/2016-11/12_Sponsoring%20Voile%20%201Jour%201Homme%201Arbre%20by%20CAPFI%20_478X478.jpg?itok=GfHTSQF2 HTTP/1.1" 200 14248 "http://www.capfi.fr/" "Mozilla/5.0 (Windows NT 10.0; WOW64) AppleWebKit/537.36 (KHTML, like Gecko) Chrome/54.0.2840.99 Safari/537.36"
81.57.176.179 - - [05/Dec/2016:07:06:31 +0100] "GET /sites/default/files/styles/article_blog/public/2016-11/10_1J%201H%201%20by%20CAPFI%20partenaire%20de%20Plane%CC%80te%20Urgence_478X478.jpg?itok=92P0dUYx HTTP/1.1" 200 11037 "http://www.capfi.fr/" "Mozilla/5.0 (Windows NT 10.0; WOW64) AppleWebKit/537.36 (KHTML, like Gecko) Chrome/54.0.2840.99 Safari/537.36"
81.57.176.179 - - [05/Dec/2016:07:06:31 +0100] "GET /sites/default/files/styles/article_blog/public/2016-11/9_Blockchain_478X478.jpg?itok=rs8S5fny HTTP/1.1" 200 22459 "http://www.capfi.fr/" "Mozilla/5.0 (Windows NT 10.0; WOW64) AppleWebKit/537.36 (KHTML, like Gecko) Chrome/54.0.2840.99 Safari/537.36"
81.57.176.179 - - [05/Dec/2016:07:06:31 +0100] "GET /sites/default/files/styles/1j1h1a/public/2016-05/tree_operation_v2.jpg?itok=2X8AN5TN HTTP/1.1" 200 43474 "http://www.capfi.fr/" "Mozilla/5.0 (Windows NT 10.0; WOW64) AppleWebKit/537.36 (KHTML, like Gecko) Chrome/54.0.2840.99 Safari/537.36"
81.57.176.179 - - [05/Dec/2016:07:06:31 +0100] "GET /themes/custom/capfi/images/illustrations/tree_operation.svg HTTP/1.1" 200 4210 "http://www.capfi.fr/" "Mozilla/5.0 (Windows NT 10.0; WOW64) AppleWebKit/537.36 (KHTML, like Gecko) Chrome/54.0.2840.99 Safari/537.36"
81.57.176.179 - - [05/Dec/2016:07:06:31 +0100] "GET /themes/custom/capfi/images/logos/microsoft_partner@x2.png HTTP/1.1" 200 6295 "http://www.capfi.fr/" "Mozilla/5.0 (Windows NT 10.0; WOW64) AppleWebKit/537.36 (KHTML, like Gecko) Chrome/54.0.2840.99 Safari/537.36"
81.57.176.179 - - [05/Dec/2016:07:06:31 +0100] "GET /themes/custom/capfi/fonts/flexo-medium.woff2 HTTP/1.1" 200 36257 "http://www.capfi.fr/themes/custom/capfi/css/main.css" "Mozilla/5.0 (Windows NT 10.0; WOW64) AppleWebKit/537.36 (KHTML, like Gecko) Chrome/54.0.2840.99 Safari/537.36"
81.57.176.179 - - [05/Dec/2016:07:06:31 +0100] "GET /themes/custom/capfi/images/logos/capfi.png HTTP/1.1" 200 9139 "http://www.capfi.fr/themes/custom/capfi/css/main.css" "Mozilla/5.0 (Windows NT 10.0; WOW64) AppleWebKit/537.36 (KHTML, like Gecko) Chrome/54.0.2840.99 Safari/537.36"
81.57.176.179 - - [05/Dec/2016:07:06:31 +0100] "GET /themes/custom/capfi/fonts/flexo-thin.woff2 HTTP/1.1" 200 33538 "http://www.capfi.fr/themes/custom/capfi/css/main.css" "Mozilla/5.0 (Windows NT 10.0; WOW64) AppleWebKit/537.36 (KHTML, like Gecko) Chrome/54.0.2840.99 Safari/537.36"
81.57.176.179 - - [05/Dec/2016:07:06:31 +0100] "GET /themes/custom/capfi/fonts/flexo-light.woff2 HTTP/1.1" 200 36300 "http://www.capfi.fr/themes/custom/capfi/css/main.css" "Mozilla/5.0 (Windows NT 10.0; WOW64) AppleWebKit/537.36 (KHTML, like Gecko) Chrome/54.0.2840.99 Safari/537.36"
81.57.176.179 - - [05/Dec/2016:07:06:31 +0100] "GET /themes/custom/capfi/images/logos/capfi_technology.png HTTP/1.1" 200 3516 "http://www.capfi.fr/themes/custom/capfi/css/main.css" "Mozilla/5.0 (Windows NT 10.0; WOW64) AppleWebKit/537.36 (KHTML, like Gecko) Chrome/54.0.2840.99 Safari/537.36"
81.57.176.179 - - [05/Dec/2016:07:06:31 +0100] "GET /themes/custom/capfi/images/logos/capfi_consulting.png HTTP/1.1" 200 3575 "http://www.capfi.fr/themes/custom/capfi/css/main.css" "Mozilla/5.0 (Windows NT 10.0; WOW64) AppleWebKit/537.36 (KHTML, like Gecko) Chrome/54.0.2840.99 Safari/537.36"
81.57.176.179 - - [05/Dec/2016:07:06:31 +0100] "GET /themes/custom/capfi/images/logos/capfi_6_eme_sens.png HTTP/1.1" 200 4642 "http://www.capfi.fr/themes/custom/capfi/css/main.css" "Mozilla/5.0 (Windows NT 10.0; WOW64) AppleWebKit/537.36 (KHTML, like Gecko) Chrome/54.0.2840.99 Safari/537.36"
81.57.176.179 - - [05/Dec/2016:07:06:31 +0100] "GET /sites/default/files/styles/article_teaser/public/2016-11/LogoBlogCarre.png?itok=wQNURq6c HTTP/1.1" 200 94257 "http://www.capfi.fr/" "Mozilla/5.0 (Windows NT 10.0; WOW64) AppleWebKit/537.36 (KHTML, like Gecko) Chrome/54.0.2840.99 Safari/537.36"
81.57.176.179 - - [05/Dec/2016:07:06:31 +0100] "GET /themes/custom/capfi/fonts/icomoon.ttf?8g43ir HTTP/1.1" 200 22267 "http://www.capfi.fr/themes/custom/capfi/css/main.css" "Mozilla/5.0 (Windows NT 10.0; WOW64) AppleWebKit/537.36 (KHTML, like Gecko) Chrome/54.0.2840.99 Safari/537.36"
217.250.180.246 - - [05/Dec/2016:07:06:56 +0100] "GET /blog/communicationrse/de-capfi-lironman-de-nottingham HTTP/1.1" 200 12614 "-" "Mozilla/5.0 (Windows; U; Windows NT 6.0; de; rv:1.9.2.3) Gecko/20100401 Firefox/3.6.3 ( .NET CLR 3.5.30729)"
217.250.180.246 - - [05/Dec/2016:07:10:36 +0100] "GET /expertise/methodologies-projet HTTP/1.1" 200 4583 "-" "Mozilla/5.0 (Windows; U; Windows NT 6.0; de; rv:1.9.2.3) Gecko/20100401 Firefox/3.6.3 ( .NET CLR 3.5.30729)"
217.250.180.246 - - [05/Dec/2016:07:14:34 +0100] "GET /blog/techno-digital/trading-electronique HTTP/1.1" 200 5942 "-" "Mozilla/5.0 (Windows; U; Windows NT 6.0; de; rv:1.9.2.3) Gecko/20100401 Firefox/3.6.3 ( .NET CLR 3.5.30729)"
217.250.180.246 - - [05/Dec/2016:07:16:56 +0100] "GET /node/261 HTTP/1.1" 200 5940 "-" "Mozilla/5.0 (Windows; U; Windows NT 6.0; de; rv:1.9.2.3) Gecko/20100401 Firefox/3.6.3 ( .NET CLR 3.5.30729)"
81.52.143.36 - - [05/Dec/2016:07:17:53 +0100] "GET /expertise/securite-des-si HTTP/1.1" 200 4341 "-" "Mozilla/5.0 (compatible; OrangeBot/2.0; support.orangebot@orange.com)"
217.250.180.246 - - [05/Dec/2016:07:19:02 +0100] "GET /blog/communicationrse/cest-melanie-qui-le-dit HTTP/1.1" 200 5859 "-" "Mozilla/5.0 (Windows; U; Windows NT 6.0; de; rv:1.9.2.3) Gecko/20100401 Firefox/3.6.3 ( .NET CLR 3.5.30729)"
217.250.180.246 - - [05/Dec/2016:07:21:03 +0100] "GET /blog/communicationrse/dans-les-yeux-de-deborah HTTP/1.1" 200 5836 "-" "Mozilla/5.0 (Windows; U; Windows NT 6.0; de; rv:1.9.2.3) Gecko/20100401 Firefox/3.6.3 ( .NET CLR 3.5.30729)"
23.20.60.205 - - [05/Dec/2016:07:21:49 +0100] "HEAD / HTTP/1.1" 301 186 "-" "Cloud mapping experiment. Contact research@pdrlabs.net"
217.250.180.246 - - [05/Dec/2016:07:21:52 +0100] "GET /carriere/software-craftsman-developpeur/it-quant-hf HTTP/1.1" 200 7197 "-" "Mozilla/5.0 (Windows; U; Windows NT 6.0; de; rv:1.9.2.3) Gecko/20100401 Firefox/3.6.3 ( .NET CLR 3.5.30729)"
217.250.180.246 - - [05/Dec/2016:07:23:08 +0100] "GET /expertise/ingenierie-financiere HTTP/1.1" 200 4461 "-" "Mozilla/5.0 (Windows; U; Windows NT 6.0; de; rv:1.9.2.3) Gecko/20100401 Firefox/3.6.3 ( .NET CLR 3.5.30729)"
217.250.180.246 - - [05/Dec/2016:07:23:21 +0100] "GET /blog/consulting/mesure-des-risques-en-asset-management HTTP/1.1" 200 5927 "-" "Mozilla/5.0 (Windows; U; Windows NT 6.0; de; rv:1.9.2.3) Gecko/20100401 Firefox/3.6.3 ( .NET CLR 3.5.30729)"
157.55.39.223 - - [05/Dec/2016:07:24:24 +0100] "GET / HTTP/1.1" 301 2188 "-" "Mozilla/5.0 (compatible; bingbot/2.0; +http://www.bing.com/bingbot.htm)"
40.77.167.75 - - [05/Dec/2016:07:25:00 +0100] "GET /cap-fi_partenaires.html HTTP/1.1" 404 13477 "-" "Mozilla/5.0 (iPhone; CPU iPhone OS 7_0 like Mac OS X) AppleWebKit/537.51.1 (KHTML, like Gecko) Version/7.0 Mobile/11A465 Safari/9537.53 (compatible; bingbot/2.0; +http://www.bing.com/bingbot.htm)"
217.250.180.246 - - [05/Dec/2016:07:25:53 +0100] "GET /carriere/maitrise-douvrage-product-owner-ingenierie-financiere/moa-finance-de-marche-hf HTTP/1.1" 200 7229 "-" "Mozilla/5.0 (Windows; U; Windows NT 6.0; de; rv:1.9.2.3) Gecko/20100401 Firefox/3.6.3 ( .NET CLR 3.5.30729)"
217.250.180.246 - - [05/Dec/2016:07:26:34 +0100] "GET /carriere/integration-de-progiciels/moa-progiciels-hf HTTP/1.1" 200 7136 "-" "Mozilla/5.0 (Windows; U; Windows NT 6.0; de; rv:1.9.2.3) Gecko/20100401 Firefox/3.6.3 ( .NET CLR 3.5.30729)"
217.250.180.246 - - [05/Dec/2016:07:28:04 +0100] "GET /blog/communicationrse/sponsoring-voile-1jour-1homme-1arbre-capfi-partenaire-du-skiper-tolga-pamir HTTP/1.1" 200 5965 "-" "Mozilla/5.0 (Windows; U; Windows NT 6.0; de; rv:1.9.2.3) Gecko/20100401 Firefox/3.6.3 ( .NET CLR 3.5.30729)"
217.250.180.246 - - [05/Dec/2016:07:29:35 +0100] "GET /blog/communicationrse/sponsoring-voile-1jour-1homme-1arbre-capfi-partenaire-du-skiper-tolga-pamir-0 HTTP/1.1" 200 5932 "-" "Mozilla/5.0 (Windows; U; Windows NT 6.0; de; rv:1.9.2.3) Gecko/20100401 Firefox/3.6.3 ( .NET CLR 3.5.30729)"
46.229.164.102 - - [05/Dec/2016:07:29:52 +0100] "GET /sixieme-sensrobots.txt HTTP/1.1" 404 623 "-" "Mozilla/5.0 (compatible; SemrushBot/1.1~bl; +http://www.semrush.com/bot.html)"
217.250.180.246 - - [05/Dec/2016:07:33:07 +0100] "GET /expertise/fluidfab HTTP/1.1" 200 4474 "-" "Mozilla/5.0 (Windows; U; Windows NT 6.0; de; rv:1.9.2.3) Gecko/20100401 Firefox/3.6.3 ( .NET CLR 3.5.30729)"
217.250.180.246 - - [05/Dec/2016:07:33:16 +0100] "GET /expertise/selection-de-progiciel HTTP/1.1" 200 4490 "-" "Mozilla/5.0 (Windows; U; Windows NT 6.0; de; rv:1.9.2.3) Gecko/20100401 Firefox/3.6.3 ( .NET CLR 3.5.30729)"
157.55.39.198 - - [05/Dec/2016:07:35:19 +0100] "GET /groupe HTTP/1.1" 200 7587 "-" "Mozilla/5.0 (compatible; bingbot/2.0; +http://www.bing.com/bingbot.htm)"
199.30.24.178 - - [05/Dec/2016:07:35:20 +0100] "GET /themes/custom/capfi/css/main.css HTTP/1.1" 200 20002 "http://www.capfi.fr/groupe" "Mozilla/5.0 (Windows NT 6.1; WOW64) AppleWebKit/534+ (KHTML, like Gecko) BingPreview/1.0b"
40.77.167.60 - - [05/Dec/2016:07:35:33 +0100] "GET /themes/custom/capfi/images/logos/facebook.svg HTTP/1.1" 200 542 "-" "Mozilla/5.0 (compatible; bingbot/2.0; +http://www.bing.com/bingbot.htm)"
40.77.167.75 - - [05/Dec/2016:07:35:38 +0100] "GET /themes/custom/capfi/images/logos/linkedin.svg HTTP/1.1" 200 636 "-" "Mozilla/5.0 (compatible; bingbot/2.0; +http://www.bing.com/bingbot.htm)"
78.193.220.47 - - [05/Dec/2016:07:35:51 +0100] "GET / HTTP/1.1" 200 35044 "-" "Mozilla/5.0 (Windows NT 10.0; Win64; x64) AppleWebKit/537.36 (KHTML, like Gecko) Chrome/54.0.2840.99 Safari/537.36"
78.193.220.47 - - [05/Dec/2016:07:35:52 +0100] "GET /themes/custom/capfi/css/main.css HTTP/1.1" 200 20057 "http://www.capfi.fr/" "Mozilla/5.0 (Windows NT 10.0; Win64; x64) AppleWebKit/537.36 (KHTML, like Gecko) Chrome/54.0.2840.99 Safari/537.36"
78.193.220.47 - - [05/Dec/2016:07:35:53 +0100] "GET /themes/custom/capfi/js/main.js?v=8.1.10 HTTP/1.1" 200 34631 "http://www.capfi.fr/" "Mozilla/5.0 (Windows NT 10.0; Win64; x64) AppleWebKit/537.36 (KHTML, like Gecko) Chrome/54.0.2840.99 Safari/537.36"
78.193.220.47 - - [05/Dec/2016:07:35:53 +0100] "GET /sites/default/files/styles/article_blog/public/2016-11/12_Sponsoring%20Voile%20%201Jour%201Homme%201Arbre%20by%20CAPFI%20_478X478.jpg?itok=GfHTSQF2 HTTP/1.1" 304 181 "http://www.capfi.fr/" "Mozilla/5.0 (Windows NT 10.0; Win64; x64) AppleWebKit/537.36 (KHTML, like Gecko) Chrome/54.0.2840.99 Safari/537.36"
78.193.220.47 - - [05/Dec/2016:07:35:53 +0100] "GET /sites/default/files/styles/article_blog/public/2016-11/10_1J%201H%201%20by%20CAPFI%20partenaire%20de%20Plane%CC%80te%20Urgence_478X478.jpg?itok=92P0dUYx HTTP/1.1" 304 181 "http://www.capfi.fr/" "Mozilla/5.0 (Windows NT 10.0; Win64; x64) AppleWebKit/537.36 (KHTML, like Gecko) Chrome/54.0.2840.99 Safari/537.36"
78.193.220.47 - - [05/Dec/2016:07:35:53 +0100] "GET /sites/default/files/styles/article_blog/public/2016-11/9_Blockchain_478X478.jpg?itok=rs8S5fny HTTP/1.1" 304 182 "http://www.capfi.fr/" "Mozilla/5.0 (Windows NT 10.0; Win64; x64) AppleWebKit/537.36 (KHTML, like Gecko) Chrome/54.0.2840.99 Safari/537.36"
78.193.220.47 - - [05/Dec/2016:07:35:53 +0100] "GET /themes/custom/capfi/images/logos/capfi.png HTTP/1.1" 304 181 "http://www.capfi.fr/themes/custom/capfi/css/main.css" "Mozilla/5.0 (Windows NT 10.0; Win64; x64) AppleWebKit/537.36 (KHTML, like Gecko) Chrome/54.0.2840.99 Safari/537.36"
78.193.220.47 - - [05/Dec/2016:07:35:53 +0100] "GET /themes/custom/capfi/images/logos/capfi_technology.png HTTP/1.1" 304 180 "http://www.capfi.fr/themes/custom/capfi/css/main.css" "Mozilla/5.0 (Windows NT 10.0; Win64; x64) AppleWebKit/537.36 (KHTML, like Gecko) Chrome/54.0.2840.99 Safari/537.36"
78.193.220.47 - - [05/Dec/2016:07:35:53 +0100] "GET /themes/custom/capfi/images/logos/capfi_consulting.png HTTP/1.1" 304 180 "http://www.capfi.fr/themes/custom/capfi/css/main.css" "Mozilla/5.0 (Windows NT 10.0; Win64; x64) AppleWebKit/537.36 (KHTML, like Gecko) Chrome/54.0.2840.99 Safari/537.36"
78.193.220.47 - - [05/Dec/2016:07:35:53 +0100] "GET /sites/default/files/styles/article_teaser/public/2016-11/LogoBlogCarre.png?itok=wQNURq6c HTTP/1.1" 304 182 "http://www.capfi.fr/" "Mozilla/5.0 (Windows NT 10.0; Win64; x64) AppleWebKit/537.36 (KHTML, like Gecko) Chrome/54.0.2840.99 Safari/537.36"
78.193.220.47 - - [05/Dec/2016:07:35:53 +0100] "GET /themes/custom/capfi/images/logos/footer/capfi.png HTTP/1.1" 304 180 "http://www.capfi.fr/themes/custom/capfi/css/main.css" "Mozilla/5.0 (Windows NT 10.0; Win64; x64) AppleWebKit/537.36 (KHTML, like Gecko) Chrome/54.0.2840.99 Safari/537.36"
78.193.220.47 - - [05/Dec/2016:07:35:53 +0100] "GET /themes/custom/capfi/images/logos/footer/capfi_technology.png HTTP/1.1" 304 180 "http://www.capfi.fr/themes/custom/capfi/css/main.css" "Mozilla/5.0 (Windows NT 10.0; Win64; x64) AppleWebKit/537.36 (KHTML, like Gecko) Chrome/54.0.2840.99 Safari/537.36"
78.193.220.47 - - [05/Dec/2016:07:35:53 +0100] "GET /themes/custom/capfi/images/logos/footer/capfi_consulting.png HTTP/1.1" 304 180 "http://www.capfi.fr/themes/custom/capfi/css/main.css" "Mozilla/5.0 (Windows NT 10.0; Win64; x64) AppleWebKit/537.36 (KHTML, like Gecko) Chrome/54.0.2840.99 Safari/537.36"
78.193.220.47 - - [05/Dec/2016:07:35:53 +0100] "GET /themes/custom/capfi/images/logos/footer/capfi_6eme_sens.png HTTP/1.1" 304 181 "http://www.capfi.fr/themes/custom/capfi/css/main.css" "Mozilla/5.0 (Windows NT 10.0; Win64; x64) AppleWebKit/537.36 (KHTML, like Gecko) Chrome/54.0.2840.99 Safari/537.36"
78.193.220.47 - - [05/Dec/2016:07:35:53 +0100] "GET /themes/custom/capfi/images/logos/footer/email.svg HTTP/1.1" 304 181 "http://www.capfi.fr/themes/custom/capfi/css/main.css" "Mozilla/5.0 (Windows NT 10.0; Win64; x64) AppleWebKit/537.36 (KHTML, like Gecko) Chrome/54.0.2840.99 Safari/537.36"
78.193.220.47 - - [05/Dec/2016:07:35:53 +0100] "GET /themes/custom/capfi/images/illustrations/content_header/stage_31_William_PROM.png HTTP/1.1" 200 65525 "http://www.capfi.fr/" "Mozilla/5.0 (Windows NT 10.0; Win64; x64) AppleWebKit/537.36 (KHTML, like Gecko) Chrome/54.0.2840.99 Safari/537.36"
78.193.220.47 - - [05/Dec/2016:07:35:53 +0100] "GET /themes/custom/capfi/fonts/flexo-light.woff HTTP/1.1" 304 181 "http://www.capfi.fr/themes/custom/capfi/css/main.css" "Mozilla/5.0 (Windows NT 10.0; Win64; x64) AppleWebKit/537.36 (KHTML, like Gecko) Chrome/54.0.2840.99 Safari/537.36"
217.250.180.246 - - [05/Dec/2016:07:36:27 +0100] "GET /carriere/software-craftsman-developpeur/commando-vba-hf HTTP/1.1" 200 7165 "-" "Mozilla/5.0 (Windows; U; Windows NT 6.0; de; rv:1.9.2.3) Gecko/20100401 Firefox/3.6.3 ( .NET CLR 3.5.30729)"
