::1 - - [26/May/2016:06:49:02 +0200] "OPTIONS * HTTP/1.0" 200 126 "-" "Apache/2.4.10 (Debian) OpenSSL/1.0.1k (internal dummy connection)"
::1 - - [26/May/2016:06:49:03 +0200] "OPTIONS * HTTP/1.0" 200 126 "-" "Apache/2.4.10 (Debian) OpenSSL/1.0.1k (internal dummy connection)"
::1 - - [26/May/2016:06:58:04 +0200] "OPTIONS * HTTP/1.0" 200 126 "-" "Apache/2.4.10 (Debian) OpenSSL/1.0.1k (internal dummy connection)"
::1 - - [26/May/2016:06:58:05 +0200] "OPTIONS * HTTP/1.0" 200 126 "-" "Apache/2.4.10 (Debian) OpenSSL/1.0.1k (internal dummy connection)"
::1 - - [26/May/2016:06:59:42 +0200] "OPTIONS * HTTP/1.0" 200 126 "-" "Apache/2.4.10 (Debian) OpenSSL/1.0.1k (internal dummy connection)"
::1 - - [26/May/2016:07:03:30 +0200] "OPTIONS * HTTP/1.0" 200 126 "-" "Apache/2.4.10 (Debian) OpenSSL/1.0.1k (internal dummy connection)"
::1 - - [26/May/2016:07:06:56 +0200] "OPTIONS * HTTP/1.0" 200 126 "-" "Apache/2.4.10 (Debian) OpenSSL/1.0.1k (internal dummy connection)"
::1 - - [26/May/2016:07:09:26 +0200] "OPTIONS * HTTP/1.0" 200 126 "-" "Apache/2.4.10 (Debian) OpenSSL/1.0.1k (internal dummy connection)"
::1 - - [26/May/2016:07:09:27 +0200] "OPTIONS * HTTP/1.0" 200 126 "-" "Apache/2.4.10 (Debian) OpenSSL/1.0.1k (internal dummy connection)"
::1 - - [26/May/2016:07:09:28 +0200] "OPTIONS * HTTP/1.0" 200 126 "-" "Apache/2.4.10 (Debian) OpenSSL/1.0.1k (internal dummy connection)"
77.206.117.209 - - [26/May/2016:07:09:45 +0200] "-" 408 0 "-" "-"
77.206.117.209 - - [26/May/2016:07:09:45 +0200] "-" 408 0 "-" "-"
::1 - - [26/May/2016:07:09:55 +0200] "OPTIONS * HTTP/1.0" 200 126 "-" "Apache/2.4.10 (Debian) OpenSSL/1.0.1k (internal dummy connection)"
::1 - - [26/May/2016:07:10:19 +0200] "OPTIONS * HTTP/1.0" 200 126 "-" "Apache/2.4.10 (Debian) OpenSSL/1.0.1k (internal dummy connection)"
::1 - - [26/May/2016:07:10:42 +0200] "OPTIONS * HTTP/1.0" 200 126 "-" "Apache/2.4.10 (Debian) OpenSSL/1.0.1k (internal dummy connection)"
::1 - - [26/May/2016:07:10:46 +0200] "OPTIONS * HTTP/1.0" 200 126 "-" "Apache/2.4.10 (Debian) OpenSSL/1.0.1k (internal dummy connection)"
::1 - - [26/May/2016:07:10:47 +0200] "OPTIONS * HTTP/1.0" 200 126 "-" "Apache/2.4.10 (Debian) OpenSSL/1.0.1k (internal dummy connection)"
::1 - - [26/May/2016:07:31:56 +0200] "OPTIONS * HTTP/1.0" 200 126 "-" "Apache/2.4.10 (Debian) OpenSSL/1.0.1k (internal dummy connection)"
::1 - - [26/May/2016:07:31:57 +0200] "OPTIONS * HTTP/1.0" 200 126 "-" "Apache/2.4.10 (Debian) OpenSSL/1.0.1k (internal dummy connection)"
::1 - - [26/May/2016:07:31:58 +0200] "OPTIONS * HTTP/1.0" 200 126 "-" "Apache/2.4.10 (Debian) OpenSSL/1.0.1k (internal dummy connection)"
::1 - - [26/May/2016:07:32:08 +0200] "OPTIONS * HTTP/1.0" 200 126 "-" "Apache/2.4.10 (Debian) OpenSSL/1.0.1k (internal dummy connection)"
78.193.220.47 - - [26/May/2016:07:34:21 +0200] "GET / HTTP/1.1" 301 598 "-" "Mozilla/5.0 (Windows NT 6.1; WOW64; rv:46.0) Gecko/20100101 Firefox/46.0"
::1 - - [26/May/2016:07:34:28 +0200] "OPTIONS * HTTP/1.0" 200 126 "-" "Apache/2.4.10 (Debian) OpenSSL/1.0.1k (internal dummy connection)"
::1 - - [26/May/2016:07:34:29 +0200] "OPTIONS * HTTP/1.0" 200 126 "-" "Apache/2.4.10 (Debian) OpenSSL/1.0.1k (internal dummy connection)"
::1 - - [26/May/2016:07:34:30 +0200] "OPTIONS * HTTP/1.0" 200 126 "-" "Apache/2.4.10 (Debian) OpenSSL/1.0.1k (internal dummy connection)"
78.193.220.47 - - [26/May/2016:07:36:20 +0200] "GET / HTTP/1.1" 301 602 "-" "Mozilla/5.0 (X11; Linux x86_64) AppleWebKit/537.36 (KHTML, like Gecko) Ubuntu Chromium/50.0.2661.102 Chrome/50.0.2661.102 Safari/537.36"
::1 - - [26/May/2016:07:36:28 +0200] "OPTIONS * HTTP/1.0" 200 126 "-" "Apache/2.4.10 (Debian) OpenSSL/1.0.1k (internal dummy connection)"
::1 - - [26/May/2016:07:36:29 +0200] "OPTIONS * HTTP/1.0" 200 126 "-" "Apache/2.4.10 (Debian) OpenSSL/1.0.1k (internal dummy connection)"
::1 - - [26/May/2016:07:36:30 +0200] "OPTIONS * HTTP/1.0" 200 126 "-" "Apache/2.4.10 (Debian) OpenSSL/1.0.1k (internal dummy connection)"
78.193.220.47 - - [26/May/2016:07:36:42 +0200] "GET /user HTTP/1.1" 301 610 "-" "Mozilla/5.0 (X11; Linux x86_64) AppleWebKit/537.36 (KHTML, like Gecko) Ubuntu Chromium/50.0.2661.102 Chrome/50.0.2661.102 Safari/537.36"
::1 - - [26/May/2016:07:36:53 +0200] "OPTIONS * HTTP/1.0" 200 126 "-" "Apache/2.4.10 (Debian) OpenSSL/1.0.1k (internal dummy connection)"
::1 - - [26/May/2016:07:36:54 +0200] "OPTIONS * HTTP/1.0" 200 126 "-" "Apache/2.4.10 (Debian) OpenSSL/1.0.1k (internal dummy connection)"
::1 - - [26/May/2016:07:37:07 +0200] "OPTIONS * HTTP/1.0" 200 126 "-" "Apache/2.4.10 (Debian) OpenSSL/1.0.1k (internal dummy connection)"
::1 - - [26/May/2016:07:37:40 +0200] "OPTIONS * HTTP/1.0" 200 126 "-" "Apache/2.4.10 (Debian) OpenSSL/1.0.1k (internal dummy connection)"
::1 - - [26/May/2016:07:37:56 +0200] "OPTIONS * HTTP/1.0" 200 126 "-" "Apache/2.4.10 (Debian) OpenSSL/1.0.1k (internal dummy connection)"
::1 - - [26/May/2016:07:37:57 +0200] "OPTIONS * HTTP/1.0" 200 126 "-" "Apache/2.4.10 (Debian) OpenSSL/1.0.1k (internal dummy connection)"
::1 - - [26/May/2016:07:37:58 +0200] "OPTIONS * HTTP/1.0" 200 126 "-" "Apache/2.4.10 (Debian) OpenSSL/1.0.1k (internal dummy connection)"
::1 - - [26/May/2016:07:37:59 +0200] "OPTIONS * HTTP/1.0" 200 126 "-" "Apache/2.4.10 (Debian) OpenSSL/1.0.1k (internal dummy connection)"
::1 - - [26/May/2016:07:38:00 +0200] "OPTIONS * HTTP/1.0" 200 126 "-" "Apache/2.4.10 (Debian) OpenSSL/1.0.1k (internal dummy connection)"
::1 - - [26/May/2016:07:38:01 +0200] "OPTIONS * HTTP/1.0" 200 126 "-" "Apache/2.4.10 (Debian) OpenSSL/1.0.1k (internal dummy connection)"
::1 - - [26/May/2016:07:38:02 +0200] "OPTIONS * HTTP/1.0" 200 126 "-" "Apache/2.4.10 (Debian) OpenSSL/1.0.1k (internal dummy connection)"
::1 - - [26/May/2016:07:38:03 +0200] "OPTIONS * HTTP/1.0" 200 126 "-" "Apache/2.4.10 (Debian) OpenSSL/1.0.1k (internal dummy connection)"
::1 - - [26/May/2016:07:40:07 +0200] "OPTIONS * HTTP/1.0" 200 126 "-" "Apache/2.4.10 (Debian) OpenSSL/1.0.1k (internal dummy connection)"
::1 - - [26/May/2016:07:41:44 +0200] "OPTIONS * HTTP/1.0" 200 126 "-" "Apache/2.4.10 (Debian) OpenSSL/1.0.1k (internal dummy connection)"
66.249.78.166 - - [26/May/2016:07:44:30 +0200] "GET /robots.txt HTTP/1.1" 301 622 "-" "Mozilla/5.0 (compatible; Googlebot/2.1; +http://www.google.com/bot.html)"
::1 - - [26/May/2016:07:44:34 +0200] "OPTIONS * HTTP/1.0" 200 126 "-" "Apache/2.4.10 (Debian) OpenSSL/1.0.1k (internal dummy connection)"
::1 - - [26/May/2016:07:44:35 +0200] "OPTIONS * HTTP/1.0" 200 126 "-" "Apache/2.4.10 (Debian) OpenSSL/1.0.1k (internal dummy connection)"
::1 - - [26/May/2016:07:44:36 +0200] "OPTIONS * HTTP/1.0" 200 126 "-" "Apache/2.4.10 (Debian) OpenSSL/1.0.1k (internal dummy connection)"
::1 - - [26/May/2016:07:45:00 +0200] "OPTIONS * HTTP/1.0" 200 126 "-" "Apache/2.4.10 (Debian) OpenSSL/1.0.1k (internal dummy connection)"
::1 - - [26/May/2016:07:45:12 +0200] "OPTIONS * HTTP/1.0" 200 126 "-" "Apache/2.4.10 (Debian) OpenSSL/1.0.1k (internal dummy connection)"
::1 - - [26/May/2016:07:45:18 +0200] "OPTIONS * HTTP/1.0" 200 126 "-" "Apache/2.4.10 (Debian) OpenSSL/1.0.1k (internal dummy connection)"
::1 - - [26/May/2016:07:45:26 +0200] "OPTIONS * HTTP/1.0" 200 126 "-" "Apache/2.4.10 (Debian) OpenSSL/1.0.1k (internal dummy connection)"
::1 - - [26/May/2016:07:45:36 +0200] "OPTIONS * HTTP/1.0" 200 126 "-" "Apache/2.4.10 (Debian) OpenSSL/1.0.1k (internal dummy connection)"
::1 - - [26/May/2016:07:45:42 +0200] "OPTIONS * HTTP/1.0" 200 126 "-" "Apache/2.4.10 (Debian) OpenSSL/1.0.1k (internal dummy connection)"
208.115.111.74 - - [26/May/2016:07:54:21 +0200] "GET /robots.txt HTTP/1.1" 301 562 "-" "Mozilla/5.0 (compatible; DotBot/1.1; http://www.opensiteexplorer.org/dotbot, help@moz.com)"
::1 - - [26/May/2016:07:56:01 +0200] "OPTIONS * HTTP/1.0" 200 126 "-" "Apache/2.4.10 (Debian) OpenSSL/1.0.1k (internal dummy connection)"
::1 - - [26/May/2016:07:56:02 +0200] "OPTIONS * HTTP/1.0" 200 126 "-" "Apache/2.4.10 (Debian) OpenSSL/1.0.1k (internal dummy connection)"
::1 - - [26/May/2016:07:56:03 +0200] "OPTIONS * HTTP/1.0" 200 126 "-" "Apache/2.4.10 (Debian) OpenSSL/1.0.1k (internal dummy connection)"
::1 - - [26/May/2016:07:56:06 +0200] "OPTIONS * HTTP/1.0" 200 126 "-" "Apache/2.4.10 (Debian) OpenSSL/1.0.1k (internal dummy connection)"
::1 - - [26/May/2016:07:56:42 +0200] "OPTIONS * HTTP/1.0" 200 126 "-" "Apache/2.4.10 (Debian) OpenSSL/1.0.1k (internal dummy connection)"
::1 - - [26/May/2016:07:56:51 +0200] "OPTIONS * HTTP/1.0" 200 126 "-" "Apache/2.4.10 (Debian) OpenSSL/1.0.1k (internal dummy connection)"
::1 - - [26/May/2016:07:57:24 +0200] "OPTIONS * HTTP/1.0" 200 126 "-" "Apache/2.4.10 (Debian) OpenSSL/1.0.1k (internal dummy connection)"
::1 - - [26/May/2016:07:57:25 +0200] "OPTIONS * HTTP/1.0" 200 126 "-" "Apache/2.4.10 (Debian) OpenSSL/1.0.1k (internal dummy connection)"
::1 - - [26/May/2016:07:57:35 +0200] "OPTIONS * HTTP/1.0" 200 126 "-" "Apache/2.4.10 (Debian) OpenSSL/1.0.1k (internal dummy connection)"
77.154.204.151 - - [26/May/2016:07:57:50 +0200] "-" 408 0 "-" "-"
77.154.204.151 - - [26/May/2016:07:57:51 +0200] "-" 408 0 "-" "-"
77.154.204.151 - - [26/May/2016:07:57:51 +0200] "-" 408 0 "-" "-"
77.154.204.151 - - [26/May/2016:07:57:51 +0200] "-" 408 0 "-" "-"
77.154.204.151 - - [26/May/2016:07:57:51 +0200] "-" 408 0 "-" "-"
::1 - - [26/May/2016:07:57:53 +0200] "OPTIONS * HTTP/1.0" 200 126 "-" "Apache/2.4.10 (Debian) OpenSSL/1.0.1k (internal dummy connection)"
::1 - - [26/May/2016:07:57:54 +0200] "OPTIONS * HTTP/1.0" 200 126 "-" "Apache/2.4.10 (Debian) OpenSSL/1.0.1k (internal dummy connection)"
::1 - - [26/May/2016:07:57:55 +0200] "OPTIONS * HTTP/1.0" 200 126 "-" "Apache/2.4.10 (Debian) OpenSSL/1.0.1k (internal dummy connection)"
::1 - - [26/May/2016:07:57:56 +0200] "OPTIONS * HTTP/1.0" 200 126 "-" "Apache/2.4.10 (Debian) OpenSSL/1.0.1k (internal dummy connection)"
::1 - - [26/May/2016:07:57:57 +0200] "OPTIONS * HTTP/1.0" 200 126 "-" "Apache/2.4.10 (Debian) OpenSSL/1.0.1k (internal dummy connection)"
::1 - - [26/May/2016:07:59:47 +0200] "OPTIONS * HTTP/1.0" 200 126 "-" "Apache/2.4.10 (Debian) OpenSSL/1.0.1k (internal dummy connection)"
::1 - - [26/May/2016:07:59:48 +0200] "OPTIONS * HTTP/1.0" 200 126 "-" "Apache/2.4.10 (Debian) OpenSSL/1.0.1k (internal dummy connection)"
::1 - - [26/May/2016:07:59:49 +0200] "OPTIONS * HTTP/1.0" 200 126 "-" "Apache/2.4.10 (Debian) OpenSSL/1.0.1k (internal dummy connection)"
::1 - - [26/May/2016:07:59:50 +0200] "OPTIONS * HTTP/1.0" 200 126 "-" "Apache/2.4.10 (Debian) OpenSSL/1.0.1k (internal dummy connection)"
::1 - - [26/May/2016:07:59:51 +0200] "OPTIONS * HTTP/1.0" 200 126 "-" "Apache/2.4.10 (Debian) OpenSSL/1.0.1k (internal dummy connection)"
::1 - - [26/May/2016:07:59:52 +0200] "OPTIONS * HTTP/1.0" 200 126 "-" "Apache/2.4.10 (Debian) OpenSSL/1.0.1k (internal dummy connection)"
::1 - - [26/May/2016:07:59:53 +0200] "OPTIONS * HTTP/1.0" 200 126 "-" "Apache/2.4.10 (Debian) OpenSSL/1.0.1k (internal dummy connection)"
::1 - - [26/May/2016:07:59:55 +0200] "OPTIONS * HTTP/1.0" 200 126 "-" "Apache/2.4.10 (Debian) OpenSSL/1.0.1k (internal dummy connection)"
::1 - - [26/May/2016:07:59:56 +0200] "OPTIONS * HTTP/1.0" 200 126 "-" "Apache/2.4.10 (Debian) OpenSSL/1.0.1k (internal dummy connection)"
::1 - - [26/May/2016:07:59:57 +0200] "OPTIONS * HTTP/1.0" 200 126 "-" "Apache/2.4.10 (Debian) OpenSSL/1.0.1k (internal dummy connection)"
::1 - - [26/May/2016:08:00:21 +0200] "OPTIONS * HTTP/1.0" 200 126 "-" "Apache/2.4.10 (Debian) OpenSSL/1.0.1k (internal dummy connection)"
78.193.220.47 - - [26/May/2016:08:03:03 +0200] "GET /images/media/home/miniature-projets-phares.jpg HTTP/1.1" 301 694 "http://www.6emesens-technology.com/css/home.css" "Mozilla/5.0 (Windows NT 6.1; Win64; x64) AppleWebKit/537.36 (KHTML, like Gecko) Chrome/50.0.2661.102 Safari/537.36"
78.193.220.47 - - [26/May/2016:08:03:03 +0200] "GET /import.js HTTP/1.1" 301 619 "http://www.6emesens-technology.com/" "Mozilla/5.0 (Windows NT 6.1; Win64; x64) AppleWebKit/537.36 (KHTML, like Gecko) Chrome/50.0.2661.102 Safari/537.36"
78.193.220.47 - - [26/May/2016:08:03:04 +0200] "GET / HTTP/1.1" 301 601 "-" "Mozilla/5.0 (Windows NT 6.1; Win64; x64) AppleWebKit/537.36 (KHTML, like Gecko) Chrome/50.0.2661.102 Safari/537.36"
::1 - - [26/May/2016:08:03:13 +0200] "OPTIONS * HTTP/1.0" 200 126 "-" "Apache/2.4.10 (Debian) OpenSSL/1.0.1k (internal dummy connection)"
::1 - - [26/May/2016:08:03:21 +0200] "OPTIONS * HTTP/1.0" 200 126 "-" "Apache/2.4.10 (Debian) OpenSSL/1.0.1k (internal dummy connection)"
::1 - - [26/May/2016:08:03:31 +0200] "OPTIONS * HTTP/1.0" 200 126 "-" "Apache/2.4.10 (Debian) OpenSSL/1.0.1k (internal dummy connection)"
::1 - - [26/May/2016:08:04:19 +0200] "OPTIONS * HTTP/1.0" 200 126 "-" "Apache/2.4.10 (Debian) OpenSSL/1.0.1k (internal dummy connection)"
::1 - - [26/May/2016:08:04:20 +0200] "OPTIONS * HTTP/1.0" 200 126 "-" "Apache/2.4.10 (Debian) OpenSSL/1.0.1k (internal dummy connection)"
::1 - - [26/May/2016:08:05:26 +0200] "OPTIONS * HTTP/1.0" 200 126 "-" "Apache/2.4.10 (Debian) OpenSSL/1.0.1k (internal dummy connection)"
::1 - - [26/May/2016:08:05:27 +0200] "OPTIONS * HTTP/1.0" 200 126 "-" "Apache/2.4.10 (Debian) OpenSSL/1.0.1k (internal dummy connection)"
::1 - - [26/May/2016:08:05:28 +0200] "OPTIONS * HTTP/1.0" 200 126 "-" "Apache/2.4.10 (Debian) OpenSSL/1.0.1k (internal dummy connection)"
::1 - - [26/May/2016:08:06:06 +0200] "OPTIONS * HTTP/1.0" 200 126 "-" "Apache/2.4.10 (Debian) OpenSSL/1.0.1k (internal dummy connection)"
::1 - - [26/May/2016:08:06:31 +0200] "OPTIONS * HTTP/1.0" 200 126 "-" "Apache/2.4.10 (Debian) OpenSSL/1.0.1k (internal dummy connection)"
77.154.204.151 - - [26/May/2016:08:07:36 +0200] "-" 408 0 "-" "-"
77.154.204.151 - - [26/May/2016:08:07:36 +0200] "-" 408 0 "-" "-"
::1 - - [26/May/2016:08:08:48 +0200] "OPTIONS * HTTP/1.0" 200 126 "-" "Apache/2.4.10 (Debian) OpenSSL/1.0.1k (internal dummy connection)"
::1 - - [26/May/2016:08:08:49 +0200] "OPTIONS * HTTP/1.0" 200 126 "-" "Apache/2.4.10 (Debian) OpenSSL/1.0.1k (internal dummy connection)"
::1 - - [26/May/2016:08:08:50 +0200] "OPTIONS * HTTP/1.0" 200 126 "-" "Apache/2.4.10 (Debian) OpenSSL/1.0.1k (internal dummy connection)"
::1 - - [26/May/2016:08:08:51 +0200] "OPTIONS * HTTP/1.0" 200 126 "-" "Apache/2.4.10 (Debian) OpenSSL/1.0.1k (internal dummy connection)"
::1 - - [26/May/2016:08:08:52 +0200] "OPTIONS * HTTP/1.0" 200 126 "-" "Apache/2.4.10 (Debian) OpenSSL/1.0.1k (internal dummy connection)"
::1 - - [26/May/2016:08:08:53 +0200] "OPTIONS * HTTP/1.0" 200 126 "-" "Apache/2.4.10 (Debian) OpenSSL/1.0.1k (internal dummy connection)"
::1 - - [26/May/2016:08:08:54 +0200] "OPTIONS * HTTP/1.0" 200 126 "-" "Apache/2.4.10 (Debian) OpenSSL/1.0.1k (internal dummy connection)"
::1 - - [26/May/2016:08:09:15 +0200] "OPTIONS * HTTP/1.0" 200 126 "-" "Apache/2.4.10 (Debian) OpenSSL/1.0.1k (internal dummy connection)"
::1 - - [26/May/2016:08:09:16 +0200] "OPTIONS * HTTP/1.0" 200 126 "-" "Apache/2.4.10 (Debian) OpenSSL/1.0.1k (internal dummy connection)"
::1 - - [26/May/2016:08:09:25 +0200] "OPTIONS * HTTP/1.0" 200 126 "-" "Apache/2.4.10 (Debian) OpenSSL/1.0.1k (internal dummy connection)"
78.193.220.47 - - [26/May/2016:08:09:31 +0200] "GET //postes-a-pourvoir-systemes.php HTTP/1.1" 301 662 "-" "Mozilla/5.0 (Windows NT 6.1; Win64; x64) AppleWebKit/537.36 (KHTML, like Gecko) Chrome/50.0.2661.102 Safari/537.36"
78.193.220.47 - - [26/May/2016:08:09:50 +0200] "GET /sixieme-senspostes-a-pourvoir-systemes.php HTTP/1.1" 301 686 "-" "Mozilla/5.0 (Windows NT 6.1; Win64; x64) AppleWebKit/537.36 (KHTML, like Gecko) Chrome/50.0.2661.102 Safari/537.36"
78.193.220.47 - - [26/May/2016:08:11:16 +0200] "GET /http://www.6emesens-technology.com/postes-a-pourvoir-systemes.php HTTP/1.1" 301 732 "-" "Mozilla/5.0 (Windows NT 6.1; Win64; x64) AppleWebKit/537.36 (KHTML, like Gecko) Chrome/50.0.2661.102 Safari/537.36"
::1 - - [26/May/2016:08:11:35 +0200] "OPTIONS * HTTP/1.0" 200 126 "-" "Apache/2.4.10 (Debian) OpenSSL/1.0.1k (internal dummy connection)"
78.193.220.47 - - [26/May/2016:08:11:36 +0200] "GET /postes-a-pourvoir-systemes.php HTTP/1.1" 301 662 "-" "Mozilla/5.0 (Windows NT 6.1; Win64; x64) AppleWebKit/537.36 (KHTML, like Gecko) Chrome/50.0.2661.102 Safari/537.36"
::1 - - [26/May/2016:08:11:48 +0200] "OPTIONS * HTTP/1.0" 200 126 "-" "Apache/2.4.10 (Debian) OpenSSL/1.0.1k (internal dummy connection)"
37.163.164.57 - - [26/May/2016:08:13:59 +0200] "GET / HTTP/1.1" 301 602 "-" "Mozilla/5.0 (iPhone; CPU iPhone OS 9_3_1 like Mac OS X) AppleWebKit/601.1.46 (KHTML, like Gecko) Version/9.0 Mobile/13E238 Safari/601.1"
::1 - - [26/May/2016:08:14:12 +0200] "OPTIONS * HTTP/1.0" 200 126 "-" "Apache/2.4.10 (Debian) OpenSSL/1.0.1k (internal dummy connection)"
::1 - - [26/May/2016:08:14:14 +0200] "OPTIONS * HTTP/1.0" 200 126 "-" "Apache/2.4.10 (Debian) OpenSSL/1.0.1k (internal dummy connection)"
::1 - - [26/May/2016:08:14:15 +0200] "OPTIONS * HTTP/1.0" 200 126 "-" "Apache/2.4.10 (Debian) OpenSSL/1.0.1k (internal dummy connection)"
::1 - - [26/May/2016:08:14:16 +0200] "OPTIONS * HTTP/1.0" 200 126 "-" "Apache/2.4.10 (Debian) OpenSSL/1.0.1k (internal dummy connection)"
::1 - - [26/May/2016:08:14:29 +0200] "OPTIONS * HTTP/1.0" 200 126 "-" "Apache/2.4.10 (Debian) OpenSSL/1.0.1k (internal dummy connection)"
::1 - - [26/May/2016:08:15:14 +0200] "OPTIONS * HTTP/1.0" 200 126 "-" "Apache/2.4.10 (Debian) OpenSSL/1.0.1k (internal dummy connection)"
78.193.220.47 - - [26/May/2016:08:15:17 +0200] "GET /postes-a-pourvoir-systemes.php HTTP/1.1" 301 660 "-" "Mozilla/5.0 (Windows NT 6.1; Win64; x64) AppleWebKit/537.36 (KHTML, like Gecko) Chrome/50.0.2661.102 Safari/537.36"
::1 - - [26/May/2016:08:15:24 +0200] "OPTIONS * HTTP/1.0" 200 126 "-" "Apache/2.4.10 (Debian) OpenSSL/1.0.1k (internal dummy connection)"
::1 - - [26/May/2016:08:15:28 +0200] "OPTIONS * HTTP/1.0" 200 126 "-" "Apache/2.4.10 (Debian) OpenSSL/1.0.1k (internal dummy connection)"
::1 - - [26/May/2016:08:16:03 +0200] "OPTIONS * HTTP/1.0" 200 126 "-" "Apache/2.4.10 (Debian) OpenSSL/1.0.1k (internal dummy connection)"
::1 - - [26/May/2016:08:16:35 +0200] "OPTIONS * HTTP/1.0" 200 126 "-" "Apache/2.4.10 (Debian) OpenSSL/1.0.1k (internal dummy connection)"
::1 - - [26/May/2016:08:16:36 +0200] "OPTIONS * HTTP/1.0" 200 126 "-" "Apache/2.4.10 (Debian) OpenSSL/1.0.1k (internal dummy connection)"
::1 - - [26/May/2016:08:16:37 +0200] "OPTIONS * HTTP/1.0" 200 126 "-" "Apache/2.4.10 (Debian) OpenSSL/1.0.1k (internal dummy connection)"
::1 - - [26/May/2016:08:18:56 +0200] "OPTIONS * HTTP/1.0" 200 126 "-" "Apache/2.4.10 (Debian) OpenSSL/1.0.1k (internal dummy connection)"
::1 - - [26/May/2016:08:19:58 +0200] "OPTIONS * HTTP/1.0" 200 126 "-" "Apache/2.4.10 (Debian) OpenSSL/1.0.1k (internal dummy connection)"
::1 - - [26/May/2016:08:19:59 +0200] "OPTIONS * HTTP/1.0" 200 126 "-" "Apache/2.4.10 (Debian) OpenSSL/1.0.1k (internal dummy connection)"
::1 - - [26/May/2016:08:20:00 +0200] "OPTIONS * HTTP/1.0" 200 126 "-" "Apache/2.4.10 (Debian) OpenSSL/1.0.1k (internal dummy connection)"
::1 - - [26/May/2016:08:20:01 +0200] "OPTIONS * HTTP/1.0" 200 126 "-" "Apache/2.4.10 (Debian) OpenSSL/1.0.1k (internal dummy connection)"
::1 - - [26/May/2016:08:20:02 +0200] "OPTIONS * HTTP/1.0" 200 126 "-" "Apache/2.4.10 (Debian) OpenSSL/1.0.1k (internal dummy connection)"
::1 - - [26/May/2016:08:20:03 +0200] "OPTIONS * HTTP/1.0" 200 126 "-" "Apache/2.4.10 (Debian) OpenSSL/1.0.1k (internal dummy connection)"
::1 - - [26/May/2016:08:20:04 +0200] "OPTIONS * HTTP/1.0" 200 126 "-" "Apache/2.4.10 (Debian) OpenSSL/1.0.1k (internal dummy connection)"
::1 - - [26/May/2016:08:20:05 +0200] "OPTIONS * HTTP/1.0" 200 126 "-" "Apache/2.4.10 (Debian) OpenSSL/1.0.1k (internal dummy connection)"
::1 - - [26/May/2016:08:20:06 +0200] "OPTIONS * HTTP/1.0" 200 126 "-" "Apache/2.4.10 (Debian) OpenSSL/1.0.1k (internal dummy connection)"
::1 - - [26/May/2016:08:20:07 +0200] "OPTIONS * HTTP/1.0" 200 126 "-" "Apache/2.4.10 (Debian) OpenSSL/1.0.1k (internal dummy connection)"
::1 - - [26/May/2016:08:20:08 +0200] "OPTIONS * HTTP/1.0" 200 126 "-" "Apache/2.4.10 (Debian) OpenSSL/1.0.1k (internal dummy connection)"
::1 - - [26/May/2016:08:20:09 +0200] "OPTIONS * HTTP/1.0" 200 126 "-" "Apache/2.4.10 (Debian) OpenSSL/1.0.1k (internal dummy connection)"
::1 - - [26/May/2016:08:20:10 +0200] "OPTIONS * HTTP/1.0" 200 126 "-" "Apache/2.4.10 (Debian) OpenSSL/1.0.1k (internal dummy connection)"
::1 - - [26/May/2016:08:20:11 +0200] "OPTIONS * HTTP/1.0" 200 126 "-" "Apache/2.4.10 (Debian) OpenSSL/1.0.1k (internal dummy connection)"
::1 - - [26/May/2016:08:20:12 +0200] "OPTIONS * HTTP/1.0" 200 126 "-" "Apache/2.4.10 (Debian) OpenSSL/1.0.1k (internal dummy connection)"
::1 - - [26/May/2016:08:20:13 +0200] "OPTIONS * HTTP/1.0" 200 126 "-" "Apache/2.4.10 (Debian) OpenSSL/1.0.1k (internal dummy connection)"
::1 - - [26/May/2016:08:20:14 +0200] "OPTIONS * HTTP/1.0" 200 126 "-" "Apache/2.4.10 (Debian) OpenSSL/1.0.1k (internal dummy connection)"
::1 - - [26/May/2016:08:20:15 +0200] "OPTIONS * HTTP/1.0" 200 126 "-" "Apache/2.4.10 (Debian) OpenSSL/1.0.1k (internal dummy connection)"
::1 - - [26/May/2016:08:20:16 +0200] "OPTIONS * HTTP/1.0" 200 126 "-" "Apache/2.4.10 (Debian) OpenSSL/1.0.1k (internal dummy connection)"
::1 - - [26/May/2016:08:20:17 +0200] "OPTIONS * HTTP/1.0" 200 126 "-" "Apache/2.4.10 (Debian) OpenSSL/1.0.1k (internal dummy connection)"
::1 - - [26/May/2016:08:20:18 +0200] "OPTIONS * HTTP/1.0" 200 126 "-" "Apache/2.4.10 (Debian) OpenSSL/1.0.1k (internal dummy connection)"
::1 - - [26/May/2016:08:20:19 +0200] "OPTIONS * HTTP/1.0" 200 126 "-" "Apache/2.4.10 (Debian) OpenSSL/1.0.1k (internal dummy connection)"
::1 - - [26/May/2016:08:20:20 +0200] "OPTIONS * HTTP/1.0" 200 126 "-" "Apache/2.4.10 (Debian) OpenSSL/1.0.1k (internal dummy connection)"
::1 - - [26/May/2016:08:20:21 +0200] "OPTIONS * HTTP/1.0" 200 126 "-" "Apache/2.4.10 (Debian) OpenSSL/1.0.1k (internal dummy connection)"
::1 - - [26/May/2016:08:20:22 +0200] "OPTIONS * HTTP/1.0" 200 126 "-" "Apache/2.4.10 (Debian) OpenSSL/1.0.1k (internal dummy connection)"
::1 - - [26/May/2016:08:20:23 +0200] "OPTIONS * HTTP/1.0" 200 126 "-" "Apache/2.4.10 (Debian) OpenSSL/1.0.1k (internal dummy connection)"
::1 - - [26/May/2016:08:20:24 +0200] "OPTIONS * HTTP/1.0" 200 126 "-" "Apache/2.4.10 (Debian) OpenSSL/1.0.1k (internal dummy connection)"
::1 - - [26/May/2016:08:20:25 +0200] "OPTIONS * HTTP/1.0" 200 126 "-" "Apache/2.4.10 (Debian) OpenSSL/1.0.1k (internal dummy connection)"
::1 - - [26/May/2016:08:20:26 +0200] "OPTIONS * HTTP/1.0" 200 126 "-" "Apache/2.4.10 (Debian) OpenSSL/1.0.1k (internal dummy connection)"
::1 - - [26/May/2016:08:20:27 +0200] "OPTIONS * HTTP/1.0" 200 126 "-" "Apache/2.4.10 (Debian) OpenSSL/1.0.1k (internal dummy connection)"
::1 - - [26/May/2016:08:20:28 +0200] "OPTIONS * HTTP/1.0" 200 126 "-" "Apache/2.4.10 (Debian) OpenSSL/1.0.1k (internal dummy connection)"
78.193.220.47 - - [26/May/2016:08:20:42 +0200] "GET /postes-a-pourvoir-systemes.php HTTP/1.1" 301 660 "-" "Mozilla/5.0 (Windows NT 6.1; Win64; x64) AppleWebKit/537.36 (KHTML, like Gecko) Chrome/50.0.2661.102 Safari/537.36"
::1 - - [26/May/2016:08:20:48 +0200] "OPTIONS * HTTP/1.0" 200 126 "-" "Apache/2.4.10 (Debian) OpenSSL/1.0.1k (internal dummy connection)"
::1 - - [26/May/2016:08:20:55 +0200] "OPTIONS * HTTP/1.0" 200 126 "-" "Apache/2.4.10 (Debian) OpenSSL/1.0.1k (internal dummy connection)"
::1 - - [26/May/2016:08:21:03 +0200] "OPTIONS * HTTP/1.0" 200 126 "-" "Apache/2.4.10 (Debian) OpenSSL/1.0.1k (internal dummy connection)"
::1 - - [26/May/2016:08:23:01 +0200] "OPTIONS * HTTP/1.0" 200 126 "-" "Apache/2.4.10 (Debian) OpenSSL/1.0.1k (internal dummy connection)"
::1 - - [26/May/2016:08:23:23 +0200] "OPTIONS * HTTP/1.0" 200 126 "-" "Apache/2.4.10 (Debian) OpenSSL/1.0.1k (internal dummy connection)"
::1 - - [26/May/2016:08:23:42 +0200] "OPTIONS * HTTP/1.0" 200 126 "-" "Apache/2.4.10 (Debian) OpenSSL/1.0.1k (internal dummy connection)"
::1 - - [26/May/2016:08:23:53 +0200] "OPTIONS * HTTP/1.0" 200 126 "-" "Apache/2.4.10 (Debian) OpenSSL/1.0.1k (internal dummy connection)"
::1 - - [26/May/2016:08:23:54 +0200] "OPTIONS * HTTP/1.0" 200 126 "-" "Apache/2.4.10 (Debian) OpenSSL/1.0.1k (internal dummy connection)"
::1 - - [26/May/2016:08:23:55 +0200] "OPTIONS * HTTP/1.0" 200 126 "-" "Apache/2.4.10 (Debian) OpenSSL/1.0.1k (internal dummy connection)"
::1 - - [26/May/2016:08:24:07 +0200] "OPTIONS * HTTP/1.0" 200 126 "-" "Apache/2.4.10 (Debian) OpenSSL/1.0.1k (internal dummy connection)"
::1 - - [26/May/2016:08:24:15 +0200] "OPTIONS * HTTP/1.0" 200 126 "-" "Apache/2.4.10 (Debian) OpenSSL/1.0.1k (internal dummy connection)"
::1 - - [26/May/2016:08:24:16 +0200] "OPTIONS * HTTP/1.0" 200 126 "-" "Apache/2.4.10 (Debian) OpenSSL/1.0.1k (internal dummy connection)"
::1 - - [26/May/2016:08:24:17 +0200] "OPTIONS * HTTP/1.0" 200 126 "-" "Apache/2.4.10 (Debian) OpenSSL/1.0.1k (internal dummy connection)"
::1 - - [26/May/2016:08:24:18 +0200] "OPTIONS * HTTP/1.0" 200 126 "-" "Apache/2.4.10 (Debian) OpenSSL/1.0.1k (internal dummy connection)"
::1 - - [26/May/2016:08:24:19 +0200] "OPTIONS * HTTP/1.0" 200 126 "-" "Apache/2.4.10 (Debian) OpenSSL/1.0.1k (internal dummy connection)"
::1 - - [26/May/2016:08:25:31 +0200] "OPTIONS * HTTP/1.0" 200 126 "-" "Apache/2.4.10 (Debian) OpenSSL/1.0.1k (internal dummy connection)"
::1 - - [26/May/2016:08:25:33 +0200] "OPTIONS * HTTP/1.0" 200 126 "-" "Apache/2.4.10 (Debian) OpenSSL/1.0.1k (internal dummy connection)"
::1 - - [26/May/2016:08:29:12 +0200] "OPTIONS * HTTP/1.0" 200 126 "-" "Apache/2.4.10 (Debian) OpenSSL/1.0.1k (internal dummy connection)"
::1 - - [26/May/2016:08:29:13 +0200] "OPTIONS * HTTP/1.0" 200 126 "-" "Apache/2.4.10 (Debian) OpenSSL/1.0.1k (internal dummy connection)"
::1 - - [26/May/2016:08:29:14 +0200] "OPTIONS * HTTP/1.0" 200 126 "-" "Apache/2.4.10 (Debian) OpenSSL/1.0.1k (internal dummy connection)"
::1 - - [26/May/2016:08:29:15 +0200] "OPTIONS * HTTP/1.0" 200 126 "-" "Apache/2.4.10 (Debian) OpenSSL/1.0.1k (internal dummy connection)"
::1 - - [26/May/2016:08:29:16 +0200] "OPTIONS * HTTP/1.0" 200 126 "-" "Apache/2.4.10 (Debian) OpenSSL/1.0.1k (internal dummy connection)"
::1 - - [26/May/2016:08:29:17 +0200] "OPTIONS * HTTP/1.0" 200 126 "-" "Apache/2.4.10 (Debian) OpenSSL/1.0.1k (internal dummy connection)"
::1 - - [26/May/2016:08:29:18 +0200] "OPTIONS * HTTP/1.0" 200 126 "-" "Apache/2.4.10 (Debian) OpenSSL/1.0.1k (internal dummy connection)"
::1 - - [26/May/2016:08:29:45 +0200] "OPTIONS * HTTP/1.0" 200 126 "-" "Apache/2.4.10 (Debian) OpenSSL/1.0.1k (internal dummy connection)"
::1 - - [26/May/2016:08:29:50 +0200] "OPTIONS * HTTP/1.0" 200 126 "-" "Apache/2.4.10 (Debian) OpenSSL/1.0.1k (internal dummy connection)"
::1 - - [26/May/2016:08:29:51 +0200] "OPTIONS * HTTP/1.0" 200 126 "-" "Apache/2.4.10 (Debian) OpenSSL/1.0.1k (internal dummy connection)"
78.193.220.47 - - [26/May/2016:08:30:13 +0200] "GET / HTTP/1.1" 301 602 "-" "Mozilla/5.0 (X11; Linux x86_64) AppleWebKit/537.36 (KHTML, like Gecko) Ubuntu Chromium/50.0.2661.102 Chrome/50.0.2661.102 Safari/537.36"
::1 - - [26/May/2016:08:30:19 +0200] "OPTIONS * HTTP/1.0" 200 126 "-" "Apache/2.4.10 (Debian) OpenSSL/1.0.1k (internal dummy connection)"
::1 - - [26/May/2016:08:30:27 +0200] "OPTIONS * HTTP/1.0" 200 126 "-" "Apache/2.4.10 (Debian) OpenSSL/1.0.1k (internal dummy connection)"
::1 - - [26/May/2016:08:30:28 +0200] "OPTIONS * HTTP/1.0" 200 126 "-" "Apache/2.4.10 (Debian) OpenSSL/1.0.1k (internal dummy connection)"
::1 - - [26/May/2016:08:33:10 +0200] "OPTIONS * HTTP/1.0" 200 126 "-" "Apache/2.4.10 (Debian) OpenSSL/1.0.1k (internal dummy connection)"
::1 - - [26/May/2016:08:35:53 +0200] "OPTIONS * HTTP/1.0" 200 126 "-" "Apache/2.4.10 (Debian) OpenSSL/1.0.1k (internal dummy connection)"
185.2.32.14 - - [26/May/2016:08:39:01 +0200] "GET / HTTP/1.1" 301 543 "-" "Mozilla/5.0 (Windows; Windows NT 6.2; rv:38.0) Gecko/38.0 Firefox/38.0"
::1 - - [26/May/2016:08:40:47 +0200] "OPTIONS * HTTP/1.0" 200 126 "-" "Apache/2.4.10 (Debian) OpenSSL/1.0.1k (internal dummy connection)"
::1 - - [26/May/2016:08:40:48 +0200] "OPTIONS * HTTP/1.0" 200 126 "-" "Apache/2.4.10 (Debian) OpenSSL/1.0.1k (internal dummy connection)"
::1 - - [26/May/2016:08:40:49 +0200] "OPTIONS * HTTP/1.0" 200 126 "-" "Apache/2.4.10 (Debian) OpenSSL/1.0.1k (internal dummy connection)"
::1 - - [26/May/2016:08:40:50 +0200] "OPTIONS * HTTP/1.0" 200 126 "-" "Apache/2.4.10 (Debian) OpenSSL/1.0.1k (internal dummy connection)"
::1 - - [26/May/2016:08:40:51 +0200] "OPTIONS * HTTP/1.0" 200 126 "-" "Apache/2.4.10 (Debian) OpenSSL/1.0.1k (internal dummy connection)"
::1 - - [26/May/2016:08:40:52 +0200] "OPTIONS * HTTP/1.0" 200 126 "-" "Apache/2.4.10 (Debian) OpenSSL/1.0.1k (internal dummy connection)"
::1 - - [26/May/2016:08:41:02 +0200] "OPTIONS * HTTP/1.0" 200 126 "-" "Apache/2.4.10 (Debian) OpenSSL/1.0.1k (internal dummy connection)"
78.193.220.47 - - [26/May/2016:08:41:47 +0200] "GET /import.js HTTP/1.1" 301 620 "http://www.6emesens-technology.com/postes-a-pourvoir-systemes.php" "Mozilla/5.0 (Windows NT 6.1; Win64; x64) AppleWebKit/537.36 (KHTML, like Gecko) Chrome/50.0.2661.102 Safari/537.36"
78.193.220.47 - - [26/May/2016:08:41:48 +0200] "GET /postes-a-pourvoir-systemes.php HTTP/1.1" 301 659 "-" "Mozilla/5.0 (Windows NT 6.1; Win64; x64) AppleWebKit/537.36 (KHTML, like Gecko) Chrome/50.0.2661.102 Safari/537.36"
::1 - - [26/May/2016:08:42:31 +0200] "OPTIONS * HTTP/1.0" 200 126 "-" "Apache/2.4.10 (Debian) OpenSSL/1.0.1k (internal dummy connection)"
208.115.111.74 - - [26/May/2016:08:43:06 +0200] "GET /evolution.php HTTP/1.1" 301 534 "-" "Mozilla/5.0 (compatible; DotBot/1.1; http://www.opensiteexplorer.org/dotbot, help@moz.com)"
::1 - - [26/May/2016:08:43:17 +0200] "OPTIONS * HTTP/1.0" 200 126 "-" "Apache/2.4.10 (Debian) OpenSSL/1.0.1k (internal dummy connection)"
::1 - - [26/May/2016:08:43:18 +0200] "OPTIONS * HTTP/1.0" 200 126 "-" "Apache/2.4.10 (Debian) OpenSSL/1.0.1k (internal dummy connection)"
::1 - - [26/May/2016:08:43:21 +0200] "OPTIONS * HTTP/1.0" 200 126 "-" "Apache/2.4.10 (Debian) OpenSSL/1.0.1k (internal dummy connection)"
78.193.220.47 - - [26/May/2016:08:43:22 +0200] "GET /postes-a-pourvoir-systemes.php HTTP/1.1" 301 660 "-" "Mozilla/5.0 (Windows NT 6.1; Win64; x64) AppleWebKit/537.36 (KHTML, like Gecko) Chrome/50.0.2661.102 Safari/537.36"
::1 - - [26/May/2016:08:43:30 +0200] "OPTIONS * HTTP/1.0" 200 126 "-" "Apache/2.4.10 (Debian) OpenSSL/1.0.1k (internal dummy connection)"
::1 - - [26/May/2016:08:43:31 +0200] "OPTIONS * HTTP/1.0" 200 126 "-" "Apache/2.4.10 (Debian) OpenSSL/1.0.1k (internal dummy connection)"
::1 - - [26/May/2016:08:43:32 +0200] "OPTIONS * HTTP/1.0" 200 126 "-" "Apache/2.4.10 (Debian) OpenSSL/1.0.1k (internal dummy connection)"
::1 - - [26/May/2016:08:43:40 +0200] "OPTIONS * HTTP/1.0" 200 126 "-" "Apache/2.4.10 (Debian) OpenSSL/1.0.1k (internal dummy connection)"
::1 - - [26/May/2016:08:43:54 +0200] "OPTIONS * HTTP/1.0" 200 126 "-" "Apache/2.4.10 (Debian) OpenSSL/1.0.1k (internal dummy connection)"
::1 - - [26/May/2016:08:44:41 +0200] "OPTIONS * HTTP/1.0" 200 126 "-" "Apache/2.4.10 (Debian) OpenSSL/1.0.1k (internal dummy connection)"
::1 - - [26/May/2016:08:44:42 +0200] "OPTIONS * HTTP/1.0" 200 126 "-" "Apache/2.4.10 (Debian) OpenSSL/1.0.1k (internal dummy connection)"
::1 - - [26/May/2016:08:44:43 +0200] "OPTIONS * HTTP/1.0" 200 126 "-" "Apache/2.4.10 (Debian) OpenSSL/1.0.1k (internal dummy connection)"
::1 - - [26/May/2016:08:44:51 +0200] "OPTIONS * HTTP/1.0" 200 126 "-" "Apache/2.4.10 (Debian) OpenSSL/1.0.1k (internal dummy connection)"
::1 - - [26/May/2016:08:45:10 +0200] "OPTIONS * HTTP/1.0" 200 126 "-" "Apache/2.4.10 (Debian) OpenSSL/1.0.1k (internal dummy connection)"
::1 - - [26/May/2016:08:45:11 +0200] "OPTIONS * HTTP/1.0" 200 126 "-" "Apache/2.4.10 (Debian) OpenSSL/1.0.1k (internal dummy connection)"
::1 - - [26/May/2016:08:45:12 +0200] "OPTIONS * HTTP/1.0" 200 126 "-" "Apache/2.4.10 (Debian) OpenSSL/1.0.1k (internal dummy connection)"
::1 - - [26/May/2016:08:45:39 +0200] "OPTIONS * HTTP/1.0" 200 126 "-" "Apache/2.4.10 (Debian) OpenSSL/1.0.1k (internal dummy connection)"
::1 - - [26/May/2016:08:45:40 +0200] "OPTIONS * HTTP/1.0" 200 126 "-" "Apache/2.4.10 (Debian) OpenSSL/1.0.1k (internal dummy connection)"
::1 - - [26/May/2016:08:45:41 +0200] "OPTIONS * HTTP/1.0" 200 126 "-" "Apache/2.4.10 (Debian) OpenSSL/1.0.1k (internal dummy connection)"
::1 - - [26/May/2016:08:46:07 +0200] "OPTIONS * HTTP/1.0" 200 126 "-" "Apache/2.4.10 (Debian) OpenSSL/1.0.1k (internal dummy connection)"
::1 - - [26/May/2016:08:46:10 +0200] "OPTIONS * HTTP/1.0" 200 126 "-" "Apache/2.4.10 (Debian) OpenSSL/1.0.1k (internal dummy connection)"
::1 - - [26/May/2016:08:46:50 +0200] "OPTIONS * HTTP/1.0" 200 126 "-" "Apache/2.4.10 (Debian) OpenSSL/1.0.1k (internal dummy connection)"
::1 - - [26/May/2016:08:46:51 +0200] "OPTIONS * HTTP/1.0" 200 126 "-" "Apache/2.4.10 (Debian) OpenSSL/1.0.1k (internal dummy connection)"
::1 - - [26/May/2016:08:46:52 +0200] "OPTIONS * HTTP/1.0" 200 126 "-" "Apache/2.4.10 (Debian) OpenSSL/1.0.1k (internal dummy connection)"
78.193.220.47 - - [26/May/2016:08:47:29 +0200] "GET / HTTP/1.1" 301 603 "-" "Mozilla/5.0 (Windows NT 6.1; Win64; x64) AppleWebKit/537.36 (KHTML, like Gecko) Chrome/50.0.2661.102 Safari/537.36"
::1 - - [26/May/2016:08:47:37 +0200] "OPTIONS * HTTP/1.0" 200 126 "-" "Apache/2.4.10 (Debian) OpenSSL/1.0.1k (internal dummy connection)"
::1 - - [26/May/2016:08:48:18 +0200] "OPTIONS * HTTP/1.0" 200 126 "-" "Apache/2.4.10 (Debian) OpenSSL/1.0.1k (internal dummy connection)"
::1 - - [26/May/2016:08:48:45 +0200] "OPTIONS * HTTP/1.0" 200 126 "-" "Apache/2.4.10 (Debian) OpenSSL/1.0.1k (internal dummy connection)"
::1 - - [26/May/2016:08:49:18 +0200] "OPTIONS * HTTP/1.0" 200 126 "-" "Apache/2.4.10 (Debian) OpenSSL/1.0.1k (internal dummy connection)"
::1 - - [26/May/2016:08:49:56 +0200] "OPTIONS * HTTP/1.0" 200 126 "-" "Apache/2.4.10 (Debian) OpenSSL/1.0.1k (internal dummy connection)"
::1 - - [26/May/2016:08:50:18 +0200] "OPTIONS * HTTP/1.0" 200 126 "-" "Apache/2.4.10 (Debian) OpenSSL/1.0.1k (internal dummy connection)"
::1 - - [26/May/2016:08:50:19 +0200] "OPTIONS * HTTP/1.0" 200 126 "-" "Apache/2.4.10 (Debian) OpenSSL/1.0.1k (internal dummy connection)"
::1 - - [26/May/2016:08:50:20 +0200] "OPTIONS * HTTP/1.0" 200 126 "-" "Apache/2.4.10 (Debian) OpenSSL/1.0.1k (internal dummy connection)"
::1 - - [26/May/2016:08:50:25 +0200] "OPTIONS * HTTP/1.0" 200 126 "-" "Apache/2.4.10 (Debian) OpenSSL/1.0.1k (internal dummy connection)"
::1 - - [26/May/2016:08:50:33 +0200] "OPTIONS * HTTP/1.0" 200 126 "-" "Apache/2.4.10 (Debian) OpenSSL/1.0.1k (internal dummy connection)"
::1 - - [26/May/2016:08:50:47 +0200] "OPTIONS * HTTP/1.0" 200 126 "-" "Apache/2.4.10 (Debian) OpenSSL/1.0.1k (internal dummy connection)"
78.193.220.47 - - [26/May/2016:08:51:26 +0200] "GET / HTTP/1.1" 301 603 "-" "Mozilla/5.0 (Windows NT 6.1; Win64; x64) AppleWebKit/537.36 (KHTML, like Gecko) Chrome/50.0.2661.102 Safari/537.36"
::1 - - [26/May/2016:08:51:33 +0200] "OPTIONS * HTTP/1.0" 200 126 "-" "Apache/2.4.10 (Debian) OpenSSL/1.0.1k (internal dummy connection)"
::1 - - [26/May/2016:08:51:34 +0200] "OPTIONS * HTTP/1.0" 200 126 "-" "Apache/2.4.10 (Debian) OpenSSL/1.0.1k (internal dummy connection)"
::1 - - [26/May/2016:08:51:35 +0200] "OPTIONS * HTTP/1.0" 200 126 "-" "Apache/2.4.10 (Debian) OpenSSL/1.0.1k (internal dummy connection)"
::1 - - [26/May/2016:08:51:36 +0200] "OPTIONS * HTTP/1.0" 200 126 "-" "Apache/2.4.10 (Debian) OpenSSL/1.0.1k (internal dummy connection)"
78.193.220.47 - - [26/May/2016:08:52:00 +0200] "GET / HTTP/1.1" 301 589 "-" "Mozilla/5.0 (Windows NT 6.1; WOW64; rv:46.0) Gecko/20100101 Firefox/46.0"
::1 - - [26/May/2016:08:52:06 +0200] "OPTIONS * HTTP/1.0" 200 126 "-" "Apache/2.4.10 (Debian) OpenSSL/1.0.1k (internal dummy connection)"
::1 - - [26/May/2016:08:52:07 +0200] "OPTIONS * HTTP/1.0" 200 126 "-" "Apache/2.4.10 (Debian) OpenSSL/1.0.1k (internal dummy connection)"
::1 - - [26/May/2016:08:52:09 +0200] "OPTIONS * HTTP/1.0" 200 126 "-" "Apache/2.4.10 (Debian) OpenSSL/1.0.1k (internal dummy connection)"
::1 - - [26/May/2016:08:52:10 +0200] "OPTIONS * HTTP/1.0" 200 126 "-" "Apache/2.4.10 (Debian) OpenSSL/1.0.1k (internal dummy connection)"
::1 - - [26/May/2016:08:52:11 +0200] "OPTIONS * HTTP/1.0" 200 126 "-" "Apache/2.4.10 (Debian) OpenSSL/1.0.1k (internal dummy connection)"
::1 - - [26/May/2016:08:52:12 +0200] "OPTIONS * HTTP/1.0" 200 126 "-" "Apache/2.4.10 (Debian) OpenSSL/1.0.1k (internal dummy connection)"
::1 - - [26/May/2016:08:52:19 +0200] "OPTIONS * HTTP/1.0" 200 126 "-" "Apache/2.4.10 (Debian) OpenSSL/1.0.1k (internal dummy connection)"
::1 - - [26/May/2016:08:52:20 +0200] "OPTIONS * HTTP/1.0" 200 126 "-" "Apache/2.4.10 (Debian) OpenSSL/1.0.1k (internal dummy connection)"
::1 - - [26/May/2016:08:52:40 +0200] "OPTIONS * HTTP/1.0" 200 126 "-" "Apache/2.4.10 (Debian) OpenSSL/1.0.1k (internal dummy connection)"
::1 - - [26/May/2016:08:52:46 +0200] "OPTIONS * HTTP/1.0" 200 126 "-" "Apache/2.4.10 (Debian) OpenSSL/1.0.1k (internal dummy connection)"
::1 - - [26/May/2016:08:52:47 +0200] "OPTIONS * HTTP/1.0" 200 126 "-" "Apache/2.4.10 (Debian) OpenSSL/1.0.1k (internal dummy connection)"
::1 - - [26/May/2016:08:53:28 +0200] "OPTIONS * HTTP/1.0" 200 126 "-" "Apache/2.4.10 (Debian) OpenSSL/1.0.1k (internal dummy connection)"
::1 - - [26/May/2016:08:53:50 +0200] "OPTIONS * HTTP/1.0" 200 126 "-" "Apache/2.4.10 (Debian) OpenSSL/1.0.1k (internal dummy connection)"
::1 - - [26/May/2016:08:54:31 +0200] "OPTIONS * HTTP/1.0" 200 126 "-" "Apache/2.4.10 (Debian) OpenSSL/1.0.1k (internal dummy connection)"
::1 - - [26/May/2016:08:54:32 +0200] "OPTIONS * HTTP/1.0" 200 126 "-" "Apache/2.4.10 (Debian) OpenSSL/1.0.1k (internal dummy connection)"
::1 - - [26/May/2016:08:54:33 +0200] "OPTIONS * HTTP/1.0" 200 126 "-" "Apache/2.4.10 (Debian) OpenSSL/1.0.1k (internal dummy connection)"
78.193.220.47 - - [26/May/2016:08:54:47 +0200] "GET / HTTP/1.1" 301 595 "-" "Mozilla/5.0 (Windows NT 6.1; Win64; x64) AppleWebKit/537.36 (KHTML, like Gecko) Chrome/50.0.2661.102 Safari/537.36"
77.154.204.151 - - [26/May/2016:08:56:03 +0200] "-" 408 0 "-" "-"
77.154.204.151 - - [26/May/2016:08:56:03 +0200] "-" 408 0 "-" "-"
::1 - - [26/May/2016:08:57:53 +0200] "OPTIONS * HTTP/1.0" 200 126 "-" "Apache/2.4.10 (Debian) OpenSSL/1.0.1k (internal dummy connection)"
::1 - - [26/May/2016:08:59:30 +0200] "OPTIONS * HTTP/1.0" 200 126 "-" "Apache/2.4.10 (Debian) OpenSSL/1.0.1k (internal dummy connection)"
::1 - - [26/May/2016:09:01:12 +0200] "OPTIONS * HTTP/1.0" 200 126 "-" "Apache/2.4.10 (Debian) OpenSSL/1.0.1k (internal dummy connection)"
::1 - - [26/May/2016:09:01:13 +0200] "OPTIONS * HTTP/1.0" 200 126 "-" "Apache/2.4.10 (Debian) OpenSSL/1.0.1k (internal dummy connection)"
::1 - - [26/May/2016:09:01:14 +0200] "OPTIONS * HTTP/1.0" 200 126 "-" "Apache/2.4.10 (Debian) OpenSSL/1.0.1k (internal dummy connection)"
78.193.220.47 - - [26/May/2016:09:02:07 +0200] "GET / HTTP/1.1" 301 599 "-" "Mozilla/5.0 (X11; Linux x86_64) AppleWebKit/537.36 (KHTML, like Gecko) Ubuntu Chromium/50.0.2661.102 Chrome/50.0.2661.102 Safari/537.36"
::1 - - [26/May/2016:09:02:19 +0200] "OPTIONS * HTTP/1.0" 200 126 "-" "Apache/2.4.10 (Debian) OpenSSL/1.0.1k (internal dummy connection)"
::1 - - [26/May/2016:09:02:20 +0200] "OPTIONS * HTTP/1.0" 200 126 "-" "Apache/2.4.10 (Debian) OpenSSL/1.0.1k (internal dummy connection)"
::1 - - [26/May/2016:09:02:41 +0200] "OPTIONS * HTTP/1.0" 200 126 "-" "Apache/2.4.10 (Debian) OpenSSL/1.0.1k (internal dummy connection)"
78.193.220.47 - - [26/May/2016:09:04:32 +0200] "GET / HTTP/1.1" 301 583 "-" "Mozilla/5.0 (X11; Linux x86_64) AppleWebKit/537.36 (KHTML, like Gecko) Ubuntu Chromium/50.0.2661.102 Chrome/50.0.2661.102 Safari/537.36"
78.193.220.47 - - [26/May/2016:09:04:45 +0200] "GET / HTTP/1.1" 301 583 "-" "Mozilla/5.0 (X11; Linux x86_64) AppleWebKit/537.36 (KHTML, like Gecko) Ubuntu Chromium/50.0.2661.102 Chrome/50.0.2661.102 Safari/537.36"
::1 - - [26/May/2016:09:04:53 +0200] "OPTIONS * HTTP/1.0" 200 126 "-" "Apache/2.4.10 (Debian) OpenSSL/1.0.1k (internal dummy connection)"
::1 - - [26/May/2016:09:05:58 +0200] "OPTIONS * HTTP/1.0" 200 126 "-" "Apache/2.4.10 (Debian) OpenSSL/1.0.1k (internal dummy connection)"
::1 - - [26/May/2016:09:05:59 +0200] "OPTIONS * HTTP/1.0" 200 126 "-" "Apache/2.4.10 (Debian) OpenSSL/1.0.1k (internal dummy connection)"
78.193.220.47 - - [26/May/2016:09:06:00 +0200] "GET /img/last_logo.png HTTP/1.1" 301 619 "http://1j1h1a.org/" "Mozilla/5.0 (X11; Linux x86_64) AppleWebKit/537.36 (KHTML, like Gecko) Ubuntu Chromium/50.0.2661.102 Chrome/50.0.2661.102 Safari/537.36"
78.193.220.47 - - [26/May/2016:09:06:03 +0200] "GET / HTTP/1.1" 301 584 "-" "Mozilla/5.0 (X11; Linux x86_64) AppleWebKit/537.36 (KHTML, like Gecko) Ubuntu Chromium/50.0.2661.102 Chrome/50.0.2661.102 Safari/537.36"
::1 - - [26/May/2016:09:06:21 +0200] "OPTIONS * HTTP/1.0" 200 126 "-" "Apache/2.4.10 (Debian) OpenSSL/1.0.1k (internal dummy connection)"
::1 - - [26/May/2016:09:06:22 +0200] "OPTIONS * HTTP/1.0" 200 126 "-" "Apache/2.4.10 (Debian) OpenSSL/1.0.1k (internal dummy connection)"
::1 - - [26/May/2016:09:06:23 +0200] "OPTIONS * HTTP/1.0" 200 126 "-" "Apache/2.4.10 (Debian) OpenSSL/1.0.1k (internal dummy connection)"
::1 - - [26/May/2016:09:06:24 +0200] "OPTIONS * HTTP/1.0" 200 126 "-" "Apache/2.4.10 (Debian) OpenSSL/1.0.1k (internal dummy connection)"
::1 - - [26/May/2016:09:06:38 +0200] "OPTIONS * HTTP/1.0" 200 126 "-" "Apache/2.4.10 (Debian) OpenSSL/1.0.1k (internal dummy connection)"
::1 - - [26/May/2016:09:06:39 +0200] "OPTIONS * HTTP/1.0" 200 126 "-" "Apache/2.4.10 (Debian) OpenSSL/1.0.1k (internal dummy connection)"
::1 - - [26/May/2016:09:06:40 +0200] "OPTIONS * HTTP/1.0" 200 126 "-" "Apache/2.4.10 (Debian) OpenSSL/1.0.1k (internal dummy connection)"
::1 - - [26/May/2016:09:06:41 +0200] "OPTIONS * HTTP/1.0" 200 126 "-" "Apache/2.4.10 (Debian) OpenSSL/1.0.1k (internal dummy connection)"
::1 - - [26/May/2016:09:06:42 +0200] "OPTIONS * HTTP/1.0" 200 126 "-" "Apache/2.4.10 (Debian) OpenSSL/1.0.1k (internal dummy connection)"
::1 - - [26/May/2016:09:06:46 +0200] "OPTIONS * HTTP/1.0" 200 126 "-" "Apache/2.4.10 (Debian) OpenSSL/1.0.1k (internal dummy connection)"
::1 - - [26/May/2016:09:07:12 +0200] "OPTIONS * HTTP/1.0" 200 126 "-" "Apache/2.4.10 (Debian) OpenSSL/1.0.1k (internal dummy connection)"
::1 - - [26/May/2016:09:07:13 +0200] "OPTIONS * HTTP/1.0" 200 126 "-" "Apache/2.4.10 (Debian) OpenSSL/1.0.1k (internal dummy connection)"
78.193.220.47 - - [26/May/2016:09:07:47 +0200] "GET / HTTP/1.1" 301 585 "-" "Mozilla/5.0 (X11; Linux x86_64) AppleWebKit/537.36 (KHTML, like Gecko) Ubuntu Chromium/50.0.2661.102 Chrome/50.0.2661.102 Safari/537.36"
::1 - - [26/May/2016:09:07:50 +0200] "OPTIONS * HTTP/1.0" 200 126 "-" "Apache/2.4.10 (Debian) OpenSSL/1.0.1k (internal dummy connection)"
::1 - - [26/May/2016:09:07:51 +0200] "OPTIONS * HTTP/1.0" 200 126 "-" "Apache/2.4.10 (Debian) OpenSSL/1.0.1k (internal dummy connection)"
::1 - - [26/May/2016:09:07:52 +0200] "OPTIONS * HTTP/1.0" 200 126 "-" "Apache/2.4.10 (Debian) OpenSSL/1.0.1k (internal dummy connection)"
::1 - - [26/May/2016:09:07:53 +0200] "OPTIONS * HTTP/1.0" 200 126 "-" "Apache/2.4.10 (Debian) OpenSSL/1.0.1k (internal dummy connection)"
::1 - - [26/May/2016:09:07:54 +0200] "OPTIONS * HTTP/1.0" 200 126 "-" "Apache/2.4.10 (Debian) OpenSSL/1.0.1k (internal dummy connection)"
::1 - - [26/May/2016:09:07:55 +0200] "OPTIONS * HTTP/1.0" 200 126 "-" "Apache/2.4.10 (Debian) OpenSSL/1.0.1k (internal dummy connection)"
::1 - - [26/May/2016:09:07:56 +0200] "OPTIONS * HTTP/1.0" 200 126 "-" "Apache/2.4.10 (Debian) OpenSSL/1.0.1k (internal dummy connection)"
::1 - - [26/May/2016:09:07:57 +0200] "OPTIONS * HTTP/1.0" 200 126 "-" "Apache/2.4.10 (Debian) OpenSSL/1.0.1k (internal dummy connection)"
::1 - - [26/May/2016:09:07:58 +0200] "OPTIONS * HTTP/1.0" 200 126 "-" "Apache/2.4.10 (Debian) OpenSSL/1.0.1k (internal dummy connection)"
::1 - - [26/May/2016:09:07:59 +0200] "OPTIONS * HTTP/1.0" 200 126 "-" "Apache/2.4.10 (Debian) OpenSSL/1.0.1k (internal dummy connection)"
::1 - - [26/May/2016:09:08:00 +0200] "OPTIONS * HTTP/1.0" 200 126 "-" "Apache/2.4.10 (Debian) OpenSSL/1.0.1k (internal dummy connection)"
::1 - - [26/May/2016:09:08:01 +0200] "OPTIONS * HTTP/1.0" 200 126 "-" "Apache/2.4.10 (Debian) OpenSSL/1.0.1k (internal dummy connection)"
::1 - - [26/May/2016:09:08:02 +0200] "OPTIONS * HTTP/1.0" 200 126 "-" "Apache/2.4.10 (Debian) OpenSSL/1.0.1k (internal dummy connection)"
::1 - - [26/May/2016:09:08:03 +0200] "OPTIONS * HTTP/1.0" 200 126 "-" "Apache/2.4.10 (Debian) OpenSSL/1.0.1k (internal dummy connection)"
::1 - - [26/May/2016:09:08:04 +0200] "OPTIONS * HTTP/1.0" 200 126 "-" "Apache/2.4.10 (Debian) OpenSSL/1.0.1k (internal dummy connection)"
::1 - - [26/May/2016:09:08:05 +0200] "OPTIONS * HTTP/1.0" 200 126 "-" "Apache/2.4.10 (Debian) OpenSSL/1.0.1k (internal dummy connection)"
::1 - - [26/May/2016:09:08:06 +0200] "OPTIONS * HTTP/1.0" 200 126 "-" "Apache/2.4.10 (Debian) OpenSSL/1.0.1k (internal dummy connection)"
::1 - - [26/May/2016:09:08:21 +0200] "OPTIONS * HTTP/1.0" 200 126 "-" "Apache/2.4.10 (Debian) OpenSSL/1.0.1k (internal dummy connection)"
::1 - - [26/May/2016:09:08:22 +0200] "OPTIONS * HTTP/1.0" 200 126 "-" "Apache/2.4.10 (Debian) OpenSSL/1.0.1k (internal dummy connection)"
::1 - - [26/May/2016:09:08:23 +0200] "OPTIONS * HTTP/1.0" 200 126 "-" "Apache/2.4.10 (Debian) OpenSSL/1.0.1k (internal dummy connection)"
::1 - - [26/May/2016:09:08:24 +0200] "OPTIONS * HTTP/1.0" 200 126 "-" "Apache/2.4.10 (Debian) OpenSSL/1.0.1k (internal dummy connection)"
::1 - - [26/May/2016:09:08:25 +0200] "OPTIONS * HTTP/1.0" 200 126 "-" "Apache/2.4.10 (Debian) OpenSSL/1.0.1k (internal dummy connection)"
78.193.220.47 - - [26/May/2016:09:08:27 +0200] "GET / HTTP/1.1" 301 599 "-" "Mozilla/5.0 (X11; Linux x86_64) AppleWebKit/537.36 (KHTML, like Gecko) Ubuntu Chromium/50.0.2661.102 Chrome/50.0.2661.102 Safari/537.36"
::1 - - [26/May/2016:09:08:55 +0200] "OPTIONS * HTTP/1.0" 200 126 "-" "Apache/2.4.10 (Debian) OpenSSL/1.0.1k (internal dummy connection)"
::1 - - [26/May/2016:09:09:32 +0200] "OPTIONS * HTTP/1.0" 200 126 "-" "Apache/2.4.10 (Debian) OpenSSL/1.0.1k (internal dummy connection)"
::1 - - [26/May/2016:09:09:33 +0200] "OPTIONS * HTTP/1.0" 200 126 "-" "Apache/2.4.10 (Debian) OpenSSL/1.0.1k (internal dummy connection)"
::1 - - [26/May/2016:09:09:35 +0200] "OPTIONS * HTTP/1.0" 200 126 "-" "Apache/2.4.10 (Debian) OpenSSL/1.0.1k (internal dummy connection)"
::1 - - [26/May/2016:09:09:54 +0200] "OPTIONS * HTTP/1.0" 200 126 "-" "Apache/2.4.10 (Debian) OpenSSL/1.0.1k (internal dummy connection)"
::1 - - [26/May/2016:09:09:55 +0200] "OPTIONS * HTTP/1.0" 200 126 "-" "Apache/2.4.10 (Debian) OpenSSL/1.0.1k (internal dummy connection)"
::1 - - [26/May/2016:09:09:56 +0200] "OPTIONS * HTTP/1.0" 200 126 "-" "Apache/2.4.10 (Debian) OpenSSL/1.0.1k (internal dummy connection)"
::1 - - [26/May/2016:09:09:57 +0200] "OPTIONS * HTTP/1.0" 200 126 "-" "Apache/2.4.10 (Debian) OpenSSL/1.0.1k (internal dummy connection)"
::1 - - [26/May/2016:09:09:58 +0200] "OPTIONS * HTTP/1.0" 200 126 "-" "Apache/2.4.10 (Debian) OpenSSL/1.0.1k (internal dummy connection)"
::1 - - [26/May/2016:09:10:18 +0200] "OPTIONS * HTTP/1.0" 200 126 "-" "Apache/2.4.10 (Debian) OpenSSL/1.0.1k (internal dummy connection)"
::1 - - [26/May/2016:09:10:19 +0200] "OPTIONS * HTTP/1.0" 200 126 "-" "Apache/2.4.10 (Debian) OpenSSL/1.0.1k (internal dummy connection)"
::1 - - [26/May/2016:09:10:20 +0200] "OPTIONS * HTTP/1.0" 200 126 "-" "Apache/2.4.10 (Debian) OpenSSL/1.0.1k (internal dummy connection)"
::1 - - [26/May/2016:09:10:21 +0200] "OPTIONS * HTTP/1.0" 200 126 "-" "Apache/2.4.10 (Debian) OpenSSL/1.0.1k (internal dummy connection)"
::1 - - [26/May/2016:09:10:22 +0200] "OPTIONS * HTTP/1.0" 200 126 "-" "Apache/2.4.10 (Debian) OpenSSL/1.0.1k (internal dummy connection)"
::1 - - [26/May/2016:09:10:23 +0200] "OPTIONS * HTTP/1.0" 200 126 "-" "Apache/2.4.10 (Debian) OpenSSL/1.0.1k (internal dummy connection)"
::1 - - [26/May/2016:09:10:24 +0200] "OPTIONS * HTTP/1.0" 200 126 "-" "Apache/2.4.10 (Debian) OpenSSL/1.0.1k (internal dummy connection)"
::1 - - [26/May/2016:09:10:25 +0200] "OPTIONS * HTTP/1.0" 200 126 "-" "Apache/2.4.10 (Debian) OpenSSL/1.0.1k (internal dummy connection)"
::1 - - [26/May/2016:09:10:26 +0200] "OPTIONS * HTTP/1.0" 200 126 "-" "Apache/2.4.10 (Debian) OpenSSL/1.0.1k (internal dummy connection)"
::1 - - [26/May/2016:09:10:27 +0200] "OPTIONS * HTTP/1.0" 200 126 "-" "Apache/2.4.10 (Debian) OpenSSL/1.0.1k (internal dummy connection)"
::1 - - [26/May/2016:09:10:28 +0200] "OPTIONS * HTTP/1.0" 200 126 "-" "Apache/2.4.10 (Debian) OpenSSL/1.0.1k (internal dummy connection)"
::1 - - [26/May/2016:09:10:29 +0200] "OPTIONS * HTTP/1.0" 200 126 "-" "Apache/2.4.10 (Debian) OpenSSL/1.0.1k (internal dummy connection)"
::1 - - [26/May/2016:09:10:30 +0200] "OPTIONS * HTTP/1.0" 200 126 "-" "Apache/2.4.10 (Debian) OpenSSL/1.0.1k (internal dummy connection)"
::1 - - [26/May/2016:09:10:31 +0200] "OPTIONS * HTTP/1.0" 200 126 "-" "Apache/2.4.10 (Debian) OpenSSL/1.0.1k (internal dummy connection)"
::1 - - [26/May/2016:09:10:32 +0200] "OPTIONS * HTTP/1.0" 200 126 "-" "Apache/2.4.10 (Debian) OpenSSL/1.0.1k (internal dummy connection)"
::1 - - [26/May/2016:09:10:33 +0200] "OPTIONS * HTTP/1.0" 200 126 "-" "Apache/2.4.10 (Debian) OpenSSL/1.0.1k (internal dummy connection)"
::1 - - [26/May/2016:09:10:34 +0200] "OPTIONS * HTTP/1.0" 200 126 "-" "Apache/2.4.10 (Debian) OpenSSL/1.0.1k (internal dummy connection)"
::1 - - [26/May/2016:09:10:35 +0200] "OPTIONS * HTTP/1.0" 200 126 "-" "Apache/2.4.10 (Debian) OpenSSL/1.0.1k (internal dummy connection)"
::1 - - [26/May/2016:09:10:36 +0200] "OPTIONS * HTTP/1.0" 200 126 "-" "Apache/2.4.10 (Debian) OpenSSL/1.0.1k (internal dummy connection)"
::1 - - [26/May/2016:09:10:37 +0200] "OPTIONS * HTTP/1.0" 200 126 "-" "Apache/2.4.10 (Debian) OpenSSL/1.0.1k (internal dummy connection)"
::1 - - [26/May/2016:09:10:38 +0200] "OPTIONS * HTTP/1.0" 200 126 "-" "Apache/2.4.10 (Debian) OpenSSL/1.0.1k (internal dummy connection)"
