::1 - - [21/May/2016:17:58:39 +0200] "OPTIONS * HTTP/1.0" 200 126 "-" "Apache/2.4.10 (Debian) OpenSSL/1.0.1k (internal dummy connection)"
::1 - - [21/May/2016:17:58:40 +0200] "OPTIONS * HTTP/1.0" 200 126 "-" "Apache/2.4.10 (Debian) OpenSSL/1.0.1k (internal dummy connection)"
::1 - - [21/May/2016:17:58:43 +0200] "OPTIONS * HTTP/1.0" 200 126 "-" "Apache/2.4.10 (Debian) OpenSSL/1.0.1k (internal dummy connection)"
::1 - - [21/May/2016:17:58:44 +0200] "OPTIONS * HTTP/1.0" 200 126 "-" "Apache/2.4.10 (Debian) OpenSSL/1.0.1k (internal dummy connection)"
88.189.56.136 - - [21/May/2016:17:59:28 +0200] "GET / HTTP/1.1" 200 546 "-" "Mozilla/5.0 (X11; Linux x86_64) AppleWebKit/537.36 (KHTML, like Gecko) Ubuntu Chromium/50.0.2661.102 Chrome/50.0.2661.102 Safari/537.36"
88.189.56.136 - - [21/May/2016:17:59:28 +0200] "GET /beta.jpg HTTP/1.1" 200 107362 "http://sql.capfi.fr/" "Mozilla/5.0 (X11; Linux x86_64) AppleWebKit/537.36 (KHTML, like Gecko) Ubuntu Chromium/50.0.2661.102 Chrome/50.0.2661.102 Safari/537.36"
88.189.56.136 - - [21/May/2016:17:59:32 +0200] "GET / HTTP/1.1" 200 545 "-" "Mozilla/5.0 (X11; Linux x86_64) AppleWebKit/537.36 (KHTML, like Gecko) Ubuntu Chromium/50.0.2661.102 Chrome/50.0.2661.102 Safari/537.36"
88.189.56.136 - - [21/May/2016:17:59:32 +0200] "GET /beta.jpg HTTP/1.1" 304 182 "http://sql.capfi.fr/" "Mozilla/5.0 (X11; Linux x86_64) AppleWebKit/537.36 (KHTML, like Gecko) Ubuntu Chromium/50.0.2661.102 Chrome/50.0.2661.102 Safari/537.36"
88.189.56.136 - - [21/May/2016:17:59:32 +0200] "GET /favicon.ico HTTP/1.1" 404 503 "http://sql.capfi.fr/" "Mozilla/5.0 (X11; Linux x86_64) AppleWebKit/537.36 (KHTML, like Gecko) Ubuntu Chromium/50.0.2661.102 Chrome/50.0.2661.102 Safari/537.36"
::1 - - [21/May/2016:18:00:51 +0200] "OPTIONS * HTTP/1.0" 200 126 "-" "Apache/2.4.10 (Debian) OpenSSL/1.0.1k (internal dummy connection)"
::1 - - [21/May/2016:18:00:52 +0200] "OPTIONS * HTTP/1.0" 200 126 "-" "Apache/2.4.10 (Debian) OpenSSL/1.0.1k (internal dummy connection)"
::1 - - [21/May/2016:18:00:58 +0200] "OPTIONS * HTTP/1.0" 200 126 "-" "Apache/2.4.10 (Debian) OpenSSL/1.0.1k (internal dummy connection)"
88.189.56.136 - - [21/May/2016:18:01:07 +0200] "GET / HTTP/1.1" 200 2051 "-" "Mozilla/5.0 (X11; Linux x86_64) AppleWebKit/537.36 (KHTML, like Gecko) Ubuntu Chromium/50.0.2661.102 Chrome/50.0.2661.102 Safari/537.36"
88.189.56.136 - - [21/May/2016:18:01:07 +0200] "GET /beta.jpg HTTP/1.1" 200 107594 "https://ftp.capfi.fr/" "Mozilla/5.0 (X11; Linux x86_64) AppleWebKit/537.36 (KHTML, like Gecko) Ubuntu Chromium/50.0.2661.102 Chrome/50.0.2661.102 Safari/537.36"
88.189.56.136 - - [21/May/2016:18:01:07 +0200] "GET /favicon.ico HTTP/1.1" 404 562 "https://ftp.capfi.fr/" "Mozilla/5.0 (X11; Linux x86_64) AppleWebKit/537.36 (KHTML, like Gecko) Ubuntu Chromium/50.0.2661.102 Chrome/50.0.2661.102 Safari/537.36"
::1 - - [21/May/2016:18:02:40 +0200] "OPTIONS * HTTP/1.0" 200 126 "-" "Apache/2.4.10 (Debian) OpenSSL/1.0.1k (internal dummy connection)"
::1 - - [21/May/2016:18:02:41 +0200] "OPTIONS * HTTP/1.0" 200 126 "-" "Apache/2.4.10 (Debian) OpenSSL/1.0.1k (internal dummy connection)"
::1 - - [21/May/2016:18:02:42 +0200] "OPTIONS * HTTP/1.0" 200 126 "-" "Apache/2.4.10 (Debian) OpenSSL/1.0.1k (internal dummy connection)"
::1 - - [21/May/2016:18:02:43 +0200] "OPTIONS * HTTP/1.0" 200 126 "-" "Apache/2.4.10 (Debian) OpenSSL/1.0.1k (internal dummy connection)"
::1 - - [21/May/2016:18:02:44 +0200] "OPTIONS * HTTP/1.0" 200 126 "-" "Apache/2.4.10 (Debian) OpenSSL/1.0.1k (internal dummy connection)"
::1 - - [21/May/2016:18:02:45 +0200] "OPTIONS * HTTP/1.0" 200 126 "-" "Apache/2.4.10 (Debian) OpenSSL/1.0.1k (internal dummy connection)"
::1 - - [21/May/2016:18:02:46 +0200] "OPTIONS * HTTP/1.0" 200 126 "-" "Apache/2.4.10 (Debian) OpenSSL/1.0.1k (internal dummy connection)"
88.189.56.136 - - [21/May/2016:18:09:51 +0200] "GET / HTTP/1.1" 200 546 "-" "Mozilla/5.0 (X11; Linux x86_64) AppleWebKit/537.36 (KHTML, like Gecko) Ubuntu Chromium/50.0.2661.102 Chrome/50.0.2661.102 Safari/537.36"
88.189.56.136 - - [21/May/2016:18:09:51 +0200] "GET /beta.jpg HTTP/1.1" 304 182 "http://sql.capfi.fr/" "Mozilla/5.0 (X11; Linux x86_64) AppleWebKit/537.36 (KHTML, like Gecko) Ubuntu Chromium/50.0.2661.102 Chrome/50.0.2661.102 Safari/537.36"
88.189.56.136 - - [21/May/2016:18:10:35 +0200] "GET / HTTP/1.1" 200 546 "-" "Mozilla/5.0 (X11; Linux x86_64) AppleWebKit/537.36 (KHTML, like Gecko) Ubuntu Chromium/50.0.2661.102 Chrome/50.0.2661.102 Safari/537.36"
88.189.56.136 - - [21/May/2016:18:10:35 +0200] "GET /beta.jpg HTTP/1.1" 200 107362 "http://vps282257.ovh.net/" "Mozilla/5.0 (X11; Linux x86_64) AppleWebKit/537.36 (KHTML, like Gecko) Ubuntu Chromium/50.0.2661.102 Chrome/50.0.2661.102 Safari/537.36"
88.189.56.136 - - [21/May/2016:18:10:35 +0200] "GET /favicon.ico HTTP/1.1" 404 508 "http://vps282257.ovh.net/" "Mozilla/5.0 (X11; Linux x86_64) AppleWebKit/537.36 (KHTML, like Gecko) Ubuntu Chromium/50.0.2661.102 Chrome/50.0.2661.102 Safari/537.36"
88.189.56.136 - - [21/May/2016:18:10:43 +0200] "GET / HTTP/1.1" 200 546 "-" "Mozilla/5.0 (X11; Linux x86_64) AppleWebKit/537.36 (KHTML, like Gecko) Ubuntu Chromium/50.0.2661.102 Chrome/50.0.2661.102 Safari/537.36"
88.189.56.136 - - [21/May/2016:18:10:45 +0200] "GET / HTTP/1.1" 200 545 "-" "Mozilla/5.0 (X11; Linux x86_64) AppleWebKit/537.36 (KHTML, like Gecko) Ubuntu Chromium/50.0.2661.102 Chrome/50.0.2661.102 Safari/537.36"
88.189.56.136 - - [21/May/2016:18:12:18 +0200] "GET / HTTP/1.1" 200 546 "-" "Mozilla/5.0 (X11; Linux x86_64) AppleWebKit/537.36 (KHTML, like Gecko) Ubuntu Chromium/50.0.2661.102 Chrome/50.0.2661.102 Safari/537.36"
88.189.56.136 - - [21/May/2016:18:12:18 +0200] "GET /beta.jpg HTTP/1.1" 304 182 "http://vps282257.ovh.net/" "Mozilla/5.0 (X11; Linux x86_64) AppleWebKit/537.36 (KHTML, like Gecko) Ubuntu Chromium/50.0.2661.102 Chrome/50.0.2661.102 Safari/537.36"
88.189.56.136 - - [21/May/2016:18:12:19 +0200] "GET / HTTP/1.1" 200 545 "-" "Mozilla/5.0 (X11; Linux x86_64) AppleWebKit/537.36 (KHTML, like Gecko) Ubuntu Chromium/50.0.2661.102 Chrome/50.0.2661.102 Safari/537.36"
88.189.56.136 - - [21/May/2016:18:12:19 +0200] "GET /beta.jpg HTTP/1.1" 304 182 "http://vps282257.ovh.net/" "Mozilla/5.0 (X11; Linux x86_64) AppleWebKit/537.36 (KHTML, like Gecko) Ubuntu Chromium/50.0.2661.102 Chrome/50.0.2661.102 Safari/537.36"
88.189.56.136 - - [21/May/2016:18:12:20 +0200] "GET / HTTP/1.1" 200 545 "-" "Mozilla/5.0 (X11; Linux x86_64) AppleWebKit/537.36 (KHTML, like Gecko) Ubuntu Chromium/50.0.2661.102 Chrome/50.0.2661.102 Safari/537.36"
88.189.56.136 - - [21/May/2016:18:12:20 +0200] "GET /beta.jpg HTTP/1.1" 304 182 "http://vps282257.ovh.net/" "Mozilla/5.0 (X11; Linux x86_64) AppleWebKit/537.36 (KHTML, like Gecko) Ubuntu Chromium/50.0.2661.102 Chrome/50.0.2661.102 Safari/537.36"
88.189.56.136 - - [21/May/2016:18:12:21 +0200] "GET / HTTP/1.1" 200 545 "-" "Mozilla/5.0 (X11; Linux x86_64) AppleWebKit/537.36 (KHTML, like Gecko) Ubuntu Chromium/50.0.2661.102 Chrome/50.0.2661.102 Safari/537.36"
88.189.56.136 - - [21/May/2016:18:12:21 +0200] "GET /beta.jpg HTTP/1.1" 304 182 "http://vps282257.ovh.net/" "Mozilla/5.0 (X11; Linux x86_64) AppleWebKit/537.36 (KHTML, like Gecko) Ubuntu Chromium/50.0.2661.102 Chrome/50.0.2661.102 Safari/537.36"
::1 - - [21/May/2016:18:24:47 +0200] "OPTIONS * HTTP/1.0" 200 126 "-" "Apache/2.4.10 (Debian) OpenSSL/1.0.1k (internal dummy connection)"
90.127.172.223 - - [21/May/2016:18:27:06 +0200] "GET / HTTP/1.1" 200 545 "-" "Mozilla/5.0 (Macintosh; Intel Mac OS X 10.11; rv:37.0) Gecko/20100101 Firefox/37.0"
90.127.172.223 - - [21/May/2016:18:27:06 +0200] "GET /index.jpg HTTP/1.1" 200 107362 "http://beta.capfi.fr/" "Mozilla/5.0 (Macintosh; Intel Mac OS X 10.11; rv:37.0) Gecko/20100101 Firefox/37.0"
90.127.172.223 - - [21/May/2016:18:27:06 +0200] "GET /favicon.ico HTTP/1.1" 404 504 "-" "Mozilla/5.0 (Macintosh; Intel Mac OS X 10.11; rv:37.0) Gecko/20100101 Firefox/37.0"
90.127.172.223 - - [21/May/2016:18:27:06 +0200] "GET /favicon.ico HTTP/1.1" 404 504 "-" "Mozilla/5.0 (Macintosh; Intel Mac OS X 10.11; rv:37.0) Gecko/20100101 Firefox/37.0"
88.189.56.136 - - [21/May/2016:18:29:03 +0200] "GET / HTTP/1.1" 200 545 "-" "Mozilla/5.0 (X11; Linux x86_64) AppleWebKit/537.36 (KHTML, like Gecko) Ubuntu Chromium/50.0.2661.102 Chrome/50.0.2661.102 Safari/537.36"
88.189.56.136 - - [21/May/2016:18:29:03 +0200] "GET /index.jpg HTTP/1.1" 200 107362 "http://vps282257.ovh.net/" "Mozilla/5.0 (X11; Linux x86_64) AppleWebKit/537.36 (KHTML, like Gecko) Ubuntu Chromium/50.0.2661.102 Chrome/50.0.2661.102 Safari/537.36"
88.189.56.136 - - [21/May/2016:18:30:29 +0200] "GET / HTTP/1.1" 200 545 "-" "Mozilla/5.0 (X11; Linux x86_64) AppleWebKit/537.36 (KHTML, like Gecko) Ubuntu Chromium/50.0.2661.102 Chrome/50.0.2661.102 Safari/537.36"
88.189.56.136 - - [21/May/2016:18:30:35 +0200] "GET / HTTP/1.1" 200 545 "-" "Mozilla/5.0 (X11; Linux x86_64) AppleWebKit/537.36 (KHTML, like Gecko) Ubuntu Chromium/50.0.2661.102 Chrome/50.0.2661.102 Safari/537.36"
88.189.56.136 - - [21/May/2016:18:45:42 +0200] "GET / HTTP/1.1" 200 545 "-" "Mozilla/5.0 (X11; Linux x86_64) AppleWebKit/537.36 (KHTML, like Gecko) Ubuntu Chromium/50.0.2661.102 Chrome/50.0.2661.102 Safari/537.36"
88.189.56.136 - - [21/May/2016:18:45:42 +0200] "GET /index.jpg HTTP/1.1" 200 107362 "http://sql.capfi.fr/" "Mozilla/5.0 (X11; Linux x86_64) AppleWebKit/537.36 (KHTML, like Gecko) Ubuntu Chromium/50.0.2661.102 Chrome/50.0.2661.102 Safari/537.36"
::1 - - [21/May/2016:18:46:04 +0200] "OPTIONS * HTTP/1.0" 200 126 "-" "Apache/2.4.10 (Debian) OpenSSL/1.0.1k (internal dummy connection)"
::1 - - [21/May/2016:18:47:22 +0200] "OPTIONS * HTTP/1.0" 200 126 "-" "Apache/2.4.10 (Debian) OpenSSL/1.0.1k (internal dummy connection)"
88.189.56.136 - - [21/May/2016:18:48:20 +0200] "GET / HTTP/1.1" 200 545 "-" "Mozilla/5.0 (X11; Linux x86_64) AppleWebKit/537.36 (KHTML, like Gecko) Ubuntu Chromium/50.0.2661.102 Chrome/50.0.2661.102 Safari/537.36"
88.189.56.136 - - [21/May/2016:18:48:22 +0200] "GET / HTTP/1.1" 200 544 "-" "Mozilla/5.0 (X11; Linux x86_64) AppleWebKit/537.36 (KHTML, like Gecko) Ubuntu Chromium/50.0.2661.102 Chrome/50.0.2661.102 Safari/537.36"
88.189.56.136 - - [21/May/2016:18:48:22 +0200] "GET /index.jpg HTTP/1.1" 304 182 "http://sql.capfi.fr/" "Mozilla/5.0 (X11; Linux x86_64) AppleWebKit/537.36 (KHTML, like Gecko) Ubuntu Chromium/50.0.2661.102 Chrome/50.0.2661.102 Safari/537.36"
88.189.56.136 - - [21/May/2016:18:48:42 +0200] "GET / HTTP/1.1" 200 2050 "-" "Mozilla/5.0 (X11; Linux x86_64) AppleWebKit/537.36 (KHTML, like Gecko) Ubuntu Chromium/50.0.2661.102 Chrome/50.0.2661.102 Safari/537.36"
88.189.56.136 - - [21/May/2016:18:48:42 +0200] "GET /index.jpg HTTP/1.1" 200 107594 "https://www.capfi.fr/" "Mozilla/5.0 (X11; Linux x86_64) AppleWebKit/537.36 (KHTML, like Gecko) Ubuntu Chromium/50.0.2661.102 Chrome/50.0.2661.102 Safari/537.36"
88.189.56.136 - - [21/May/2016:18:51:05 +0200] "GET / HTTP/1.1" 200 2050 "-" "Mozilla/5.0 (X11; Linux x86_64) AppleWebKit/537.36 (KHTML, like Gecko) Ubuntu Chromium/50.0.2661.102 Chrome/50.0.2661.102 Safari/537.36"
88.189.56.136 - - [21/May/2016:18:51:05 +0200] "GET /index.jpg HTTP/1.1" 200 107594 "https://ftp.capfi.fr/" "Mozilla/5.0 (X11; Linux x86_64) AppleWebKit/537.36 (KHTML, like Gecko) Ubuntu Chromium/50.0.2661.102 Chrome/50.0.2661.102 Safari/537.36"
88.189.56.136 - - [21/May/2016:18:51:14 +0200] "GET / HTTP/1.1" 200 769 "-" "Mozilla/5.0 (X11; Linux x86_64) AppleWebKit/537.36 (KHTML, like Gecko) Ubuntu Chromium/50.0.2661.102 Chrome/50.0.2661.102 Safari/537.36"
88.189.56.136 - - [21/May/2016:18:51:14 +0200] "GET /index.jpg HTTP/1.1" 200 107594 "https://ftp.capfi.fr/" "Mozilla/5.0 (X11; Linux x86_64) AppleWebKit/537.36 (KHTML, like Gecko) Ubuntu Chromium/50.0.2661.102 Chrome/50.0.2661.102 Safari/537.36"
88.189.56.136 - - [21/May/2016:18:51:15 +0200] "GET / HTTP/1.1" 200 631 "-" "Mozilla/5.0 (X11; Linux x86_64) AppleWebKit/537.36 (KHTML, like Gecko) Ubuntu Chromium/50.0.2661.102 Chrome/50.0.2661.102 Safari/537.36"
88.189.56.136 - - [21/May/2016:18:51:16 +0200] "GET /index.jpg HTTP/1.1" 304 211 "https://ftp.capfi.fr/" "Mozilla/5.0 (X11; Linux x86_64) AppleWebKit/537.36 (KHTML, like Gecko) Ubuntu Chromium/50.0.2661.102 Chrome/50.0.2661.102 Safari/537.36"
88.189.56.136 - - [21/May/2016:19:21:27 +0200] "GET / HTTP/1.1" 200 1297 "-" "Mozilla/5.0 (X11; Ubuntu; Linux x86_64; rv:46.0) Gecko/20100101 Firefox/46.0"
88.189.56.136 - - [21/May/2016:19:21:27 +0200] "GET /index.jpg HTTP/1.1" 200 107362 "http://beta.capfi.fr/" "Mozilla/5.0 (X11; Ubuntu; Linux x86_64; rv:46.0) Gecko/20100101 Firefox/46.0"
88.189.56.136 - - [21/May/2016:19:21:27 +0200] "GET /favicon.ico HTTP/1.1" 404 504 "-" "Mozilla/5.0 (X11; Ubuntu; Linux x86_64; rv:46.0) Gecko/20100101 Firefox/46.0"
88.189.56.136 - - [21/May/2016:19:21:28 +0200] "GET /favicon.ico HTTP/1.1" 404 504 "-" "Mozilla/5.0 (X11; Ubuntu; Linux x86_64; rv:46.0) Gecko/20100101 Firefox/46.0"
88.189.56.136 - - [21/May/2016:19:23:21 +0200] "GET / HTTP/1.1" 200 1297 "android-app://com.google.android.googlequicksearchbox" "Mozilla/5.0 (Linux; Android 6.0.1; Nexus 5 Build/MOB30H) AppleWebKit/537.36 (KHTML, like Gecko) Chrome/50.0.2661.89 Mobile Safari/537.36"
88.189.56.136 - - [21/May/2016:19:23:21 +0200] "GET /index.jpg HTTP/1.1" 200 107362 "http://beta.capfi.fr/" "Mozilla/5.0 (Linux; Android 6.0.1; Nexus 5 Build/MOB30H) AppleWebKit/537.36 (KHTML, like Gecko) Chrome/50.0.2661.89 Mobile Safari/537.36"
88.189.56.136 - - [21/May/2016:19:23:21 +0200] "GET /favicon.ico HTTP/1.1" 404 504 "http://beta.capfi.fr/" "Mozilla/5.0 (Linux; Android 6.0.1; Nexus 5 Build/MOB30H) AppleWebKit/537.36 (KHTML, like Gecko) Chrome/50.0.2661.89 Mobile Safari/537.36"
88.189.56.136 - - [21/May/2016:19:24:21 +0200] "GET / HTTP/1.1" 200 1297 "android-app://com.google.android.googlequicksearchbox" "Mozilla/5.0 (Linux; Android 6.0.1; Nexus 5 Build/MOB30H) AppleWebKit/537.36 (KHTML, like Gecko) Chrome/50.0.2661.89 Mobile Safari/537.36"
88.189.56.136 - - [21/May/2016:19:24:21 +0200] "GET /index.jpg HTTP/1.1" 304 182 "http://beta.capfi.fr/" "Mozilla/5.0 (Linux; Android 6.0.1; Nexus 5 Build/MOB30H) AppleWebKit/537.36 (KHTML, like Gecko) Chrome/50.0.2661.89 Mobile Safari/537.36"
88.189.56.136 - - [21/May/2016:19:24:51 +0200] "GET / HTTP/1.1" 200 1297 "-" "Mozilla/5.0 (X11; Linux x86_64) AppleWebKit/537.36 (KHTML, like Gecko) Ubuntu Chromium/50.0.2661.102 Chrome/50.0.2661.102 Safari/537.36"
88.189.56.136 - - [21/May/2016:19:24:51 +0200] "GET /index.jpg HTTP/1.1" 200 107362 "http://beta.capfi.fr/" "Mozilla/5.0 (X11; Linux x86_64) AppleWebKit/537.36 (KHTML, like Gecko) Ubuntu Chromium/50.0.2661.102 Chrome/50.0.2661.102 Safari/537.36"
88.189.56.136 - - [21/May/2016:19:27:12 +0200] "GET / HTTP/1.1" 200 1299 "-" "Mozilla/5.0 (X11; Linux x86_64) AppleWebKit/537.36 (KHTML, like Gecko) Ubuntu Chromium/50.0.2661.102 Chrome/50.0.2661.102 Safari/537.36"
88.189.56.136 - - [21/May/2016:19:27:12 +0200] "GET /index.jpg HTTP/1.1" 304 182 "http://beta.capfi.fr/" "Mozilla/5.0 (X11; Linux x86_64) AppleWebKit/537.36 (KHTML, like Gecko) Ubuntu Chromium/50.0.2661.102 Chrome/50.0.2661.102 Safari/537.36"
88.189.56.136 - - [21/May/2016:19:27:35 +0200] "GET / HTTP/1.1" 200 1299 "-" "Mozilla/5.0 (X11; Linux x86_64) AppleWebKit/537.36 (KHTML, like Gecko) Ubuntu Chromium/50.0.2661.102 Chrome/50.0.2661.102 Safari/537.36"
88.189.56.136 - - [21/May/2016:19:27:35 +0200] "GET /index.jpg HTTP/1.1" 304 182 "http://beta.capfi.fr/" "Mozilla/5.0 (X11; Linux x86_64) AppleWebKit/537.36 (KHTML, like Gecko) Ubuntu Chromium/50.0.2661.102 Chrome/50.0.2661.102 Safari/537.36"
88.189.56.136 - - [21/May/2016:19:28:06 +0200] "GET / HTTP/1.1" 200 1299 "-" "Mozilla/5.0 (X11; Linux x86_64) AppleWebKit/537.36 (KHTML, like Gecko) Ubuntu Chromium/50.0.2661.102 Chrome/50.0.2661.102 Safari/537.36"
88.189.56.136 - - [21/May/2016:19:28:06 +0200] "GET /index.jpg HTTP/1.1" 200 107362 "http://vps282257.ovh.net/" "Mozilla/5.0 (X11; Linux x86_64) AppleWebKit/537.36 (KHTML, like Gecko) Ubuntu Chromium/50.0.2661.102 Chrome/50.0.2661.102 Safari/537.36"
88.189.56.136 - - [21/May/2016:19:29:27 +0200] "GET / HTTP/1.1" 200 1299 "-" "Mozilla/5.0 (X11; Linux x86_64) AppleWebKit/537.36 (KHTML, like Gecko) Ubuntu Chromium/50.0.2661.102 Chrome/50.0.2661.102 Safari/537.36"
88.189.56.136 - - [21/May/2016:19:29:27 +0200] "GET /index.jpg HTTP/1.1" 304 182 "http://beta.capfi.fr/" "Mozilla/5.0 (X11; Linux x86_64) AppleWebKit/537.36 (KHTML, like Gecko) Ubuntu Chromium/50.0.2661.102 Chrome/50.0.2661.102 Safari/537.36"
88.189.56.136 - - [21/May/2016:19:29:52 +0200] "-" 408 0 "-" "-"
88.189.56.136 - - [21/May/2016:19:30:18 +0200] "GET / HTTP/1.1" 200 1301 "-" "Mozilla/5.0 (X11; Linux x86_64) AppleWebKit/537.36 (KHTML, like Gecko) Ubuntu Chromium/50.0.2661.102 Chrome/50.0.2661.102 Safari/537.36"
88.189.56.136 - - [21/May/2016:19:30:18 +0200] "GET /index.jpg HTTP/1.1" 304 182 "http://beta.capfi.fr/" "Mozilla/5.0 (X11; Linux x86_64) AppleWebKit/537.36 (KHTML, like Gecko) Ubuntu Chromium/50.0.2661.102 Chrome/50.0.2661.102 Safari/537.36"
88.189.56.136 - - [21/May/2016:19:30:47 +0200] "GET / HTTP/1.1" 200 1301 "-" "Mozilla/5.0 (X11; Linux x86_64) AppleWebKit/537.36 (KHTML, like Gecko) Ubuntu Chromium/50.0.2661.102 Chrome/50.0.2661.102 Safari/537.36"
88.189.56.136 - - [21/May/2016:19:30:47 +0200] "GET /index.jpg HTTP/1.1" 304 182 "http://beta.capfi.fr/" "Mozilla/5.0 (X11; Linux x86_64) AppleWebKit/537.36 (KHTML, like Gecko) Ubuntu Chromium/50.0.2661.102 Chrome/50.0.2661.102 Safari/537.36"
88.189.56.136 - - [21/May/2016:20:04:10 +0200] "GET / HTTP/1.1" 200 1301 "-" "Mozilla/5.0 (X11; Linux x86_64) AppleWebKit/537.36 (KHTML, like Gecko) Ubuntu Chromium/50.0.2661.102 Chrome/50.0.2661.102 Safari/537.36"
88.189.56.136 - - [21/May/2016:20:04:10 +0200] "GET /index.jpg HTTP/1.1" 304 182 "http://beta.capfi.fr/" "Mozilla/5.0 (X11; Linux x86_64) AppleWebKit/537.36 (KHTML, like Gecko) Ubuntu Chromium/50.0.2661.102 Chrome/50.0.2661.102 Safari/537.36"
88.189.56.136 - - [21/May/2016:20:08:48 +0200] "GET / HTTP/1.1" 200 1325 "-" "Mozilla/5.0 (X11; Linux x86_64) AppleWebKit/537.36 (KHTML, like Gecko) Ubuntu Chromium/50.0.2661.102 Chrome/50.0.2661.102 Safari/537.36"
88.189.56.136 - - [21/May/2016:20:08:48 +0200] "GET /index.jpg HTTP/1.1" 304 182 "http://beta.capfi.fr/" "Mozilla/5.0 (X11; Linux x86_64) AppleWebKit/537.36 (KHTML, like Gecko) Ubuntu Chromium/50.0.2661.102 Chrome/50.0.2661.102 Safari/537.36"
88.189.56.136 - - [21/May/2016:20:09:16 +0200] "GET / HTTP/1.1" 200 1325 "-" "Mozilla/5.0 (X11; Linux x86_64) AppleWebKit/537.36 (KHTML, like Gecko) Ubuntu Chromium/50.0.2661.102 Chrome/50.0.2661.102 Safari/537.36"
88.189.56.136 - - [21/May/2016:20:09:16 +0200] "GET /index.jpg HTTP/1.1" 304 182 "http://vps282257.ovh.net/" "Mozilla/5.0 (X11; Linux x86_64) AppleWebKit/537.36 (KHTML, like Gecko) Ubuntu Chromium/50.0.2661.102 Chrome/50.0.2661.102 Safari/537.36"
37.160.228.214 - - [21/May/2016:20:41:05 +0200] "GET / HTTP/1.1" 200 1325 "-" "Mozilla/5.0 (iPhone; CPU iPhone OS 9_3_1 like Mac OS X) AppleWebKit/601.1.46 (KHTML, like Gecko) Version/9.0 Mobile/13E238 Safari/601.1"
37.160.228.214 - - [21/May/2016:20:41:07 +0200] "GET /index.jpg HTTP/1.1" 200 107362 "http://beta.capfi.fr/" "Mozilla/5.0 (iPhone; CPU iPhone OS 9_3_1 like Mac OS X) AppleWebKit/601.1.46 (KHTML, like Gecko) Version/9.0 Mobile/13E238 Safari/601.1"
88.189.56.136 - - [21/May/2016:20:58:09 +0200] "GET / HTTP/1.1" 200 1325 "-" "Mozilla/5.0 (X11; Linux x86_64) AppleWebKit/537.36 (KHTML, like Gecko) Ubuntu Chromium/50.0.2661.102 Chrome/50.0.2661.102 Safari/537.36"
88.189.56.136 - - [21/May/2016:20:58:09 +0200] "GET /index.jpg HTTP/1.1" 304 182 "http://vps282257.ovh.net/" "Mozilla/5.0 (X11; Linux x86_64) AppleWebKit/537.36 (KHTML, like Gecko) Ubuntu Chromium/50.0.2661.102 Chrome/50.0.2661.102 Safari/537.36"
88.189.56.136 - - [21/May/2016:21:30:51 +0200] "GET / HTTP/1.1" 200 1325 "-" "Mozilla/5.0 (X11; Linux x86_64) AppleWebKit/537.36 (KHTML, like Gecko) Ubuntu Chromium/50.0.2661.102 Chrome/50.0.2661.102 Safari/537.36"
88.189.56.136 - - [21/May/2016:21:30:51 +0200] "GET /index.jpg HTTP/1.1" 304 182 "http://vps282257.ovh.net/" "Mozilla/5.0 (X11; Linux x86_64) AppleWebKit/537.36 (KHTML, like Gecko) Ubuntu Chromium/50.0.2661.102 Chrome/50.0.2661.102 Safari/537.36"
88.189.56.136 - - [21/May/2016:21:41:47 +0200] "GET / HTTP/1.1" 200 1325 "-" "Mozilla/5.0 (X11; Linux x86_64) AppleWebKit/537.36 (KHTML, like Gecko) Ubuntu Chromium/50.0.2661.102 Chrome/50.0.2661.102 Safari/537.36"
88.189.56.136 - - [21/May/2016:22:04:49 +0200] "GET / HTTP/1.1" 200 1325 "android-app://com.google.android.googlequicksearchbox" "Mozilla/5.0 (Linux; Android 5.1.1; Nexus 7 Build/LMY47V) AppleWebKit/537.36 (KHTML, like Gecko) Chrome/50.0.2661.89 Safari/537.36"
88.189.56.136 - - [21/May/2016:22:04:52 +0200] "GET /index.jpg HTTP/1.1" 200 107362 "http://beta.capfi.fr/" "Mozilla/5.0 (Linux; Android 5.1.1; Nexus 7 Build/LMY47V) AppleWebKit/537.36 (KHTML, like Gecko) Chrome/50.0.2661.89 Safari/537.36"
88.189.56.136 - - [21/May/2016:22:04:53 +0200] "GET /favicon.ico HTTP/1.1" 404 504 "http://beta.capfi.fr/" "Mozilla/5.0 (Linux; Android 5.1.1; Nexus 7 Build/LMY47V) AppleWebKit/537.36 (KHTML, like Gecko) Chrome/50.0.2661.89 Safari/537.36"
158.69.56.87 - - [21/May/2016:23:39:39 +0200] "GET /w00tw00t.at.ISC.SANS.DFind:) HTTP/1.1" 400 0 "-" "-"
80.12.51.0 - - [21/May/2016:23:43:43 +0200] "GET / HTTP/1.1" 200 1325 "-" "Mozilla/5.0 (iPhone; CPU iPhone OS 9_3_1 like Mac OS X) AppleWebKit/601.1.46 (KHTML, like Gecko) Mobile/13E238"
80.12.51.0 - - [21/May/2016:23:43:44 +0200] "GET /index.jpg HTTP/1.1" 200 107362 "http://beta.capfi.fr/" "Mozilla/5.0 (iPhone; CPU iPhone OS 9_3_1 like Mac OS X) AppleWebKit/601.1.46 (KHTML, like Gecko) Mobile/13E238"
91.143.20.102 - - [22/May/2016:07:05:07 +0200] "GET / HTTP/1.1" 200 2888 "-" "curl/7.17.1 (mips-unknown-linux-gnu) libcurl/7.17.1 OpenSSL/0.9.8i zlib/1.2.3"
91.143.20.102 - - [22/May/2016:07:08:42 +0200] "GET / HTTP/1.1" 200 2888 "-" "curl/7.17.1 (mips-unknown-linux-gnu) libcurl/7.17.1 OpenSSL/0.9.8i zlib/1.2.3"
88.189.56.136 - - [22/May/2016:08:48:05 +0200] "GET / HTTP/1.1" 200 1325 "-" "Mozilla/5.0 (Linux; Android 5.1.1; Nexus 7 Build/LMY47V) AppleWebKit/537.36 (KHTML, like Gecko) Chrome/50.0.2661.89 Safari/537.36"
88.189.56.136 - - [22/May/2016:08:48:08 +0200] "GET /index.jpg HTTP/1.1" 304 182 "http://beta.capfi.fr/" "Mozilla/5.0 (Linux; Android 5.1.1; Nexus 7 Build/LMY47V) AppleWebKit/537.36 (KHTML, like Gecko) Chrome/50.0.2661.89 Safari/537.36"
88.189.56.136 - - [22/May/2016:08:48:08 +0200] "GET /favicon.ico HTTP/1.1" 404 504 "http://beta.capfi.fr/" "Mozilla/5.0 (Linux; Android 5.1.1; Nexus 7 Build/LMY47V) AppleWebKit/537.36 (KHTML, like Gecko) Chrome/50.0.2661.89 Safari/537.36"
88.189.56.136 - - [22/May/2016:09:29:06 +0200] "GET / HTTP/1.1" 200 1325 "-" "Mozilla/5.0 (X11; Linux x86_64) AppleWebKit/537.36 (KHTML, like Gecko) Ubuntu Chromium/50.0.2661.102 Chrome/50.0.2661.102 Safari/537.36"
88.189.56.136 - - [22/May/2016:09:29:06 +0200] "GET /index.jpg HTTP/1.1" 304 182 "http://beta.capfi.fr/" "Mozilla/5.0 (X11; Linux x86_64) AppleWebKit/537.36 (KHTML, like Gecko) Ubuntu Chromium/50.0.2661.102 Chrome/50.0.2661.102 Safari/537.36"
88.189.56.136 - - [22/May/2016:09:29:06 +0200] "GET /favicon.ico HTTP/1.1" 404 504 "http://beta.capfi.fr/" "Mozilla/5.0 (X11; Linux x86_64) AppleWebKit/537.36 (KHTML, like Gecko) Ubuntu Chromium/50.0.2661.102 Chrome/50.0.2661.102 Safari/537.36"
88.189.56.136 - - [22/May/2016:09:30:54 +0200] "GET / HTTP/1.1" 200 1325 "-" "Mozilla/5.0 (X11; Linux x86_64) AppleWebKit/537.36 (KHTML, like Gecko) Ubuntu Chromium/50.0.2661.102 Chrome/50.0.2661.102 Safari/537.36"
88.189.56.136 - - [22/May/2016:09:30:54 +0200] "GET /index.jpg HTTP/1.1" 304 182 "http://vps282257.ovh.net/" "Mozilla/5.0 (X11; Linux x86_64) AppleWebKit/537.36 (KHTML, like Gecko) Ubuntu Chromium/50.0.2661.102 Chrome/50.0.2661.102 Safari/537.36"
88.189.56.136 - - [22/May/2016:09:30:54 +0200] "GET /favicon.ico HTTP/1.1" 404 508 "http://vps282257.ovh.net/" "Mozilla/5.0 (X11; Linux x86_64) AppleWebKit/537.36 (KHTML, like Gecko) Ubuntu Chromium/50.0.2661.102 Chrome/50.0.2661.102 Safari/537.36"
83.114.61.180 - - [22/May/2016:09:44:41 +0200] "GET / HTTP/1.1" 200 1325 "-" "Mozilla/5.0 (BB10; Kbd) AppleWebKit/537.35+ (KHTML, like Gecko) Version/10.3.2.2876 Mobile Safari/537.35+"
83.114.61.180 - - [22/May/2016:09:44:58 +0200] "GET /index.jpg HTTP/1.1" 200 107363 "http://beta.capfi.fr/" "Mozilla/5.0 (BB10; Kbd) AppleWebKit/537.35+ (KHTML, like Gecko) Version/10.3.2.2876 Mobile Safari/537.35+"
83.114.61.180 - - [22/May/2016:09:44:59 +0200] "GET /favicon.ico HTTP/1.1" 404 504 "http://beta.capfi.fr/" "Mozilla/5.0 (BB10; Kbd) AppleWebKit/537.35+ (KHTML, like Gecko) Version/10.3.2.2876 Mobile Safari/537.35+"
88.189.56.136 - - [22/May/2016:09:45:24 +0200] "GET / HTTP/1.1" 200 1325 "-" "Mozilla/5.0 (X11; Linux x86_64) AppleWebKit/537.36 (KHTML, like Gecko) Ubuntu Chromium/50.0.2661.102 Chrome/50.0.2661.102 Safari/537.36"
88.189.56.136 - - [22/May/2016:09:45:24 +0200] "GET /index.jpg HTTP/1.1" 304 182 "http://beta.capfi.fr/" "Mozilla/5.0 (X11; Linux x86_64) AppleWebKit/537.36 (KHTML, like Gecko) Ubuntu Chromium/50.0.2661.102 Chrome/50.0.2661.102 Safari/537.36"
66.249.93.200 - - [22/May/2016:09:51:19 +0200] "GET /index.jpg HTTP/1.1" 200 107363 "-" "Mozilla/5.0 (Windows; U; Windows NT 5.1; de; rv:1.9.0.7; Google-SearchByImage) Gecko/2009021910 Firefox/3.0.7"
83.114.61.180 - - [22/May/2016:10:27:05 +0200] "GET / HTTP/1.1" 200 1325 "-" "Mozilla/5.0 (Windows NT 6.3) AppleWebKit/537.36 (KHTML, like Gecko) Chrome/50.0.2661.102 Safari/537.36"
83.114.61.180 - - [22/May/2016:10:27:05 +0200] "GET /index.jpg HTTP/1.1" 200 107362 "http://beta.capfi.fr/" "Mozilla/5.0 (Windows NT 6.3) AppleWebKit/537.36 (KHTML, like Gecko) Chrome/50.0.2661.102 Safari/537.36"
83.114.61.180 - - [22/May/2016:10:27:05 +0200] "GET /favicon.ico HTTP/1.1" 404 504 "http://beta.capfi.fr/" "Mozilla/5.0 (Windows NT 6.3) AppleWebKit/537.36 (KHTML, like Gecko) Chrome/50.0.2661.102 Safari/537.36"
37.167.99.9 - - [22/May/2016:10:48:56 +0200] "GET / HTTP/1.1" 200 1325 "-" "Mozilla/5.0 (iPhone; CPU iPhone OS 9_3_1 like Mac OS X) AppleWebKit/601.1.46 (KHTML, like Gecko) Version/9.0 Mobile/13E238 Safari/601.1"
37.167.99.9 - - [22/May/2016:10:48:58 +0200] "GET /index.jpg HTTP/1.1" 304 182 "http://beta.capfi.fr/" "Mozilla/5.0 (iPhone; CPU iPhone OS 9_3_1 like Mac OS X) AppleWebKit/601.1.46 (KHTML, like Gecko) Version/9.0 Mobile/13E238 Safari/601.1"
91.143.20.102 - - [22/May/2016:11:40:59 +0200] "GET / HTTP/1.1" 200 2888 "-" "curl/7.17.1 (mips-unknown-linux-gnu) libcurl/7.17.1 OpenSSL/0.9.8i zlib/1.2.3"
90.127.172.223 - - [22/May/2016:11:51:17 +0200] "GET / HTTP/1.1" 200 1325 "-" "Mozilla/5.0 (Macintosh; Intel Mac OS X 10_11_4) AppleWebKit/601.5.17 (KHTML, like Gecko) Version/9.1 Safari/601.5.17"
90.127.172.223 - - [22/May/2016:11:51:17 +0200] "GET /index.jpg HTTP/1.1" 200 107362 "http://beta.capfi.fr/" "Mozilla/5.0 (Macintosh; Intel Mac OS X 10_11_4) AppleWebKit/601.5.17 (KHTML, like Gecko) Version/9.1 Safari/601.5.17"
90.127.172.223 - - [22/May/2016:11:51:18 +0200] "GET /favicon.ico HTTP/1.1" 404 505 "http://beta.capfi.fr/" "Mozilla/5.0 (Macintosh; Intel Mac OS X 10_11_4) AppleWebKit/601.5.17 (KHTML, like Gecko) Version/9.1 Safari/601.5.17"
88.189.56.136 - - [22/May/2016:12:12:44 +0200] "GET / HTTP/1.1" 200 1325 "-" "Mozilla/5.0 (X11; Linux x86_64) AppleWebKit/537.36 (KHTML, like Gecko) Ubuntu Chromium/50.0.2661.102 Chrome/50.0.2661.102 Safari/537.36"
88.189.56.136 - - [22/May/2016:12:12:44 +0200] "GET /index.jpg HTTP/1.1" 304 182 "http://vps282257.ovh.net/" "Mozilla/5.0 (X11; Linux x86_64) AppleWebKit/537.36 (KHTML, like Gecko) Ubuntu Chromium/50.0.2661.102 Chrome/50.0.2661.102 Safari/537.36"
194.28.112.51 - - [22/May/2016:13:29:27 +0200] "GET / HTTP/1.1" 200 1269 "-" "Mozilla/5.0 (Windows NT 5.1; rv:9.0.1) Gecko/20100101 Firefox/9.0.1"
194.28.112.51 - - [22/May/2016:13:29:27 +0200] "GET /HNAP1/ HTTP/1.1" 404 445 "http://91.134.143.237/" "Mozilla/5.0 (Windows NT 5.1; rv:9.0.1) Gecko/20100101 Firefox/9.0.1"
88.189.56.136 - - [22/May/2016:13:42:18 +0200] "GET / HTTP/1.1" 200 1325 "-" "Mozilla/5.0 (X11; Linux x86_64) AppleWebKit/537.36 (KHTML, like Gecko) Ubuntu Chromium/50.0.2661.102 Chrome/50.0.2661.102 Safari/537.36"
88.189.56.136 - - [22/May/2016:13:42:18 +0200] "GET /index.jpg HTTP/1.1" 304 182 "http://vps282257.ovh.net/" "Mozilla/5.0 (X11; Linux x86_64) AppleWebKit/537.36 (KHTML, like Gecko) Ubuntu Chromium/50.0.2661.102 Chrome/50.0.2661.102 Safari/537.36"
91.143.20.102 - - [22/May/2016:15:03:01 +0200] "GET / HTTP/1.1" 200 2888 "-" "curl/7.17.1 (mips-unknown-linux-gnu) libcurl/7.17.1 OpenSSL/0.9.8i zlib/1.2.3"
91.143.20.102 - - [22/May/2016:15:48:53 +0200] "GET / HTTP/1.1" 200 2888 "-" "curl/7.17.1 (mips-unknown-linux-gnu) libcurl/7.17.1 OpenSSL/0.9.8i zlib/1.2.3"
88.189.56.136 - - [22/May/2016:16:13:46 +0200] "GET / HTTP/1.1" 200 1325 "-" "Mozilla/5.0 (X11; Linux x86_64) AppleWebKit/537.36 (KHTML, like Gecko) Ubuntu Chromium/50.0.2661.102 Chrome/50.0.2661.102 Safari/537.36"
88.189.56.136 - - [22/May/2016:16:13:46 +0200] "GET /index.jpg HTTP/1.1" 304 182 "http://vps282257.ovh.net/" "Mozilla/5.0 (X11; Linux x86_64) AppleWebKit/537.36 (KHTML, like Gecko) Ubuntu Chromium/50.0.2661.102 Chrome/50.0.2661.102 Safari/537.36"
88.189.56.136 - - [22/May/2016:16:13:46 +0200] "GET /favicon.ico HTTP/1.1" 404 508 "http://vps282257.ovh.net/" "Mozilla/5.0 (X11; Linux x86_64) AppleWebKit/537.36 (KHTML, like Gecko) Ubuntu Chromium/50.0.2661.102 Chrome/50.0.2661.102 Safari/537.36"
80.162.102.222 - - [22/May/2016:16:46:06 +0200] "GET /status HTTP/1.1" 404 501 "-" "Mozilla"
80.162.102.222 - - [22/May/2016:16:46:11 +0200] "GET /status HTTP/1.1" 404 501 "-" "Mozilla"
80.162.102.222 - - [22/May/2016:16:46:12 +0200] "GET /stat HTTP/1.1" 404 499 "-" "Mozilla"
80.162.102.222 - - [22/May/2016:16:46:13 +0200] "GET /stat HTTP/1.1" 404 499 "-" "Mozilla"
91.143.20.102 - - [22/May/2016:17:11:29 +0200] "GET / HTTP/1.1" 200 2888 "-" "curl/7.17.1 (mips-unknown-linux-gnu) libcurl/7.17.1 OpenSSL/0.9.8i zlib/1.2.3"
90.127.172.223 - - [22/May/2016:17:26:15 +0200] "GET / HTTP/1.1" 200 1325 "-" "Mozilla/5.0 (Macintosh; Intel Mac OS X 10_11_4) AppleWebKit/601.5.17 (KHTML, like Gecko) Version/9.1 Safari/601.5.17"
90.127.172.223 - - [22/May/2016:17:26:15 +0200] "GET /index.jpg HTTP/1.1" 304 182 "http://beta.capfi.fr/" "Mozilla/5.0 (Macintosh; Intel Mac OS X 10_11_4) AppleWebKit/601.5.17 (KHTML, like Gecko) Version/9.1 Safari/601.5.17"
88.189.56.136 - - [22/May/2016:17:52:43 +0200] "GET / HTTP/1.1" 200 1325 "-" "Mozilla/5.0 (X11; Linux x86_64) AppleWebKit/537.36 (KHTML, like Gecko) Ubuntu Chromium/50.0.2661.102 Chrome/50.0.2661.102 Safari/537.36"
88.189.56.136 - - [22/May/2016:17:52:43 +0200] "GET /index.jpg HTTP/1.1" 200 107362 "http://beta.capfi.fr/" "Mozilla/5.0 (X11; Linux x86_64) AppleWebKit/537.36 (KHTML, like Gecko) Ubuntu Chromium/50.0.2661.102 Chrome/50.0.2661.102 Safari/537.36"
88.189.56.136 - - [22/May/2016:17:52:44 +0200] "GET /favicon.ico HTTP/1.1" 404 504 "http://beta.capfi.fr/" "Mozilla/5.0 (X11; Linux x86_64) AppleWebKit/537.36 (KHTML, like Gecko) Ubuntu Chromium/50.0.2661.102 Chrome/50.0.2661.102 Safari/537.36"
91.143.20.102 - - [22/May/2016:18:57:06 +0200] "GET / HTTP/1.1" 200 2888 "-" "curl/7.17.1 (mips-unknown-linux-gnu) libcurl/7.17.1 OpenSSL/0.9.8i zlib/1.2.3"
::1 - - [22/May/2016:19:11:32 +0200] "OPTIONS * HTTP/1.0" 200 126 "-" "Apache/2.4.10 (Debian) OpenSSL/1.0.1k (internal dummy connection)"
::1 - - [22/May/2016:19:14:14 +0200] "OPTIONS * HTTP/1.0" 200 126 "-" "Apache/2.4.10 (Debian) OpenSSL/1.0.1k (internal dummy connection)"
88.189.56.136 - - [22/May/2016:19:15:25 +0200] "GET / HTTP/1.1" 200 1325 "-" "Mozilla/5.0 (X11; Linux x86_64) AppleWebKit/537.36 (KHTML, like Gecko) Ubuntu Chromium/50.0.2661.102 Chrome/50.0.2661.102 Safari/537.36"
88.189.56.136 - - [22/May/2016:19:15:25 +0200] "GET /index.jpg HTTP/1.1" 200 107362 "http://www.capfi.co.uk/" "Mozilla/5.0 (X11; Linux x86_64) AppleWebKit/537.36 (KHTML, like Gecko) Ubuntu Chromium/50.0.2661.102 Chrome/50.0.2661.102 Safari/537.36"
88.189.56.136 - - [22/May/2016:19:15:25 +0200] "GET /favicon.ico HTTP/1.1" 404 506 "http://www.capfi.co.uk/" "Mozilla/5.0 (X11; Linux x86_64) AppleWebKit/537.36 (KHTML, like Gecko) Ubuntu Chromium/50.0.2661.102 Chrome/50.0.2661.102 Safari/537.36"
88.189.56.136 - - [22/May/2016:19:15:27 +0200] "GET / HTTP/1.1" 200 1324 "-" "Mozilla/5.0 (X11; Linux x86_64) AppleWebKit/537.36 (KHTML, like Gecko) Ubuntu Chromium/50.0.2661.102 Chrome/50.0.2661.102 Safari/537.36"
88.189.56.136 - - [22/May/2016:19:15:27 +0200] "GET /index.jpg HTTP/1.1" 304 182 "http://www.capfi.co.uk/" "Mozilla/5.0 (X11; Linux x86_64) AppleWebKit/537.36 (KHTML, like Gecko) Ubuntu Chromium/50.0.2661.102 Chrome/50.0.2661.102 Safari/537.36"
88.189.56.136 - - [22/May/2016:19:37:34 +0200] "-" 408 0 "-" "-"
::1 - - [22/May/2016:19:39:56 +0200] "OPTIONS * HTTP/1.0" 200 126 "-" "Apache/2.4.10 (Debian) OpenSSL/1.0.1k (internal dummy connection)"
::1 - - [22/May/2016:19:40:12 +0200] "OPTIONS * HTTP/1.0" 200 126 "-" "Apache/2.4.10 (Debian) OpenSSL/1.0.1k (internal dummy connection)"
88.189.56.136 - - [22/May/2016:19:43:54 +0200] "GET / HTTP/1.1" 200 1325 "-" "Mozilla/5.0 (X11; Linux x86_64) AppleWebKit/537.36 (KHTML, like Gecko) Ubuntu Chromium/50.0.2661.102 Chrome/50.0.2661.102 Safari/537.36"
88.189.56.136 - - [22/May/2016:19:43:54 +0200] "GET /index.jpg HTTP/1.1" 304 182 "http://vps282257.ovh.net/" "Mozilla/5.0 (X11; Linux x86_64) AppleWebKit/537.36 (KHTML, like Gecko) Ubuntu Chromium/50.0.2661.102 Chrome/50.0.2661.102 Safari/537.36"
88.189.56.136 - - [22/May/2016:19:52:49 +0200] "-" 408 0 "-" "-"
88.189.56.136 - - [22/May/2016:19:52:49 +0200] "-" 408 0 "-" "-"
88.189.56.136 - - [22/May/2016:19:52:49 +0200] "-" 408 0 "-" "-"
88.189.56.136 - - [22/May/2016:19:52:49 +0200] "-" 408 0 "-" "-"
88.189.56.136 - - [22/May/2016:19:52:49 +0200] "-" 408 0 "-" "-"
194.28.112.52 - - [22/May/2016:20:00:05 +0200] "GET / HTTP/1.1" 200 1269 "-" "Mozilla/5.0 (Windows NT 5.1; rv:9.0.1) Gecko/20100101 Firefox/9.0.1"
194.28.112.52 - - [22/May/2016:20:00:05 +0200] "GET /HNAP1/ HTTP/1.1" 404 445 "http://91.134.143.237/" "Mozilla/5.0 (Windows NT 5.1; rv:9.0.1) Gecko/20100101 Firefox/9.0.1"
88.189.56.136 - - [22/May/2016:22:09:26 +0200] "GET / HTTP/1.1" 200 1325 "-" "Mozilla/5.0 (X11; Linux x86_64) AppleWebKit/537.36 (KHTML, like Gecko) Ubuntu Chromium/50.0.2661.102 Chrome/50.0.2661.102 Safari/537.36"
167.114.241.197 - - [22/May/2016:22:23:43 +0200] "GET /robots.txt HTTP/1.1" 404 448 "-" "Go-http-client/1.1"
167.114.241.197 - - [22/May/2016:22:23:43 +0200] "GET / HTTP/1.1" 200 1269 "-" "Go-http-client/1.1"
91.143.20.102 - - [22/May/2016:22:48:38 +0200] "GET / HTTP/1.1" 200 2888 "-" "curl/7.17.1 (mips-unknown-linux-gnu) libcurl/7.17.1 OpenSSL/0.9.8i zlib/1.2.3"
91.143.25.27 - - [22/May/2016:23:49:42 +0200] "GET / HTTP/1.1" 200 2832 "-" "curl/7.17.1 (mips-unknown-linux-gnu) libcurl/7.17.1 OpenSSL/0.9.8i zlib/1.2.3"
91.143.20.102 - - [23/May/2016:01:03:22 +0200] "GET / HTTP/1.1" 200 2888 "-" "curl/7.17.1 (mips-unknown-linux-gnu) libcurl/7.17.1 OpenSSL/0.9.8i zlib/1.2.3"
91.143.20.102 - - [23/May/2016:01:03:22 +0200] "GET / HTTP/1.1" 200 2887 "-" "curl/7.17.1 (mips-unknown-linux-gnu) libcurl/7.17.1 OpenSSL/0.9.8i zlib/1.2.3"
91.143.20.102 - - [23/May/2016:01:45:56 +0200] "GET / HTTP/1.1" 200 2888 "-" "curl/7.17.1 (mips-unknown-linux-gnu) libcurl/7.17.1 OpenSSL/0.9.8i zlib/1.2.3"
91.143.20.102 - - [23/May/2016:02:07:53 +0200] "GET / HTTP/1.1" 200 2888 "-" "curl/7.17.1 (mips-unknown-linux-gnu) libcurl/7.17.1 OpenSSL/0.9.8i zlib/1.2.3"
91.143.20.102 - - [23/May/2016:02:43:46 +0200] "GET / HTTP/1.1" 200 2888 "-" "curl/7.17.1 (mips-unknown-linux-gnu) libcurl/7.17.1 OpenSSL/0.9.8i zlib/1.2.3"
91.143.20.102 - - [23/May/2016:03:20:11 +0200] "GET / HTTP/1.1" 200 2888 "-" "curl/7.17.1 (mips-unknown-linux-gnu) libcurl/7.17.1 OpenSSL/0.9.8i zlib/1.2.3"
91.143.20.102 - - [23/May/2016:04:29:10 +0200] "GET / HTTP/1.1" 200 2888 "-" "curl/7.17.1 (mips-unknown-linux-gnu) libcurl/7.17.1 OpenSSL/0.9.8i zlib/1.2.3"
93.26.228.100 - - [23/May/2016:05:46:18 +0200] "GET / HTTP/1.1" 200 1325 "-" "Mozilla/5.0 (Macintosh; Intel Mac OS X 10_11_3) AppleWebKit/537.36 (KHTML, like Gecko) Chrome/50.0.2661.102 Safari/537.36"
93.26.228.100 - - [23/May/2016:05:46:18 +0200] "GET /index.jpg HTTP/1.1" 200 107362 "http://beta.capfi.fr/" "Mozilla/5.0 (Macintosh; Intel Mac OS X 10_11_3) AppleWebKit/537.36 (KHTML, like Gecko) Chrome/50.0.2661.102 Safari/537.36"
93.26.228.100 - - [23/May/2016:05:46:18 +0200] "GET /favicon.ico HTTP/1.1" 404 504 "http://beta.capfi.fr/" "Mozilla/5.0 (Macintosh; Intel Mac OS X 10_11_3) AppleWebKit/537.36 (KHTML, like Gecko) Chrome/50.0.2661.102 Safari/537.36"
